Flow report for mod60
Tue May 28 20:46:34 2024
Quartus II Version 9.1 Build 350 03/24/2010 Service Pack 2 SJ Web Edition


---------------------
; Table of Contents ;
---------------------
  1. Legal Notice
  2. Flow Summary
  3. Flow Settings
  4. Flow Non-Default Global Settings
  5. Flow Elapsed Time
  6. Flow OS Summary
  7. Flow Log



----------------
; Legal Notice ;
----------------
Copyright (C) 1991-2010 Altera Corporation
Your use of Altera Corporation's design tools, logic functions 
and other software and tools, and its AMPP partner logic 
functions, and any output files from any of the foregoing 
(including device programming or simulation files), and any 
associated documentation or information are expressly subject 
to the terms and conditions of the Altera Program License 
Subscription Agreement, Altera MegaCore Function License 
Agreement, or other applicable license agreement, including, 
without limitation, that your use is for the sole purpose of 
programming logic devices manufactured by Altera and sold by 
Altera or its authorized distributors.  Please refer to the 
applicable agreement for further details.



+-----------------------------------------------------------------------------------+
; Flow Summary                                                                      ;
+------------------------------------+----------------------------------------------+
; Flow Status                        ; Successful - Tue May 28 20:46:28 2024        ;
; Quartus II Version                 ; 9.1 Build 350 03/24/2010 SP 2 SJ Web Edition ;
; Revision Name                      ; mod60                                        ;
; Top-level Entity Name              ; mod60                                        ;
; Family                             ; Cyclone III                                  ;
; Met timing requirements            ; N/A                                          ;
; Total logic elements               ; 9 / 5,136 ( < 1 % )                          ;
;     Total combinational functions  ; 9 / 5,136 ( < 1 % )                          ;
;     Dedicated logic registers      ; 7 / 5,136 ( < 1 % )                          ;
; Total registers                    ; 7                                            ;
; Total pins                         ; 9 / 183 ( 5 % )                              ;
; Total virtual pins                 ; 0                                            ;
; Total memory bits                  ; 0 / 423,936 ( 0 % )                          ;
; Embedded Multiplier 9-bit elements ; 0 / 46 ( 0 % )                               ;
; Total PLLs                         ; 0 / 2 ( 0 % )                                ;
; Device                             ; EP3C5F256C6                                  ;
; Timing Models                      ; Final                                        ;
+------------------------------------+----------------------------------------------+


+-----------------------------------------+
; Flow Settings                           ;
+-------------------+---------------------+
; Option            ; Setting             ;
+-------------------+---------------------+
; Start date & time ; 05/28/2024 20:46:22 ;
; Main task         ; Compilation         ;
; Revision Name     ; mod60               ;
+-------------------+---------------------+


+-----------------------------------------------------------------------------------------------------------------------------+
; Flow Non-Default Global Settings                                                                                            ;
+------------------------------------+-----------------------------------------+---------------+-------------+----------------+
; Assignment Name                    ; Value                                   ; Default Value ; Entity Name ; Section Id     ;
+------------------------------------+-----------------------------------------+---------------+-------------+----------------+
; COMPILER_SIGNATURE_ID              ; 158527622227313.171690038212268         ; --            ; --          ; --             ;
; MISC_FILE                          ; C:/Users/lenovo/Desktop/mod60/mod60.dpf ; --            ; --          ; --             ;
; PARTITION_COLOR                    ; 16764057                                ; --            ; --          ; Top            ;
; PARTITION_NETLIST_TYPE             ; SOURCE                                  ; --            ; --          ; Top            ;
; USE_GENERATED_PHYSICAL_CONSTRAINTS ; Off                                     ; --            ; --          ; eda_blast_fpga ;
+------------------------------------+-----------------------------------------+---------------+-------------+----------------+


+-------------------------------------------------------------------------------------------------------------------------------+
; Flow Elapsed Time                                                                                                             ;
+---------------------------+--------------+-------------------------+---------------------+------------------------------------+
; Module Name               ; Elapsed Time ; Average Processors Used ; Peak Virtual Memory ; Total CPU Time (on all processors) ;
+---------------------------+--------------+-------------------------+---------------------+------------------------------------+
; Analysis & Synthesis      ; 00:00:01     ; 1.0                     ; 250 MB              ; 00:00:01                           ;
; Fitter                    ; 00:00:02     ; 1.0                     ; 310 MB              ; 00:00:02                           ;
; TimeQuest Timing Analyzer ; 00:00:02     ; 1.0                     ; 275 MB              ; 00:00:01                           ;
; Assembler                 ; 00:00:01     ; 1.0                     ; 244 MB              ; 00:00:01                           ;
; TimeQuest Timing Analyzer ; 00:00:02     ; 1.0                     ; 262 MB              ; 00:00:01                           ;
; Total                     ; 00:00:07     ; --                      ; --                  ; 00:00:05                           ;
+---------------------------+--------------+-------------------------+---------------------+------------------------------------+


+--------------------------------------------------------------------------------------------+
; Flow OS Summary                                                                            ;
+---------------------------+------------------+---------------+------------+----------------+
; Module Name               ; Machine Hostname ; OS Name       ; OS Version ; Processor type ;
+---------------------------+------------------+---------------+------------+----------------+
; Analysis & Synthesis      ; LAPTOP-85MKH18U  ; Windows Vista ; 6.2        ; x86_64         ;
; Fitter                    ; LAPTOP-85MKH18U  ; Windows Vista ; 6.2        ; x86_64         ;
; Assembler                 ; LAPTOP-85MKH18U  ; Windows Vista ; 6.2        ; x86_64         ;
; TimeQuest Timing Analyzer ; LAPTOP-85MKH18U  ; Windows Vista ; 6.2        ; x86_64         ;
; TimeQuest Timing Analyzer ; LAPTOP-85MKH18U  ; Windows Vista ; 6.2        ; x86_64         ;
+---------------------------+------------------+---------------+------------+----------------+


------------
; Flow Log ;
------------
quartus_map --read_settings_files=on --write_settings_files=off mod60 -c mod60
quartus_fit --read_settings_files=off --write_settings_files=off mod60 -c mod60
quartus_asm --read_settings_files=off --write_settings_files=off mod60 -c mod60
quartus_sta mod60 -c mod60
quartus_sta mod60 -c mod60



