Simulator report for mo60tongbu
Tue May 28 20:36:28 2024
Quartus II Version 9.1 Build 350 03/24/2010 Service Pack 2 SJ Web Edition


---------------------
; Table of Contents ;
---------------------
  1. Legal Notice
  2. Simulator Summary
  3. Simulator Settings
  4. Simulation Waveforms
  5. Coverage Summary
  6. Complete 1/0-Value Coverage
  7. Missing 1-Value Coverage
  8. Missing 0-Value Coverage
  9. Simulator INI Usage
 10. Simulator Messages



----------------
; Legal Notice ;
----------------
Copyright (C) 1991-2010 Altera Corporation
Your use of Altera Corporation's design tools, logic functions 
and other software and tools, and its AMPP partner logic 
functions, and any output files from any of the foregoing 
(including device programming or simulation files), and any 
associated documentation or information are expressly subject 
to the terms and conditions of the Altera Program License 
Subscription Agreement, Altera MegaCore Function License 
Agreement, or other applicable license agreement, including, 
without limitation, that your use is for the sole purpose of 
programming logic devices manufactured by Altera and sold by 
Altera or its authorized distributors.  Please refer to the 
applicable agreement for further details.



+--------------------------------------------+
; Simulator Summary                          ;
+-----------------------------+--------------+
; Type                        ; Value        ;
+-----------------------------+--------------+
; Simulation Start Time       ; 0 ps         ;
; Simulation End Time         ; 1.0 us       ;
; Simulation Netlist Size     ; 206 nodes    ;
; Simulation Coverage         ;      91.71 % ;
; Total Number of Transitions ; 6690         ;
; Simulation Breakpoints      ; 0            ;
; Family                      ; Cyclone III  ;
; Device                      ; EP3C5E144C8  ;
+-----------------------------+--------------+


+-------------------------------------------------------------------------------------------------------------------------------+
; Simulator Settings                                                                                                            ;
+--------------------------------------------------------------------------------------------+------------------+---------------+
; Option                                                                                     ; Setting          ; Default Value ;
+--------------------------------------------------------------------------------------------+------------------+---------------+
; Simulation mode                                                                            ; Timing           ; Timing        ;
; Start time                                                                                 ; 0 ns             ; 0 ns          ;
; Simulation results format                                                                  ; CVWF             ;               ;
; Vector input source                                                                        ; jiaotongdeng.vwf ;               ;
; Add pins automatically to simulation output waveforms                                      ; On               ; On            ;
; Check outputs                                                                              ; Off              ; Off           ;
; Report simulation coverage                                                                 ; On               ; On            ;
; Display complete 1/0 value coverage report                                                 ; On               ; On            ;
; Display missing 1-value coverage report                                                    ; On               ; On            ;
; Display missing 0-value coverage report                                                    ; On               ; On            ;
; Detect setup and hold time violations                                                      ; Off              ; Off           ;
; Detect glitches                                                                            ; Off              ; Off           ;
; Disable timing delays in Timing Simulation                                                 ; Off              ; Off           ;
; Generate Signal Activity File                                                              ; Off              ; Off           ;
; Generate VCD File for PowerPlay Power Analyzer                                             ; Off              ; Off           ;
; Group bus channels in simulation results                                                   ; Off              ; Off           ;
; Preserve fewer signal transitions to reduce memory requirements                            ; On               ; On            ;
; Trigger vector comparison with the specified mode                                          ; INPUT_EDGE       ; INPUT_EDGE    ;
; Disable setup and hold time violations detection in input registers of bi-directional pins ; Off              ; Off           ;
; Overwrite Waveform Inputs With Simulation Outputs                                          ; On               ;               ;
; Perform Glitch Filtering in Timing Simulation                                              ; Auto             ; Auto          ;
; Interconnect Delay Model Type                                                              ; Transport        ; Transport     ;
; Cell Delay Model Type                                                                      ; Transport        ; Transport     ;
+--------------------------------------------------------------------------------------------+------------------+---------------+


+----------------------+
; Simulation Waveforms ;
+----------------------+
Waveform report data cannot be output to ASCII.
Please use Quartus II to view the waveform report data.


+--------------------------------------------------------------------+
; Coverage Summary                                                   ;
+-----------------------------------------------------+--------------+
; Type                                                ; Value        ;
+-----------------------------------------------------+--------------+
; Total coverage as a percentage                      ;      91.71 % ;
; Total nodes checked                                 ; 206          ;
; Total output ports checked                          ; 205          ;
; Total output ports with complete 1/0-value coverage ; 188          ;
; Total output ports with no 1/0-value coverage       ; 14           ;
; Total output ports with no 1-value coverage         ; 14           ;
; Total output ports with no 0-value coverage         ; 17           ;
+-----------------------------------------------------+--------------+


The following table displays output ports that toggle between 1 and 0 during simulation.
+----------------------------------------------------------------------------------------------------------------------------------------------------------------------------------------------------------------------------------------+
; Complete 1/0-Value Coverage                                                                                                                                                                                                            ;
+----------------------------------------------------------------------------------------------------------+----------------------------------------------------------------------------------------------------------+------------------+
; Node Name                                                                                                ; Output Port Name                                                                                         ; Output Port Type ;
+----------------------------------------------------------------------------------------------------------+----------------------------------------------------------------------------------------------------------+------------------+
; |jiaotongdeng|eastwest:inst|leidao60:inst5|mo60tongbu:inst|mo10tongbu:inst|74161:inst|f74161:sub|9       ; |jiaotongdeng|eastwest:inst|leidao60:inst5|mo60tongbu:inst|mo10tongbu:inst|74161:inst|f74161:sub|9       ; q                ;
; |jiaotongdeng|eastwest:inst|mo4control:inst4|74161:inst|f74161:sub|87                                    ; |jiaotongdeng|eastwest:inst|mo4control:inst4|74161:inst|f74161:sub|87                                    ; q                ;
; |jiaotongdeng|eastwest:inst|daomo10:inst2|mo10tongbu:inst|74161:inst|f74161:sub|9                        ; |jiaotongdeng|eastwest:inst|daomo10:inst2|mo10tongbu:inst|74161:inst|f74161:sub|9                        ; q                ;
; |jiaotongdeng|eastwest:inst|mo4control:inst4|74161:inst|f74161:sub|9                                     ; |jiaotongdeng|eastwest:inst|mo4control:inst4|74161:inst|f74161:sub|9                                     ; q                ;
; |jiaotongdeng|eastwest:inst|daomo60:inst|mo60tongbu:inst|mo10tongbu:inst|74161:inst|f74161:sub|9         ; |jiaotongdeng|eastwest:inst|daomo60:inst|mo60tongbu:inst|mo10tongbu:inst|74161:inst|f74161:sub|9         ; q                ;
; |jiaotongdeng|eastwest:inst|74153:inst16|9~0                                                             ; |jiaotongdeng|eastwest:inst|74153:inst16|9~0                                                             ; combout          ;
; |jiaotongdeng|eastwest:inst|74153:inst16|9~1                                                             ; |jiaotongdeng|eastwest:inst|74153:inst16|9~1                                                             ; combout          ;
; |jiaotongdeng|eastwest:inst|daomo10:inst2|mo10tongbu:inst|74161:inst|f74161:sub|87                       ; |jiaotongdeng|eastwest:inst|daomo10:inst2|mo10tongbu:inst|74161:inst|f74161:sub|87                       ; q                ;
; |jiaotongdeng|eastwest:inst|leidao60:inst5|mo60tongbu:inst|mo10tongbu:inst|74161:inst|f74161:sub|87      ; |jiaotongdeng|eastwest:inst|leidao60:inst5|mo60tongbu:inst|mo10tongbu:inst|74161:inst|f74161:sub|87      ; q                ;
; |jiaotongdeng|eastwest:inst|daomo60:inst|mo60tongbu:inst|mo10tongbu:inst|74161:inst|f74161:sub|87        ; |jiaotongdeng|eastwest:inst|daomo60:inst|mo60tongbu:inst|mo10tongbu:inst|74161:inst|f74161:sub|87        ; q                ;
; |jiaotongdeng|eastwest:inst|74153:inst16|10~0                                                            ; |jiaotongdeng|eastwest:inst|74153:inst16|10~0                                                            ; combout          ;
; |jiaotongdeng|eastwest:inst|74153:inst16|10~1                                                            ; |jiaotongdeng|eastwest:inst|74153:inst16|10~1                                                            ; combout          ;
; |jiaotongdeng|eastwest:inst|leidao60:inst5|mo60tongbu:inst|mo10tongbu:inst|74161:inst|f74161:sub|99      ; |jiaotongdeng|eastwest:inst|leidao60:inst5|mo60tongbu:inst|mo10tongbu:inst|74161:inst|f74161:sub|99      ; q                ;
; |jiaotongdeng|eastwest:inst|74153:inst18|9~0                                                             ; |jiaotongdeng|eastwest:inst|74153:inst18|9~0                                                             ; combout          ;
; |jiaotongdeng|eastwest:inst|daomo10:inst2|mo10tongbu:inst|74161:inst|f74161:sub|99                       ; |jiaotongdeng|eastwest:inst|daomo10:inst2|mo10tongbu:inst|74161:inst|f74161:sub|99                       ; q                ;
; |jiaotongdeng|eastwest:inst|daomo60:inst|mo60tongbu:inst|mo10tongbu:inst|74161:inst|f74161:sub|99        ; |jiaotongdeng|eastwest:inst|daomo60:inst|mo60tongbu:inst|mo10tongbu:inst|74161:inst|f74161:sub|99        ; q                ;
; |jiaotongdeng|eastwest:inst|74153:inst18|9~1                                                             ; |jiaotongdeng|eastwest:inst|74153:inst18|9~1                                                             ; combout          ;
; |jiaotongdeng|eastwest:inst|74153:inst18|9~2                                                             ; |jiaotongdeng|eastwest:inst|74153:inst18|9~2                                                             ; combout          ;
; |jiaotongdeng|eastwest:inst|74153:inst18|9~3                                                             ; |jiaotongdeng|eastwest:inst|74153:inst18|9~3                                                             ; combout          ;
; |jiaotongdeng|eastwest:inst|daomo60:inst|mo60tongbu:inst|mo10tongbu:inst|74161:inst|f74161:sub|110       ; |jiaotongdeng|eastwest:inst|daomo60:inst|mo60tongbu:inst|mo10tongbu:inst|74161:inst|f74161:sub|110       ; q                ;
; |jiaotongdeng|eastwest:inst|74153:inst18|10~0                                                            ; |jiaotongdeng|eastwest:inst|74153:inst18|10~0                                                            ; combout          ;
; |jiaotongdeng|eastwest:inst|daomo10:inst2|mo10tongbu:inst|74161:inst|f74161:sub|110                      ; |jiaotongdeng|eastwest:inst|daomo10:inst2|mo10tongbu:inst|74161:inst|f74161:sub|110                      ; q                ;
; |jiaotongdeng|eastwest:inst|74153:inst18|10~1                                                            ; |jiaotongdeng|eastwest:inst|74153:inst18|10~1                                                            ; combout          ;
; |jiaotongdeng|eastwest:inst|74153:inst18|10~2                                                            ; |jiaotongdeng|eastwest:inst|74153:inst18|10~2                                                            ; combout          ;
; |jiaotongdeng|eastwest:inst|leidao60:inst5|mo60tongbu:inst|mo10tongbu:inst|74161:inst|f74161:sub|110     ; |jiaotongdeng|eastwest:inst|leidao60:inst5|mo60tongbu:inst|mo10tongbu:inst|74161:inst|f74161:sub|110     ; q                ;
; |jiaotongdeng|eastwest:inst|74153:inst18|10~3                                                            ; |jiaotongdeng|eastwest:inst|74153:inst18|10~3                                                            ; combout          ;
; |jiaotongdeng|eastwest:inst|74153:inst18|10~4                                                            ; |jiaotongdeng|eastwest:inst|74153:inst18|10~4                                                            ; combout          ;
; |jiaotongdeng|eastwest:inst|74153:inst18|10~5                                                            ; |jiaotongdeng|eastwest:inst|74153:inst18|10~5                                                            ; combout          ;
; |jiaotongdeng|eastwest:inst|leidao60:inst5|mo60tongbu:inst|mo6tongbu:inst14|74161:inst|f74161:sub|9      ; |jiaotongdeng|eastwest:inst|leidao60:inst5|mo60tongbu:inst|mo6tongbu:inst14|74161:inst|f74161:sub|9      ; q                ;
; |jiaotongdeng|eastwest:inst|daomo60:inst|mo60tongbu:inst|mo6tongbu:inst14|74161:inst|f74161:sub|9        ; |jiaotongdeng|eastwest:inst|daomo60:inst|mo60tongbu:inst|mo6tongbu:inst14|74161:inst|f74161:sub|9        ; q                ;
; |jiaotongdeng|eastwest:inst|74153:inst19|9~0                                                             ; |jiaotongdeng|eastwest:inst|74153:inst19|9~0                                                             ; combout          ;
; |jiaotongdeng|eastwest:inst|leidao60:inst5|mo60tongbu:inst|mo6tongbu:inst14|74161:inst|f74161:sub|87     ; |jiaotongdeng|eastwest:inst|leidao60:inst5|mo60tongbu:inst|mo6tongbu:inst14|74161:inst|f74161:sub|87     ; q                ;
; |jiaotongdeng|eastwest:inst|74153:inst19|10~2                                                            ; |jiaotongdeng|eastwest:inst|74153:inst19|10~2                                                            ; combout          ;
; |jiaotongdeng|eastwest:inst|daomo60:inst|mo60tongbu:inst|mo6tongbu:inst14|74161:inst|f74161:sub|87       ; |jiaotongdeng|eastwest:inst|daomo60:inst|mo60tongbu:inst|mo6tongbu:inst14|74161:inst|f74161:sub|87       ; q                ;
; |jiaotongdeng|eastwest:inst|74153:inst19|10~3                                                            ; |jiaotongdeng|eastwest:inst|74153:inst19|10~3                                                            ; combout          ;
; |jiaotongdeng|eastwest:inst|leidao60:inst5|mo60tongbu:inst|mo6tongbu:inst14|74161:inst|f74161:sub|99     ; |jiaotongdeng|eastwest:inst|leidao60:inst5|mo60tongbu:inst|mo6tongbu:inst14|74161:inst|f74161:sub|99     ; q                ;
; |jiaotongdeng|eastwest:inst|74153:inst26|9~0                                                             ; |jiaotongdeng|eastwest:inst|74153:inst26|9~0                                                             ; combout          ;
; |jiaotongdeng|eastwest:inst|daomo60:inst|mo60tongbu:inst|mo6tongbu:inst14|74161:inst|f74161:sub|99       ; |jiaotongdeng|eastwest:inst|daomo60:inst|mo60tongbu:inst|mo6tongbu:inst14|74161:inst|f74161:sub|99       ; q                ;
; |jiaotongdeng|eastwest:inst|74153:inst26|9~1                                                             ; |jiaotongdeng|eastwest:inst|74153:inst26|9~1                                                             ; combout          ;
; |jiaotongdeng|eastwest:inst|74153:inst26|9~2                                                             ; |jiaotongdeng|eastwest:inst|74153:inst26|9~2                                                             ; combout          ;
; |jiaotongdeng|southnorth:inst1|daomo60:inst|mo60tongbu:inst|mo10tongbu:inst|74161:inst|f74161:sub|9      ; |jiaotongdeng|southnorth:inst1|daomo60:inst|mo60tongbu:inst|mo10tongbu:inst|74161:inst|f74161:sub|9      ; q                ;
; |jiaotongdeng|southnorth:inst1|daomo10:inst3|mo10tongbu:inst|74161:inst|f74161:sub|9                     ; |jiaotongdeng|southnorth:inst1|daomo10:inst3|mo10tongbu:inst|74161:inst|f74161:sub|9                     ; q                ;
; |jiaotongdeng|southnorth:inst1|mo4control:inst4|74161:inst|f74161:sub|9                                  ; |jiaotongdeng|southnorth:inst1|mo4control:inst4|74161:inst|f74161:sub|9                                  ; q                ;
; |jiaotongdeng|southnorth:inst1|leidao60:inst5|mo60tongbu:inst|mo10tongbu:inst|74161:inst|f74161:sub|9    ; |jiaotongdeng|southnorth:inst1|leidao60:inst5|mo60tongbu:inst|mo10tongbu:inst|74161:inst|f74161:sub|9    ; q                ;
; |jiaotongdeng|southnorth:inst1|74153:inst16|9~0                                                          ; |jiaotongdeng|southnorth:inst1|74153:inst16|9~0                                                          ; combout          ;
; |jiaotongdeng|southnorth:inst1|74153:inst16|9~1                                                          ; |jiaotongdeng|southnorth:inst1|74153:inst16|9~1                                                          ; combout          ;
; |jiaotongdeng|southnorth:inst1|daomo60:inst|mo60tongbu:inst|mo10tongbu:inst|74161:inst|f74161:sub|87     ; |jiaotongdeng|southnorth:inst1|daomo60:inst|mo60tongbu:inst|mo10tongbu:inst|74161:inst|f74161:sub|87     ; q                ;
; |jiaotongdeng|southnorth:inst1|daomo10:inst3|mo10tongbu:inst|74161:inst|f74161:sub|87                    ; |jiaotongdeng|southnorth:inst1|daomo10:inst3|mo10tongbu:inst|74161:inst|f74161:sub|87                    ; q                ;
; |jiaotongdeng|southnorth:inst1|leidao60:inst5|mo60tongbu:inst|mo10tongbu:inst|74161:inst|f74161:sub|87   ; |jiaotongdeng|southnorth:inst1|leidao60:inst5|mo60tongbu:inst|mo10tongbu:inst|74161:inst|f74161:sub|87   ; q                ;
; |jiaotongdeng|southnorth:inst1|74153:inst16|10~0                                                         ; |jiaotongdeng|southnorth:inst1|74153:inst16|10~0                                                         ; combout          ;
; |jiaotongdeng|southnorth:inst1|74153:inst16|10~1                                                         ; |jiaotongdeng|southnorth:inst1|74153:inst16|10~1                                                         ; combout          ;
; |jiaotongdeng|southnorth:inst1|daomo10:inst3|mo10tongbu:inst|74161:inst|f74161:sub|99                    ; |jiaotongdeng|southnorth:inst1|daomo10:inst3|mo10tongbu:inst|74161:inst|f74161:sub|99                    ; q                ;
; |jiaotongdeng|southnorth:inst1|74153:inst18|9~0                                                          ; |jiaotongdeng|southnorth:inst1|74153:inst18|9~0                                                          ; combout          ;
; |jiaotongdeng|southnorth:inst1|daomo60:inst|mo60tongbu:inst|mo10tongbu:inst|74161:inst|f74161:sub|99     ; |jiaotongdeng|southnorth:inst1|daomo60:inst|mo60tongbu:inst|mo10tongbu:inst|74161:inst|f74161:sub|99     ; q                ;
; |jiaotongdeng|southnorth:inst1|leidao60:inst5|mo60tongbu:inst|mo10tongbu:inst|74161:inst|f74161:sub|99   ; |jiaotongdeng|southnorth:inst1|leidao60:inst5|mo60tongbu:inst|mo10tongbu:inst|74161:inst|f74161:sub|99   ; q                ;
; |jiaotongdeng|southnorth:inst1|74153:inst18|9~1                                                          ; |jiaotongdeng|southnorth:inst1|74153:inst18|9~1                                                          ; combout          ;
; |jiaotongdeng|southnorth:inst1|74153:inst18|9~2                                                          ; |jiaotongdeng|southnorth:inst1|74153:inst18|9~2                                                          ; combout          ;
; |jiaotongdeng|southnorth:inst1|74153:inst18|9~3                                                          ; |jiaotongdeng|southnorth:inst1|74153:inst18|9~3                                                          ; combout          ;
; |jiaotongdeng|southnorth:inst1|daomo60:inst|mo60tongbu:inst|mo10tongbu:inst|74161:inst|f74161:sub|110    ; |jiaotongdeng|southnorth:inst1|daomo60:inst|mo60tongbu:inst|mo10tongbu:inst|74161:inst|f74161:sub|110    ; q                ;
; |jiaotongdeng|southnorth:inst1|74153:inst18|10~0                                                         ; |jiaotongdeng|southnorth:inst1|74153:inst18|10~0                                                         ; combout          ;
; |jiaotongdeng|southnorth:inst1|leidao60:inst5|mo60tongbu:inst|mo10tongbu:inst|74161:inst|f74161:sub|110  ; |jiaotongdeng|southnorth:inst1|leidao60:inst5|mo60tongbu:inst|mo10tongbu:inst|74161:inst|f74161:sub|110  ; q                ;
; |jiaotongdeng|southnorth:inst1|74153:inst18|10~1                                                         ; |jiaotongdeng|southnorth:inst1|74153:inst18|10~1                                                         ; combout          ;
; |jiaotongdeng|southnorth:inst1|74153:inst18|10~2                                                         ; |jiaotongdeng|southnorth:inst1|74153:inst18|10~2                                                         ; combout          ;
; |jiaotongdeng|southnorth:inst1|74153:inst18|10~3                                                         ; |jiaotongdeng|southnorth:inst1|74153:inst18|10~3                                                         ; combout          ;
; |jiaotongdeng|southnorth:inst1|daomo10:inst3|mo10tongbu:inst|74161:inst|f74161:sub|110                   ; |jiaotongdeng|southnorth:inst1|daomo10:inst3|mo10tongbu:inst|74161:inst|f74161:sub|110                   ; q                ;
; |jiaotongdeng|southnorth:inst1|74153:inst18|10~4                                                         ; |jiaotongdeng|southnorth:inst1|74153:inst18|10~4                                                         ; combout          ;
; |jiaotongdeng|southnorth:inst1|74153:inst18|10~5                                                         ; |jiaotongdeng|southnorth:inst1|74153:inst18|10~5                                                         ; combout          ;
; |jiaotongdeng|southnorth:inst1|leidao60:inst5|mo60tongbu:inst|mo6tongbu:inst14|74161:inst|f74161:sub|9   ; |jiaotongdeng|southnorth:inst1|leidao60:inst5|mo60tongbu:inst|mo6tongbu:inst14|74161:inst|f74161:sub|9   ; q                ;
; |jiaotongdeng|southnorth:inst1|daomo60:inst|mo60tongbu:inst|mo6tongbu:inst14|74161:inst|f74161:sub|9     ; |jiaotongdeng|southnorth:inst1|daomo60:inst|mo60tongbu:inst|mo6tongbu:inst14|74161:inst|f74161:sub|9     ; q                ;
; |jiaotongdeng|southnorth:inst1|74153:inst19|9~0                                                          ; |jiaotongdeng|southnorth:inst1|74153:inst19|9~0                                                          ; combout          ;
; |jiaotongdeng|southnorth:inst1|leidao60:inst5|mo60tongbu:inst|mo6tongbu:inst14|74161:inst|f74161:sub|87  ; |jiaotongdeng|southnorth:inst1|leidao60:inst5|mo60tongbu:inst|mo6tongbu:inst14|74161:inst|f74161:sub|87  ; q                ;
; |jiaotongdeng|southnorth:inst1|74153:inst19|10~2                                                         ; |jiaotongdeng|southnorth:inst1|74153:inst19|10~2                                                         ; combout          ;
; |jiaotongdeng|southnorth:inst1|daomo60:inst|mo60tongbu:inst|mo6tongbu:inst14|74161:inst|f74161:sub|87    ; |jiaotongdeng|southnorth:inst1|daomo60:inst|mo60tongbu:inst|mo6tongbu:inst14|74161:inst|f74161:sub|87    ; q                ;
; |jiaotongdeng|southnorth:inst1|74153:inst19|10~3                                                         ; |jiaotongdeng|southnorth:inst1|74153:inst19|10~3                                                         ; combout          ;
; |jiaotongdeng|southnorth:inst1|leidao60:inst5|mo60tongbu:inst|mo6tongbu:inst14|74161:inst|f74161:sub|99  ; |jiaotongdeng|southnorth:inst1|leidao60:inst5|mo60tongbu:inst|mo6tongbu:inst14|74161:inst|f74161:sub|99  ; q                ;
; |jiaotongdeng|southnorth:inst1|74153:inst26|9~0                                                          ; |jiaotongdeng|southnorth:inst1|74153:inst26|9~0                                                          ; combout          ;
; |jiaotongdeng|southnorth:inst1|daomo60:inst|mo60tongbu:inst|mo6tongbu:inst14|74161:inst|f74161:sub|99    ; |jiaotongdeng|southnorth:inst1|daomo60:inst|mo60tongbu:inst|mo6tongbu:inst14|74161:inst|f74161:sub|99    ; q                ;
; |jiaotongdeng|southnorth:inst1|74153:inst26|9~1                                                          ; |jiaotongdeng|southnorth:inst1|74153:inst26|9~1                                                          ; combout          ;
; |jiaotongdeng|southnorth:inst1|74153:inst26|9~2                                                          ; |jiaotongdeng|southnorth:inst1|74153:inst26|9~2                                                          ; combout          ;
; |jiaotongdeng|eastwest:inst|7408:inst11|4~0                                                              ; |jiaotongdeng|eastwest:inst|7408:inst11|4~0                                                              ; combout          ;
; |jiaotongdeng|southnorth:inst1|7408:inst11|4~0                                                           ; |jiaotongdeng|southnorth:inst1|7408:inst11|4~0                                                           ; combout          ;
; |jiaotongdeng|eastwest:inst|leidao60:inst5|mo60tongbu:inst|mo10tongbu:inst|74161:inst|f74161:sub|77      ; |jiaotongdeng|eastwest:inst|leidao60:inst5|mo60tongbu:inst|mo10tongbu:inst|74161:inst|f74161:sub|77      ; combout          ;
; |jiaotongdeng|eastwest:inst|daomo60:inst|mo60tongbu:inst|mo6tongbu:inst14|7420:inst2|6                   ; |jiaotongdeng|eastwest:inst|daomo60:inst|mo60tongbu:inst|mo6tongbu:inst14|7420:inst2|6                   ; combout          ;
; |jiaotongdeng|eastwest:inst|7432:inst9|4~0                                                               ; |jiaotongdeng|eastwest:inst|7432:inst9|4~0                                                               ; combout          ;
; |jiaotongdeng|eastwest:inst|leidao60:inst5|mo60tongbu:inst|mo10tongbu:inst|7400:inst3|4~0                ; |jiaotongdeng|eastwest:inst|leidao60:inst5|mo60tongbu:inst|mo10tongbu:inst|7400:inst3|4~0                ; combout          ;
; |jiaotongdeng|eastwest:inst|7432:inst9|4~1                                                               ; |jiaotongdeng|eastwest:inst|7432:inst9|4~1                                                               ; combout          ;
; |jiaotongdeng|eastwest:inst|mo4control:inst4|74161:inst|f74161:sub|86                                    ; |jiaotongdeng|eastwest:inst|mo4control:inst4|74161:inst|f74161:sub|86                                    ; combout          ;
; |jiaotongdeng|eastwest:inst|daomo10:inst2|mo10tongbu:inst|74161:inst|f74161:sub|77                       ; |jiaotongdeng|eastwest:inst|daomo10:inst2|mo10tongbu:inst|74161:inst|f74161:sub|77                       ; combout          ;
; |jiaotongdeng|eastwest:inst|7408:inst11|4~1                                                              ; |jiaotongdeng|eastwest:inst|7408:inst11|4~1                                                              ; combout          ;
; |jiaotongdeng|eastwest:inst|daomo60:inst|mo60tongbu:inst|mo10tongbu:inst|74161:inst|f74161:sub|77        ; |jiaotongdeng|eastwest:inst|daomo60:inst|mo60tongbu:inst|mo10tongbu:inst|74161:inst|f74161:sub|77        ; combout          ;
; |jiaotongdeng|eastwest:inst|daomo10:inst3|mo10tongbu:inst|74161:inst|f74161:sub|77                       ; |jiaotongdeng|eastwest:inst|daomo10:inst3|mo10tongbu:inst|74161:inst|f74161:sub|77                       ; combout          ;
; |jiaotongdeng|eastwest:inst|daomo10:inst2|mo10tongbu:inst|74161:inst|f74161:sub|86~0                     ; |jiaotongdeng|eastwest:inst|daomo10:inst2|mo10tongbu:inst|74161:inst|f74161:sub|86~0                     ; combout          ;
; |jiaotongdeng|eastwest:inst|leidao60:inst5|mo60tongbu:inst|mo10tongbu:inst|74161:inst|f74161:sub|90      ; |jiaotongdeng|eastwest:inst|leidao60:inst5|mo60tongbu:inst|mo10tongbu:inst|74161:inst|f74161:sub|90      ; combout          ;
; |jiaotongdeng|eastwest:inst|daomo60:inst|mo60tongbu:inst|mo10tongbu:inst|7400:inst3|4~0                  ; |jiaotongdeng|eastwest:inst|daomo60:inst|mo60tongbu:inst|mo10tongbu:inst|7400:inst3|4~0                  ; combout          ;
; |jiaotongdeng|eastwest:inst|leidao60:inst5|mo60tongbu:inst|mo10tongbu:inst|74161:inst|f74161:sub|96~0    ; |jiaotongdeng|eastwest:inst|leidao60:inst5|mo60tongbu:inst|mo10tongbu:inst|74161:inst|f74161:sub|96~0    ; combout          ;
; |jiaotongdeng|eastwest:inst|daomo10:inst2|mo10tongbu:inst|74161:inst|f74161:sub|96~0                     ; |jiaotongdeng|eastwest:inst|daomo10:inst2|mo10tongbu:inst|74161:inst|f74161:sub|96~0                     ; combout          ;
; |jiaotongdeng|eastwest:inst|daomo10:inst2|mo10tongbu:inst|74161:inst|f74161:sub|98~0                     ; |jiaotongdeng|eastwest:inst|daomo10:inst2|mo10tongbu:inst|74161:inst|f74161:sub|98~0                     ; combout          ;
; |jiaotongdeng|eastwest:inst|daomo60:inst|mo60tongbu:inst|mo10tongbu:inst|74161:inst|f74161:sub|96~0      ; |jiaotongdeng|eastwest:inst|daomo60:inst|mo60tongbu:inst|mo10tongbu:inst|74161:inst|f74161:sub|96~0      ; combout          ;
; |jiaotongdeng|eastwest:inst|daomo10:inst2|mo10tongbu:inst|74161:inst|f74161:sub|108                      ; |jiaotongdeng|eastwest:inst|daomo10:inst2|mo10tongbu:inst|74161:inst|f74161:sub|108                      ; combout          ;
; |jiaotongdeng|eastwest:inst|leidao60:inst5|mo60tongbu:inst|mo6tongbu:inst14|74161:inst|f74161:sub|9~0    ; |jiaotongdeng|eastwest:inst|leidao60:inst5|mo60tongbu:inst|mo6tongbu:inst14|74161:inst|f74161:sub|9~0    ; combout          ;
; |jiaotongdeng|eastwest:inst|daomo60:inst|mo60tongbu:inst|mo6tongbu:inst14|74161:inst|f74161:sub|9~0      ; |jiaotongdeng|eastwest:inst|daomo60:inst|mo60tongbu:inst|mo6tongbu:inst14|74161:inst|f74161:sub|9~0      ; combout          ;
; |jiaotongdeng|eastwest:inst|leidao60:inst5|mo60tongbu:inst|mo6tongbu:inst14|74161:inst|f74161:sub|86     ; |jiaotongdeng|eastwest:inst|leidao60:inst5|mo60tongbu:inst|mo6tongbu:inst14|74161:inst|f74161:sub|86     ; combout          ;
; |jiaotongdeng|eastwest:inst|daomo60:inst|mo60tongbu:inst|mo6tongbu:inst14|74161:inst|f74161:sub|86       ; |jiaotongdeng|eastwest:inst|daomo60:inst|mo60tongbu:inst|mo6tongbu:inst14|74161:inst|f74161:sub|86       ; combout          ;
; |jiaotongdeng|eastwest:inst|leidao60:inst5|mo60tongbu:inst|mo6tongbu:inst14|74161:inst|f74161:sub|98     ; |jiaotongdeng|eastwest:inst|leidao60:inst5|mo60tongbu:inst|mo6tongbu:inst14|74161:inst|f74161:sub|98     ; combout          ;
; |jiaotongdeng|eastwest:inst|daomo60:inst|mo60tongbu:inst|mo6tongbu:inst14|74161:inst|f74161:sub|98       ; |jiaotongdeng|eastwest:inst|daomo60:inst|mo60tongbu:inst|mo6tongbu:inst14|74161:inst|f74161:sub|98       ; combout          ;
; |jiaotongdeng|southnorth:inst1|daomo60:inst|mo60tongbu:inst|mo10tongbu:inst|74161:inst|f74161:sub|77     ; |jiaotongdeng|southnorth:inst1|daomo60:inst|mo60tongbu:inst|mo10tongbu:inst|74161:inst|f74161:sub|77     ; combout          ;
; |jiaotongdeng|southnorth:inst1|daomo60:inst|mo60tongbu:inst|mo6tongbu:inst14|7420:inst2|6                ; |jiaotongdeng|southnorth:inst1|daomo60:inst|mo60tongbu:inst|mo6tongbu:inst14|7420:inst2|6                ; combout          ;
; |jiaotongdeng|southnorth:inst1|7432:inst9|4~0                                                            ; |jiaotongdeng|southnorth:inst1|7432:inst9|4~0                                                            ; combout          ;
; |jiaotongdeng|southnorth:inst1|leidao60:inst5|mo60tongbu:inst|mo10tongbu:inst|7400:inst3|4~0             ; |jiaotongdeng|southnorth:inst1|leidao60:inst5|mo60tongbu:inst|mo10tongbu:inst|7400:inst3|4~0             ; combout          ;
; |jiaotongdeng|southnorth:inst1|7432:inst9|4~1                                                            ; |jiaotongdeng|southnorth:inst1|7432:inst9|4~1                                                            ; combout          ;
; |jiaotongdeng|southnorth:inst1|mo4control:inst4|74161:inst|f74161:sub|86~0                               ; |jiaotongdeng|southnorth:inst1|mo4control:inst4|74161:inst|f74161:sub|86~0                               ; combout          ;
; |jiaotongdeng|southnorth:inst1|daomo10:inst3|mo10tongbu:inst|74161:inst|f74161:sub|77                    ; |jiaotongdeng|southnorth:inst1|daomo10:inst3|mo10tongbu:inst|74161:inst|f74161:sub|77                    ; combout          ;
; |jiaotongdeng|southnorth:inst1|leidao60:inst5|mo60tongbu:inst|mo10tongbu:inst|74161:inst|f74161:sub|77   ; |jiaotongdeng|southnorth:inst1|leidao60:inst5|mo60tongbu:inst|mo10tongbu:inst|74161:inst|f74161:sub|77   ; combout          ;
; |jiaotongdeng|southnorth:inst1|daomo60:inst|mo60tongbu:inst|mo10tongbu:inst|7400:inst3|4~0               ; |jiaotongdeng|southnorth:inst1|daomo60:inst|mo60tongbu:inst|mo10tongbu:inst|7400:inst3|4~0               ; combout          ;
; |jiaotongdeng|southnorth:inst1|daomo10:inst3|mo10tongbu:inst|74161:inst|f74161:sub|90                    ; |jiaotongdeng|southnorth:inst1|daomo10:inst3|mo10tongbu:inst|74161:inst|f74161:sub|90                    ; combout          ;
; |jiaotongdeng|southnorth:inst1|daomo10:inst3|mo10tongbu:inst|74161:inst|f74161:sub|86~0                  ; |jiaotongdeng|southnorth:inst1|daomo10:inst3|mo10tongbu:inst|74161:inst|f74161:sub|86~0                  ; combout          ;
; |jiaotongdeng|southnorth:inst1|leidao60:inst5|mo60tongbu:inst|mo10tongbu:inst|74161:inst|f74161:sub|90   ; |jiaotongdeng|southnorth:inst1|leidao60:inst5|mo60tongbu:inst|mo10tongbu:inst|74161:inst|f74161:sub|90   ; combout          ;
; |jiaotongdeng|southnorth:inst1|daomo10:inst3|mo10tongbu:inst|74161:inst|f74161:sub|96~0                  ; |jiaotongdeng|southnorth:inst1|daomo10:inst3|mo10tongbu:inst|74161:inst|f74161:sub|96~0                  ; combout          ;
; |jiaotongdeng|southnorth:inst1|daomo10:inst3|mo10tongbu:inst|74161:inst|f74161:sub|98~0                  ; |jiaotongdeng|southnorth:inst1|daomo10:inst3|mo10tongbu:inst|74161:inst|f74161:sub|98~0                  ; combout          ;
; |jiaotongdeng|southnorth:inst1|daomo60:inst|mo60tongbu:inst|mo10tongbu:inst|74161:inst|f74161:sub|96~0   ; |jiaotongdeng|southnorth:inst1|daomo60:inst|mo60tongbu:inst|mo10tongbu:inst|74161:inst|f74161:sub|96~0   ; combout          ;
; |jiaotongdeng|southnorth:inst1|leidao60:inst5|mo60tongbu:inst|mo10tongbu:inst|74161:inst|f74161:sub|96~0 ; |jiaotongdeng|southnorth:inst1|leidao60:inst5|mo60tongbu:inst|mo10tongbu:inst|74161:inst|f74161:sub|96~0 ; combout          ;
; |jiaotongdeng|southnorth:inst1|daomo10:inst3|mo10tongbu:inst|74161:inst|f74161:sub|108                   ; |jiaotongdeng|southnorth:inst1|daomo10:inst3|mo10tongbu:inst|74161:inst|f74161:sub|108                   ; combout          ;
; |jiaotongdeng|southnorth:inst1|leidao60:inst5|mo60tongbu:inst|mo6tongbu:inst14|74161:inst|f74161:sub|9~0 ; |jiaotongdeng|southnorth:inst1|leidao60:inst5|mo60tongbu:inst|mo6tongbu:inst14|74161:inst|f74161:sub|9~0 ; combout          ;
; |jiaotongdeng|southnorth:inst1|daomo60:inst|mo60tongbu:inst|mo6tongbu:inst14|74161:inst|f74161:sub|9~0   ; |jiaotongdeng|southnorth:inst1|daomo60:inst|mo60tongbu:inst|mo6tongbu:inst14|74161:inst|f74161:sub|9~0   ; combout          ;
; |jiaotongdeng|southnorth:inst1|leidao60:inst5|mo60tongbu:inst|mo6tongbu:inst14|74161:inst|f74161:sub|86  ; |jiaotongdeng|southnorth:inst1|leidao60:inst5|mo60tongbu:inst|mo6tongbu:inst14|74161:inst|f74161:sub|86  ; combout          ;
; |jiaotongdeng|southnorth:inst1|daomo60:inst|mo60tongbu:inst|mo6tongbu:inst14|74161:inst|f74161:sub|86    ; |jiaotongdeng|southnorth:inst1|daomo60:inst|mo60tongbu:inst|mo6tongbu:inst14|74161:inst|f74161:sub|86    ; combout          ;
; |jiaotongdeng|southnorth:inst1|leidao60:inst5|mo60tongbu:inst|mo6tongbu:inst14|74161:inst|f74161:sub|98  ; |jiaotongdeng|southnorth:inst1|leidao60:inst5|mo60tongbu:inst|mo6tongbu:inst14|74161:inst|f74161:sub|98  ; combout          ;
; |jiaotongdeng|southnorth:inst1|daomo60:inst|mo60tongbu:inst|mo6tongbu:inst14|74161:inst|f74161:sub|98    ; |jiaotongdeng|southnorth:inst1|daomo60:inst|mo60tongbu:inst|mo6tongbu:inst14|74161:inst|f74161:sub|98    ; combout          ;
; |jiaotongdeng|eastwest:inst|74153:inst19|10~4                                                            ; |jiaotongdeng|eastwest:inst|74153:inst19|10~4                                                            ; combout          ;
; |jiaotongdeng|southnorth:inst1|74153:inst19|10~4                                                         ; |jiaotongdeng|southnorth:inst1|74153:inst19|10~4                                                         ; combout          ;
; |jiaotongdeng|eastwest:inst|mo4control:inst4|74161:inst|f74161:sub|77                                    ; |jiaotongdeng|eastwest:inst|mo4control:inst4|74161:inst|f74161:sub|77                                    ; combout          ;
; |jiaotongdeng|eastwest:inst|leidao60:inst5|mo60tongbu:inst|mo10tongbu:inst|74161:inst|f74161:sub|86      ; |jiaotongdeng|eastwest:inst|leidao60:inst5|mo60tongbu:inst|mo10tongbu:inst|74161:inst|f74161:sub|86      ; combout          ;
; |jiaotongdeng|eastwest:inst|daomo60:inst|mo60tongbu:inst|mo10tongbu:inst|74161:inst|f74161:sub|86        ; |jiaotongdeng|eastwest:inst|daomo60:inst|mo60tongbu:inst|mo10tongbu:inst|74161:inst|f74161:sub|86        ; combout          ;
; |jiaotongdeng|eastwest:inst|leidao60:inst5|mo60tongbu:inst|mo10tongbu:inst|74161:inst|f74161:sub|98      ; |jiaotongdeng|eastwest:inst|leidao60:inst5|mo60tongbu:inst|mo10tongbu:inst|74161:inst|f74161:sub|98      ; combout          ;
; |jiaotongdeng|eastwest:inst|daomo60:inst|mo60tongbu:inst|mo10tongbu:inst|74161:inst|f74161:sub|98        ; |jiaotongdeng|eastwest:inst|daomo60:inst|mo60tongbu:inst|mo10tongbu:inst|74161:inst|f74161:sub|98        ; combout          ;
; |jiaotongdeng|eastwest:inst|daomo60:inst|mo60tongbu:inst|mo10tongbu:inst|74161:inst|f74161:sub|108       ; |jiaotongdeng|eastwest:inst|daomo60:inst|mo60tongbu:inst|mo10tongbu:inst|74161:inst|f74161:sub|108       ; combout          ;
; |jiaotongdeng|eastwest:inst|leidao60:inst5|mo60tongbu:inst|mo10tongbu:inst|74161:inst|f74161:sub|108     ; |jiaotongdeng|eastwest:inst|leidao60:inst5|mo60tongbu:inst|mo10tongbu:inst|74161:inst|f74161:sub|108     ; combout          ;
; |jiaotongdeng|southnorth:inst1|mo4control:inst4|74161:inst|f74161:sub|77                                 ; |jiaotongdeng|southnorth:inst1|mo4control:inst4|74161:inst|f74161:sub|77                                 ; combout          ;
; |jiaotongdeng|southnorth:inst1|daomo60:inst|mo60tongbu:inst|mo10tongbu:inst|74161:inst|f74161:sub|86     ; |jiaotongdeng|southnorth:inst1|daomo60:inst|mo60tongbu:inst|mo10tongbu:inst|74161:inst|f74161:sub|86     ; combout          ;
; |jiaotongdeng|southnorth:inst1|leidao60:inst5|mo60tongbu:inst|mo10tongbu:inst|74161:inst|f74161:sub|86   ; |jiaotongdeng|southnorth:inst1|leidao60:inst5|mo60tongbu:inst|mo10tongbu:inst|74161:inst|f74161:sub|86   ; combout          ;
; |jiaotongdeng|southnorth:inst1|daomo60:inst|mo60tongbu:inst|mo10tongbu:inst|74161:inst|f74161:sub|98     ; |jiaotongdeng|southnorth:inst1|daomo60:inst|mo60tongbu:inst|mo10tongbu:inst|74161:inst|f74161:sub|98     ; combout          ;
; |jiaotongdeng|southnorth:inst1|leidao60:inst5|mo60tongbu:inst|mo10tongbu:inst|74161:inst|f74161:sub|98   ; |jiaotongdeng|southnorth:inst1|leidao60:inst5|mo60tongbu:inst|mo10tongbu:inst|74161:inst|f74161:sub|98   ; combout          ;
; |jiaotongdeng|southnorth:inst1|daomo60:inst|mo60tongbu:inst|mo10tongbu:inst|74161:inst|f74161:sub|108    ; |jiaotongdeng|southnorth:inst1|daomo60:inst|mo60tongbu:inst|mo10tongbu:inst|74161:inst|f74161:sub|108    ; combout          ;
; |jiaotongdeng|southnorth:inst1|leidao60:inst5|mo60tongbu:inst|mo10tongbu:inst|74161:inst|f74161:sub|108  ; |jiaotongdeng|southnorth:inst1|leidao60:inst5|mo60tongbu:inst|mo10tongbu:inst|74161:inst|f74161:sub|108  ; combout          ;
; |jiaotongdeng|southnorth:inst1|mo4control:inst4|74161:inst|f74161:sub|9~_wirecell                        ; |jiaotongdeng|southnorth:inst1|mo4control:inst4|74161:inst|f74161:sub|9~_wirecell                        ; combout          ;
; |jiaotongdeng|ew1~output                                                                                 ; |jiaotongdeng|ew1~output                                                                                 ; o                ;
; |jiaotongdeng|ew1                                                                                        ; |jiaotongdeng|ew1                                                                                        ; padout           ;
; |jiaotongdeng|ew2~output                                                                                 ; |jiaotongdeng|ew2~output                                                                                 ; o                ;
; |jiaotongdeng|ew2                                                                                        ; |jiaotongdeng|ew2                                                                                        ; padout           ;
; |jiaotongdeng|ew3~output                                                                                 ; |jiaotongdeng|ew3~output                                                                                 ; o                ;
; |jiaotongdeng|ew3                                                                                        ; |jiaotongdeng|ew3                                                                                        ; padout           ;
; |jiaotongdeng|ew4~output                                                                                 ; |jiaotongdeng|ew4~output                                                                                 ; o                ;
; |jiaotongdeng|ew4                                                                                        ; |jiaotongdeng|ew4                                                                                        ; padout           ;
; |jiaotongdeng|ew5~output                                                                                 ; |jiaotongdeng|ew5~output                                                                                 ; o                ;
; |jiaotongdeng|ew5                                                                                        ; |jiaotongdeng|ew5                                                                                        ; padout           ;
; |jiaotongdeng|ew6~output                                                                                 ; |jiaotongdeng|ew6~output                                                                                 ; o                ;
; |jiaotongdeng|ew6                                                                                        ; |jiaotongdeng|ew6                                                                                        ; padout           ;
; |jiaotongdeng|ew7~output                                                                                 ; |jiaotongdeng|ew7~output                                                                                 ; o                ;
; |jiaotongdeng|ew7                                                                                        ; |jiaotongdeng|ew7                                                                                        ; padout           ;
; |jiaotongdeng|sn1~output                                                                                 ; |jiaotongdeng|sn1~output                                                                                 ; o                ;
; |jiaotongdeng|sn1                                                                                        ; |jiaotongdeng|sn1                                                                                        ; padout           ;
; |jiaotongdeng|sn2~output                                                                                 ; |jiaotongdeng|sn2~output                                                                                 ; o                ;
; |jiaotongdeng|sn2                                                                                        ; |jiaotongdeng|sn2                                                                                        ; padout           ;
; |jiaotongdeng|sn3~output                                                                                 ; |jiaotongdeng|sn3~output                                                                                 ; o                ;
; |jiaotongdeng|sn3                                                                                        ; |jiaotongdeng|sn3                                                                                        ; padout           ;
; |jiaotongdeng|sn4~output                                                                                 ; |jiaotongdeng|sn4~output                                                                                 ; o                ;
; |jiaotongdeng|sn4                                                                                        ; |jiaotongdeng|sn4                                                                                        ; padout           ;
; |jiaotongdeng|sn5~output                                                                                 ; |jiaotongdeng|sn5~output                                                                                 ; o                ;
; |jiaotongdeng|sn5                                                                                        ; |jiaotongdeng|sn5                                                                                        ; padout           ;
; |jiaotongdeng|sn6~output                                                                                 ; |jiaotongdeng|sn6~output                                                                                 ; o                ;
; |jiaotongdeng|sn6                                                                                        ; |jiaotongdeng|sn6                                                                                        ; padout           ;
; |jiaotongdeng|sn7~output                                                                                 ; |jiaotongdeng|sn7~output                                                                                 ; o                ;
; |jiaotongdeng|sn7                                                                                        ; |jiaotongdeng|sn7                                                                                        ; padout           ;
; |jiaotongdeng|ewgreen~output                                                                             ; |jiaotongdeng|ewgreen~output                                                                             ; o                ;
; |jiaotongdeng|ewgreen                                                                                    ; |jiaotongdeng|ewgreen                                                                                    ; padout           ;
; |jiaotongdeng|ewyellow~output                                                                            ; |jiaotongdeng|ewyellow~output                                                                            ; o                ;
; |jiaotongdeng|ewyellow                                                                                   ; |jiaotongdeng|ewyellow                                                                                   ; padout           ;
; |jiaotongdeng|ewred~output                                                                               ; |jiaotongdeng|ewred~output                                                                               ; o                ;
; |jiaotongdeng|ewred                                                                                      ; |jiaotongdeng|ewred                                                                                      ; padout           ;
; |jiaotongdeng|snred~output                                                                               ; |jiaotongdeng|snred~output                                                                               ; o                ;
; |jiaotongdeng|snred                                                                                      ; |jiaotongdeng|snred                                                                                      ; padout           ;
; |jiaotongdeng|snyellow~output                                                                            ; |jiaotongdeng|snyellow~output                                                                            ; o                ;
; |jiaotongdeng|snyellow                                                                                   ; |jiaotongdeng|snyellow                                                                                   ; padout           ;
; |jiaotongdeng|sngreen~output                                                                             ; |jiaotongdeng|sngreen~output                                                                             ; o                ;
; |jiaotongdeng|sngreen                                                                                    ; |jiaotongdeng|sngreen                                                                                    ; padout           ;
; |jiaotongdeng|pin_name~input                                                                             ; |jiaotongdeng|pin_name~input                                                                             ; o                ;
; |jiaotongdeng|pin_name                                                                                   ; |jiaotongdeng|pin_name                                                                                   ; padout           ;
; |jiaotongdeng|pin_name~inputclkctrl                                                                      ; |jiaotongdeng|pin_name~inputclkctrl                                                                      ; outclk           ;
+----------------------------------------------------------------------------------------------------------+----------------------------------------------------------------------------------------------------------+------------------+


The following table displays output ports that do not toggle to 1 during simulation.
+------------------------------------------------------------------------------------------------------------------------------------------------------------------------------------------------------+
; Missing 1-Value Coverage                                                                                                                                                                             ;
+-----------------------------------------------------------------------------------------+-----------------------------------------------------------------------------------------+------------------+
; Node Name                                                                               ; Output Port Name                                                                        ; Output Port Type ;
+-----------------------------------------------------------------------------------------+-----------------------------------------------------------------------------------------+------------------+
; |jiaotongdeng|eastwest:inst|daomo10:inst3|mo10tongbu:inst|74161:inst|f74161:sub|87      ; |jiaotongdeng|eastwest:inst|daomo10:inst3|mo10tongbu:inst|74161:inst|f74161:sub|87      ; q                ;
; |jiaotongdeng|eastwest:inst|daomo10:inst3|mo10tongbu:inst|74161:inst|f74161:sub|99      ; |jiaotongdeng|eastwest:inst|daomo10:inst3|mo10tongbu:inst|74161:inst|f74161:sub|99      ; q                ;
; |jiaotongdeng|eastwest:inst|daomo10:inst3|mo10tongbu:inst|74161:inst|f74161:sub|110     ; |jiaotongdeng|eastwest:inst|daomo10:inst3|mo10tongbu:inst|74161:inst|f74161:sub|110     ; q                ;
; |jiaotongdeng|southnorth:inst1|daomo10:inst2|mo10tongbu:inst|74161:inst|f74161:sub|87   ; |jiaotongdeng|southnorth:inst1|daomo10:inst2|mo10tongbu:inst|74161:inst|f74161:sub|87   ; q                ;
; |jiaotongdeng|southnorth:inst1|daomo10:inst2|mo10tongbu:inst|74161:inst|f74161:sub|99   ; |jiaotongdeng|southnorth:inst1|daomo10:inst2|mo10tongbu:inst|74161:inst|f74161:sub|99   ; q                ;
; |jiaotongdeng|southnorth:inst1|daomo10:inst2|mo10tongbu:inst|74161:inst|f74161:sub|110  ; |jiaotongdeng|southnorth:inst1|daomo10:inst2|mo10tongbu:inst|74161:inst|f74161:sub|110  ; q                ;
; |jiaotongdeng|eastwest:inst|daomo10:inst3|mo10tongbu:inst|74161:inst|f74161:sub|86~0    ; |jiaotongdeng|eastwest:inst|daomo10:inst3|mo10tongbu:inst|74161:inst|f74161:sub|86~0    ; combout          ;
; |jiaotongdeng|eastwest:inst|daomo10:inst3|mo10tongbu:inst|74161:inst|f74161:sub|96~0    ; |jiaotongdeng|eastwest:inst|daomo10:inst3|mo10tongbu:inst|74161:inst|f74161:sub|96~0    ; combout          ;
; |jiaotongdeng|eastwest:inst|daomo10:inst3|mo10tongbu:inst|74161:inst|f74161:sub|98~0    ; |jiaotongdeng|eastwest:inst|daomo10:inst3|mo10tongbu:inst|74161:inst|f74161:sub|98~0    ; combout          ;
; |jiaotongdeng|eastwest:inst|daomo10:inst3|mo10tongbu:inst|74161:inst|f74161:sub|108     ; |jiaotongdeng|eastwest:inst|daomo10:inst3|mo10tongbu:inst|74161:inst|f74161:sub|108     ; combout          ;
; |jiaotongdeng|southnorth:inst1|daomo10:inst2|mo10tongbu:inst|74161:inst|f74161:sub|86~0 ; |jiaotongdeng|southnorth:inst1|daomo10:inst2|mo10tongbu:inst|74161:inst|f74161:sub|86~0 ; combout          ;
; |jiaotongdeng|southnorth:inst1|daomo10:inst2|mo10tongbu:inst|74161:inst|f74161:sub|96~0 ; |jiaotongdeng|southnorth:inst1|daomo10:inst2|mo10tongbu:inst|74161:inst|f74161:sub|96~0 ; combout          ;
; |jiaotongdeng|southnorth:inst1|daomo10:inst2|mo10tongbu:inst|74161:inst|f74161:sub|98~0 ; |jiaotongdeng|southnorth:inst1|daomo10:inst2|mo10tongbu:inst|74161:inst|f74161:sub|98~0 ; combout          ;
; |jiaotongdeng|southnorth:inst1|daomo10:inst2|mo10tongbu:inst|74161:inst|f74161:sub|108  ; |jiaotongdeng|southnorth:inst1|daomo10:inst2|mo10tongbu:inst|74161:inst|f74161:sub|108  ; combout          ;
+-----------------------------------------------------------------------------------------+-----------------------------------------------------------------------------------------+------------------+


The following table displays output ports that do not toggle to 0 during simulation.
+------------------------------------------------------------------------------------------------------------------------------------------------------------------------------------------------------+
; Missing 0-Value Coverage                                                                                                                                                                             ;
+-----------------------------------------------------------------------------------------+-----------------------------------------------------------------------------------------+------------------+
; Node Name                                                                               ; Output Port Name                                                                        ; Output Port Type ;
+-----------------------------------------------------------------------------------------+-----------------------------------------------------------------------------------------+------------------+
; |jiaotongdeng|eastwest:inst|daomo10:inst3|mo10tongbu:inst|74161:inst|f74161:sub|9       ; |jiaotongdeng|eastwest:inst|daomo10:inst3|mo10tongbu:inst|74161:inst|f74161:sub|9       ; q                ;
; |jiaotongdeng|eastwest:inst|daomo10:inst3|mo10tongbu:inst|74161:inst|f74161:sub|87      ; |jiaotongdeng|eastwest:inst|daomo10:inst3|mo10tongbu:inst|74161:inst|f74161:sub|87      ; q                ;
; |jiaotongdeng|eastwest:inst|daomo10:inst3|mo10tongbu:inst|74161:inst|f74161:sub|99      ; |jiaotongdeng|eastwest:inst|daomo10:inst3|mo10tongbu:inst|74161:inst|f74161:sub|99      ; q                ;
; |jiaotongdeng|eastwest:inst|daomo10:inst3|mo10tongbu:inst|74161:inst|f74161:sub|110     ; |jiaotongdeng|eastwest:inst|daomo10:inst3|mo10tongbu:inst|74161:inst|f74161:sub|110     ; q                ;
; |jiaotongdeng|southnorth:inst1|daomo10:inst2|mo10tongbu:inst|74161:inst|f74161:sub|9    ; |jiaotongdeng|southnorth:inst1|daomo10:inst2|mo10tongbu:inst|74161:inst|f74161:sub|9    ; q                ;
; |jiaotongdeng|southnorth:inst1|daomo10:inst2|mo10tongbu:inst|74161:inst|f74161:sub|87   ; |jiaotongdeng|southnorth:inst1|daomo10:inst2|mo10tongbu:inst|74161:inst|f74161:sub|87   ; q                ;
; |jiaotongdeng|southnorth:inst1|daomo10:inst2|mo10tongbu:inst|74161:inst|f74161:sub|99   ; |jiaotongdeng|southnorth:inst1|daomo10:inst2|mo10tongbu:inst|74161:inst|f74161:sub|99   ; q                ;
; |jiaotongdeng|southnorth:inst1|daomo10:inst2|mo10tongbu:inst|74161:inst|f74161:sub|110  ; |jiaotongdeng|southnorth:inst1|daomo10:inst2|mo10tongbu:inst|74161:inst|f74161:sub|110  ; q                ;
; |jiaotongdeng|eastwest:inst|daomo10:inst3|mo10tongbu:inst|74161:inst|f74161:sub|86~0    ; |jiaotongdeng|eastwest:inst|daomo10:inst3|mo10tongbu:inst|74161:inst|f74161:sub|86~0    ; combout          ;
; |jiaotongdeng|eastwest:inst|daomo10:inst3|mo10tongbu:inst|74161:inst|f74161:sub|96~0    ; |jiaotongdeng|eastwest:inst|daomo10:inst3|mo10tongbu:inst|74161:inst|f74161:sub|96~0    ; combout          ;
; |jiaotongdeng|eastwest:inst|daomo10:inst3|mo10tongbu:inst|74161:inst|f74161:sub|98~0    ; |jiaotongdeng|eastwest:inst|daomo10:inst3|mo10tongbu:inst|74161:inst|f74161:sub|98~0    ; combout          ;
; |jiaotongdeng|eastwest:inst|daomo10:inst3|mo10tongbu:inst|74161:inst|f74161:sub|108     ; |jiaotongdeng|eastwest:inst|daomo10:inst3|mo10tongbu:inst|74161:inst|f74161:sub|108     ; combout          ;
; |jiaotongdeng|southnorth:inst1|daomo10:inst2|mo10tongbu:inst|74161:inst|f74161:sub|77   ; |jiaotongdeng|southnorth:inst1|daomo10:inst2|mo10tongbu:inst|74161:inst|f74161:sub|77   ; combout          ;
; |jiaotongdeng|southnorth:inst1|daomo10:inst2|mo10tongbu:inst|74161:inst|f74161:sub|86~0 ; |jiaotongdeng|southnorth:inst1|daomo10:inst2|mo10tongbu:inst|74161:inst|f74161:sub|86~0 ; combout          ;
; |jiaotongdeng|southnorth:inst1|daomo10:inst2|mo10tongbu:inst|74161:inst|f74161:sub|96~0 ; |jiaotongdeng|southnorth:inst1|daomo10:inst2|mo10tongbu:inst|74161:inst|f74161:sub|96~0 ; combout          ;
; |jiaotongdeng|southnorth:inst1|daomo10:inst2|mo10tongbu:inst|74161:inst|f74161:sub|98~0 ; |jiaotongdeng|southnorth:inst1|daomo10:inst2|mo10tongbu:inst|74161:inst|f74161:sub|98~0 ; combout          ;
; |jiaotongdeng|southnorth:inst1|daomo10:inst2|mo10tongbu:inst|74161:inst|f74161:sub|108  ; |jiaotongdeng|southnorth:inst1|daomo10:inst2|mo10tongbu:inst|74161:inst|f74161:sub|108  ; combout          ;
+-----------------------------------------------------------------------------------------+-----------------------------------------------------------------------------------------+------------------+


+---------------------+
; Simulator INI Usage ;
+--------+------------+
; Option ; Usage      ;
+--------+------------+


+--------------------+
; Simulator Messages ;
+--------------------+
Info: *******************************************************************
Info: Running Quartus II Simulator
    Info: Version 9.1 Build 350 03/24/2010 Service Pack 2 SJ Web Edition
    Info: Processing started: Tue May 28 20:36:27 2024
Info: Command: quartus_sim --read_settings_files=on --write_settings_files=off mo60tongbu -c mo60tongbu
Info: Using vector source file "C:/Users/lenovo/Desktop/½»Í¨µÆ/jiaotongdeng.vwf"
Info: Overwriting simulation input file with simulation results
    Info: A backup of jiaotongdeng.vwf called mo60tongbu.sim_ori.vwf has been created in the db folder
Info: Option to preserve fewer signal transitions to reduce memory requirements is enabled
    Info: Simulation has been partitioned into sub-simulations according to the maximum transition count determined by the engine. Transitions from memory will be flushed out to disk at the end of each sub-simulation to reduce memory requirements.
Info: Simulation partitioned into 1 sub-simulations
Info: Simulation coverage is      91.71 %
Info: Number of transitions in simulation is 6690
Info: Vector file jiaotongdeng.vwf is saved in VWF text format. You can compress it into CVWF format in order to reduce file size. For more details please refer to the Quartus II Help.
Info: Quartus II Simulator was successful. 0 errors, 0 warnings
    Info: Peak virtual memory: 182 megabytes
    Info: Processing ended: Tue May 28 20:36:28 2024
    Info: Elapsed time: 00:00:01
    Info: Total CPU time (on all processors): 00:00:01


