Analysis & Synthesis report for mo60tongbu
Tue May 28 20:33:58 2024
Quartus II Version 9.1 Build 350 03/24/2010 Service Pack 2 SJ Web Edition


---------------------
; Table of Contents ;
---------------------
  1. Legal Notice
  2. Analysis & Synthesis Summary
  3. Analysis & Synthesis Settings
  4. Parallel Compilation
  5. Analysis & Synthesis Source Files Read
  6. Analysis & Synthesis Resource Usage Summary
  7. Analysis & Synthesis Resource Utilization by Entity
  8. General Register Statistics
  9. Parameter Settings for User Entity Instance: eastwest:inst|daomo10:inst2|mo10tongbu:inst|74161:inst
 10. Parameter Settings for User Entity Instance: eastwest:inst|mo4control:inst4|74161:inst
 11. Parameter Settings for User Entity Instance: eastwest:inst|daomo60:inst|mo60tongbu:inst|mo10tongbu:inst|74161:inst
 12. Parameter Settings for User Entity Instance: eastwest:inst|daomo60:inst|mo60tongbu:inst|mo6tongbu:inst14|74161:inst
 13. Parameter Settings for User Entity Instance: eastwest:inst|leidao60:inst5|mo60tongbu:inst|mo10tongbu:inst|74161:inst
 14. Parameter Settings for User Entity Instance: eastwest:inst|leidao60:inst5|mo60tongbu:inst|mo6tongbu:inst14|74161:inst
 15. Parameter Settings for User Entity Instance: eastwest:inst|daomo10:inst3|mo10tongbu:inst|74161:inst
 16. Parameter Settings for User Entity Instance: southnorth:inst1|daomo10:inst2|mo10tongbu:inst|74161:inst
 17. Parameter Settings for User Entity Instance: southnorth:inst1|mo4control:inst4|74161:inst
 18. Parameter Settings for User Entity Instance: southnorth:inst1|daomo60:inst|mo60tongbu:inst|mo10tongbu:inst|74161:inst
 19. Parameter Settings for User Entity Instance: southnorth:inst1|daomo60:inst|mo60tongbu:inst|mo6tongbu:inst14|74161:inst
 20. Parameter Settings for User Entity Instance: southnorth:inst1|leidao60:inst5|mo60tongbu:inst|mo10tongbu:inst|74161:inst
 21. Parameter Settings for User Entity Instance: southnorth:inst1|leidao60:inst5|mo60tongbu:inst|mo6tongbu:inst14|74161:inst
 22. Parameter Settings for User Entity Instance: southnorth:inst1|daomo10:inst3|mo10tongbu:inst|74161:inst
 23. Analysis & Synthesis Messages



----------------
; Legal Notice ;
----------------
Copyright (C) 1991-2010 Altera Corporation
Your use of Altera Corporation's design tools, logic functions 
and other software and tools, and its AMPP partner logic 
functions, and any output files from any of the foregoing 
(including device programming or simulation files), and any 
associated documentation or information are expressly subject 
to the terms and conditions of the Altera Program License 
Subscription Agreement, Altera MegaCore Function License 
Agreement, or other applicable license agreement, including, 
without limitation, that your use is for the sole purpose of 
programming logic devices manufactured by Altera and sold by 
Altera or its authorized distributors.  Please refer to the 
applicable agreement for further details.



+-----------------------------------------------------------------------------------+
; Analysis & Synthesis Summary                                                      ;
+------------------------------------+----------------------------------------------+
; Analysis & Synthesis Status        ; Successful - Tue May 28 20:33:58 2024        ;
; Quartus II Version                 ; 9.1 Build 350 03/24/2010 SP 2 SJ Web Edition ;
; Revision Name                      ; mo60tongbu                                   ;
; Top-level Entity Name              ; jiaotongdeng                                 ;
; Family                             ; Cyclone III                                  ;
; Total logic elements               ; 115                                          ;
;     Total combinational functions  ; 115                                          ;
;     Dedicated logic registers      ; 48                                           ;
; Total registers                    ; 48                                           ;
; Total pins                         ; 21                                           ;
; Total virtual pins                 ; 0                                            ;
; Total memory bits                  ; 0                                            ;
; Embedded Multiplier 9-bit elements ; 0                                            ;
; Total PLLs                         ; 0                                            ;
+------------------------------------+----------------------------------------------+


+----------------------------------------------------------------------------------------------------------------------+
; Analysis & Synthesis Settings                                                                                        ;
+----------------------------------------------------------------------------+--------------------+--------------------+
; Option                                                                     ; Setting            ; Default Value      ;
+----------------------------------------------------------------------------+--------------------+--------------------+
; Device                                                                     ; EP3C5E144C8        ;                    ;
; Top-level entity name                                                      ; jiaotongdeng       ; mo60tongbu         ;
; Family name                                                                ; Cyclone III        ; Stratix II         ;
; Use Generated Physical Constraints File                                    ; Off                ;                    ;
; Use smart compilation                                                      ; Off                ; Off                ;
; Enable parallel Assembler and TimeQuest Timing Analyzer during compilation ; On                 ; On                 ;
; Enable compact report table                                                ; Off                ; Off                ;
; Restructure Multiplexers                                                   ; Auto               ; Auto               ;
; Create Debugging Nodes for IP Cores                                        ; Off                ; Off                ;
; Preserve fewer node names                                                  ; On                 ; On                 ;
; Disable OpenCore Plus hardware evaluation                                  ; Off                ; Off                ;
; Verilog Version                                                            ; Verilog_2001       ; Verilog_2001       ;
; VHDL Version                                                               ; VHDL_1993          ; VHDL_1993          ;
; State Machine Processing                                                   ; Auto               ; Auto               ;
; Safe State Machine                                                         ; Off                ; Off                ;
; Extract Verilog State Machines                                             ; On                 ; On                 ;
; Extract VHDL State Machines                                                ; On                 ; On                 ;
; Ignore Verilog initial constructs                                          ; Off                ; Off                ;
; Iteration limit for constant Verilog loops                                 ; 5000               ; 5000               ;
; Iteration limit for non-constant Verilog loops                             ; 250                ; 250                ;
; Add Pass-Through Logic to Inferred RAMs                                    ; On                 ; On                 ;
; Parallel Synthesis                                                         ; On                 ; On                 ;
; DSP Block Balancing                                                        ; Auto               ; Auto               ;
; NOT Gate Push-Back                                                         ; On                 ; On                 ;
; Power-Up Don't Care                                                        ; On                 ; On                 ;
; Remove Redundant Logic Cells                                               ; Off                ; Off                ;
; Remove Duplicate Registers                                                 ; On                 ; On                 ;
; Ignore CARRY Buffers                                                       ; Off                ; Off                ;
; Ignore CASCADE Buffers                                                     ; Off                ; Off                ;
; Ignore GLOBAL Buffers                                                      ; Off                ; Off                ;
; Ignore ROW GLOBAL Buffers                                                  ; Off                ; Off                ;
; Ignore LCELL Buffers                                                       ; Off                ; Off                ;
; Ignore SOFT Buffers                                                        ; On                 ; On                 ;
; Limit AHDL Integers to 32 Bits                                             ; Off                ; Off                ;
; Optimization Technique                                                     ; Balanced           ; Balanced           ;
; Carry Chain Length                                                         ; 70                 ; 70                 ;
; Auto Carry Chains                                                          ; On                 ; On                 ;
; Auto Open-Drain Pins                                                       ; On                 ; On                 ;
; Perform WYSIWYG Primitive Resynthesis                                      ; Off                ; Off                ;
; Auto ROM Replacement                                                       ; On                 ; On                 ;
; Auto RAM Replacement                                                       ; On                 ; On                 ;
; Auto DSP Block Replacement                                                 ; On                 ; On                 ;
; Auto Shift Register Replacement                                            ; Auto               ; Auto               ;
; Auto Clock Enable Replacement                                              ; On                 ; On                 ;
; Strict RAM Replacement                                                     ; Off                ; Off                ;
; Allow Synchronous Control Signals                                          ; On                 ; On                 ;
; Force Use of Synchronous Clear Signals                                     ; Off                ; Off                ;
; Auto RAM Block Balancing                                                   ; On                 ; On                 ;
; Auto RAM to Logic Cell Conversion                                          ; Off                ; Off                ;
; Auto Resource Sharing                                                      ; Off                ; Off                ;
; Allow Any RAM Size For Recognition                                         ; Off                ; Off                ;
; Allow Any ROM Size For Recognition                                         ; Off                ; Off                ;
; Allow Any Shift Register Size For Recognition                              ; Off                ; Off                ;
; Use LogicLock Constraints during Resource Balancing                        ; On                 ; On                 ;
; Ignore translate_off and synthesis_off directives                          ; Off                ; Off                ;
; Timing-Driven Synthesis                                                    ; On                 ; On                 ;
; Show Parameter Settings Tables in Synthesis Report                         ; On                 ; On                 ;
; Ignore Maximum Fan-Out Assignments                                         ; Off                ; Off                ;
; Synchronization Register Chain Length                                      ; 2                  ; 2                  ;
; PowerPlay Power Optimization                                               ; Normal compilation ; Normal compilation ;
; HDL message level                                                          ; Level2             ; Level2             ;
; Suppress Register Optimization Related Messages                            ; Off                ; Off                ;
; Number of Removed Registers Reported in Synthesis Report                   ; 5000               ; 5000               ;
; Number of Inverted Registers Reported in Synthesis Report                  ; 100                ; 100                ;
; Clock MUX Protection                                                       ; On                 ; On                 ;
; Auto Gated Clock Conversion                                                ; Off                ; Off                ;
; Block Design Naming                                                        ; Auto               ; Auto               ;
; SDC constraint protection                                                  ; Off                ; Off                ;
; Synthesis Effort                                                           ; Auto               ; Auto               ;
; Shift Register Replacement - Allow Asynchronous Clear Signal               ; On                 ; On                 ;
; Analysis & Synthesis Message Level                                         ; Medium             ; Medium             ;
; Disable Register Merging Across Hierarchies                                ; Auto               ; Auto               ;
; Resource Aware Inference For Block RAM                                     ; On                 ; On                 ;
+----------------------------------------------------------------------------+--------------------+--------------------+


Parallel compilation was disabled, but you have multiple processors available. Enable parallel compilation to reduce compilation time.
+-------------------------------------+
; Parallel Compilation                ;
+----------------------------+--------+
; Processors                 ; Number ;
+----------------------------+--------+
; Number detected on machine ; 8      ;
; Maximum allowed            ; 1      ;
+----------------------------+--------+


+--------------------------------------------------------------------------------------------------------------------------------------------------------+
; Analysis & Synthesis Source Files Read                                                                                                                 ;
+----------------------------------+-----------------+------------------------------------+--------------------------------------------------------------+
; File Name with User-Entered Path ; Used in Netlist ; File Type                          ; File Name with Absolute Path                                 ;
+----------------------------------+-----------------+------------------------------------+--------------------------------------------------------------+
; mo10tongbu.bdf                   ; yes             ; User Block Diagram/Schematic File  ; C:/Users/lenovo/Desktop/交通灯/mo10tongbu.bdf                ;
; mo6tongbu.bdf                    ; yes             ; User Block Diagram/Schematic File  ; C:/Users/lenovo/Desktop/交通灯/mo6tongbu.bdf                 ;
; mo60tongbu.bdf                   ; yes             ; User Block Diagram/Schematic File  ; C:/Users/lenovo/Desktop/交通灯/mo60tongbu.bdf                ;
; mo4control.bdf                   ; yes             ; User Block Diagram/Schematic File  ; C:/Users/lenovo/Desktop/交通灯/mo4control.bdf                ;
; daomo10.bdf                      ; yes             ; User Block Diagram/Schematic File  ; C:/Users/lenovo/Desktop/交通灯/daomo10.bdf                   ;
; daomo60.bdf                      ; yes             ; User Block Diagram/Schematic File  ; C:/Users/lenovo/Desktop/交通灯/daomo60.bdf                   ;
; leidao60.bdf                     ; yes             ; User Block Diagram/Schematic File  ; C:/Users/lenovo/Desktop/交通灯/leidao60.bdf                  ;
; eastwest.bdf                     ; yes             ; User Block Diagram/Schematic File  ; C:/Users/lenovo/Desktop/交通灯/eastwest.bdf                  ;
; southnorth.bdf                   ; yes             ; User Block Diagram/Schematic File  ; C:/Users/lenovo/Desktop/交通灯/southnorth.bdf                ;
; jiaotongdeng.bdf                 ; yes             ; User Block Diagram/Schematic File  ; C:/Users/lenovo/Desktop/交通灯/jiaotongdeng.bdf              ;
; 74153.bdf                        ; yes             ; Megafunction                       ; c:/altera/91sp2/quartus/libraries/others/maxplus2/74153.bdf  ;
; 74161.tdf                        ; yes             ; Megafunction                       ; c:/altera/91sp2/quartus/libraries/others/maxplus2/74161.tdf  ;
; f74161.bdf                       ; yes             ; Megafunction                       ; c:/altera/91sp2/quartus/libraries/others/maxplus2/f74161.bdf ;
; 7400.bdf                         ; yes             ; Megafunction                       ; c:/altera/91sp2/quartus/libraries/others/maxplus2/7400.bdf   ;
; 7486.bdf                         ; yes             ; Megafunction                       ; c:/altera/91sp2/quartus/libraries/others/maxplus2/7486.bdf   ;
; 7411.bdf                         ; yes             ; Megafunction                       ; c:/altera/91sp2/quartus/libraries/others/maxplus2/7411.bdf   ;
; 7408.bdf                         ; yes             ; Megafunction                       ; c:/altera/91sp2/quartus/libraries/others/maxplus2/7408.bdf   ;
; 7432.bdf                         ; yes             ; Megafunction                       ; c:/altera/91sp2/quartus/libraries/others/maxplus2/7432.bdf   ;
; 7420.bdf                         ; yes             ; Megafunction                       ; c:/altera/91sp2/quartus/libraries/others/maxplus2/7420.bdf   ;
; 7402.bdf                         ; yes             ; Megafunction                       ; c:/altera/91sp2/quartus/libraries/others/maxplus2/7402.bdf   ;
+----------------------------------+-----------------+------------------------------------+--------------------------------------------------------------+


+--------------------------------------------------------------+
; Analysis & Synthesis Resource Usage Summary                  ;
+---------------------------------------------+----------------+
; Resource                                    ; Usage          ;
+---------------------------------------------+----------------+
; Estimated Total logic elements              ; 115            ;
;                                             ;                ;
; Total combinational functions               ; 115            ;
; Logic element usage by number of LUT inputs ;                ;
;     -- 4 input functions                    ; 93             ;
;     -- 3 input functions                    ; 10             ;
;     -- <=2 input functions                  ; 12             ;
;                                             ;                ;
; Logic elements by mode                      ;                ;
;     -- normal mode                          ; 115            ;
;     -- arithmetic mode                      ; 0              ;
;                                             ;                ;
; Total registers                             ; 48             ;
;     -- Dedicated logic registers            ; 48             ;
;     -- I/O registers                        ; 0              ;
;                                             ;                ;
; I/O pins                                    ; 21             ;
; Maximum fan-out node                        ; pin_name~input ;
; Maximum fan-out                             ; 48             ;
; Total fan-out                               ; 564            ;
; Average fan-out                             ; 2.75           ;
+---------------------------------------------+----------------+


+------------------------------------------------------------------------------------------------------------------------------------------------------------------------------------------------------------------------------------------------------------------+
; Analysis & Synthesis Resource Utilization by Entity                                                                                                                                                                                                              ;
+--------------------------------+-------------------+--------------+-------------+--------------+---------+-----------+------+--------------+------------------------------------------------------------------------------------------------------+--------------+
; Compilation Hierarchy Node     ; LC Combinationals ; LC Registers ; Memory Bits ; DSP Elements ; DSP 9x9 ; DSP 18x18 ; Pins ; Virtual Pins ; Full Hierarchy Name                                                                                  ; Library Name ;
+--------------------------------+-------------------+--------------+-------------+--------------+---------+-----------+------+--------------+------------------------------------------------------------------------------------------------------+--------------+
; |jiaotongdeng                  ; 115 (0)           ; 48 (0)       ; 0           ; 0            ; 0       ; 0         ; 21   ; 0            ; |jiaotongdeng                                                                                        ; work         ;
;    |eastwest:inst|             ; 57 (0)            ; 24 (0)       ; 0           ; 0            ; 0       ; 0         ; 0    ; 0            ; |jiaotongdeng|eastwest:inst                                                                          ;              ;
;       |7408:inst11|            ; 2 (2)             ; 0 (0)        ; 0           ; 0            ; 0       ; 0         ; 0    ; 0            ; |jiaotongdeng|eastwest:inst|7408:inst11                                                              ; work         ;
;       |74153:inst16|           ; 4 (4)             ; 0 (0)        ; 0           ; 0            ; 0       ; 0         ; 0    ; 0            ; |jiaotongdeng|eastwest:inst|74153:inst16                                                             ; work         ;
;       |74153:inst18|           ; 10 (10)           ; 0 (0)        ; 0           ; 0            ; 0       ; 0         ; 0    ; 0            ; |jiaotongdeng|eastwest:inst|74153:inst18                                                             ; work         ;
;       |74153:inst19|           ; 4 (4)             ; 0 (0)        ; 0           ; 0            ; 0       ; 0         ; 0    ; 0            ; |jiaotongdeng|eastwest:inst|74153:inst19                                                             ; work         ;
;       |74153:inst26|           ; 3 (3)             ; 0 (0)        ; 0           ; 0            ; 0       ; 0         ; 0    ; 0            ; |jiaotongdeng|eastwest:inst|74153:inst26                                                             ; work         ;
;       |7432:inst9|             ; 2 (2)             ; 0 (0)        ; 0           ; 0            ; 0       ; 0         ; 0    ; 0            ; |jiaotongdeng|eastwest:inst|7432:inst9                                                               ; work         ;
;       |daomo10:inst2|          ; 5 (0)             ; 4 (0)        ; 0           ; 0            ; 0       ; 0         ; 0    ; 0            ; |jiaotongdeng|eastwest:inst|daomo10:inst2                                                            ; work         ;
;          |mo10tongbu:inst|     ; 5 (0)             ; 4 (0)        ; 0           ; 0            ; 0       ; 0         ; 0    ; 0            ; |jiaotongdeng|eastwest:inst|daomo10:inst2|mo10tongbu:inst                                            ; work         ;
;             |74161:inst|       ; 5 (0)             ; 4 (0)        ; 0           ; 0            ; 0       ; 0         ; 0    ; 0            ; |jiaotongdeng|eastwest:inst|daomo10:inst2|mo10tongbu:inst|74161:inst                                 ; work         ;
;                |f74161:sub|    ; 5 (5)             ; 4 (4)        ; 0           ; 0            ; 0       ; 0         ; 0    ; 0            ; |jiaotongdeng|eastwest:inst|daomo10:inst2|mo10tongbu:inst|74161:inst|f74161:sub                      ; work         ;
;       |daomo10:inst3|          ; 5 (0)             ; 4 (0)        ; 0           ; 0            ; 0       ; 0         ; 0    ; 0            ; |jiaotongdeng|eastwest:inst|daomo10:inst3                                                            ; work         ;
;          |mo10tongbu:inst|     ; 5 (0)             ; 4 (0)        ; 0           ; 0            ; 0       ; 0         ; 0    ; 0            ; |jiaotongdeng|eastwest:inst|daomo10:inst3|mo10tongbu:inst                                            ; work         ;
;             |74161:inst|       ; 5 (0)             ; 4 (0)        ; 0           ; 0            ; 0       ; 0         ; 0    ; 0            ; |jiaotongdeng|eastwest:inst|daomo10:inst3|mo10tongbu:inst|74161:inst                                 ; work         ;
;                |f74161:sub|    ; 5 (5)             ; 4 (4)        ; 0           ; 0            ; 0       ; 0         ; 0    ; 0            ; |jiaotongdeng|eastwest:inst|daomo10:inst3|mo10tongbu:inst|74161:inst|f74161:sub                      ; work         ;
;       |daomo60:inst|           ; 10 (0)            ; 7 (0)        ; 0           ; 0            ; 0       ; 0         ; 0    ; 0            ; |jiaotongdeng|eastwest:inst|daomo60:inst                                                             ; work         ;
;          |mo60tongbu:inst|     ; 10 (0)            ; 7 (0)        ; 0           ; 0            ; 0       ; 0         ; 0    ; 0            ; |jiaotongdeng|eastwest:inst|daomo60:inst|mo60tongbu:inst                                             ; work         ;
;             |mo10tongbu:inst|  ; 6 (0)             ; 4 (0)        ; 0           ; 0            ; 0       ; 0         ; 0    ; 0            ; |jiaotongdeng|eastwest:inst|daomo60:inst|mo60tongbu:inst|mo10tongbu:inst                             ; work         ;
;                |7400:inst3|    ; 1 (1)             ; 0 (0)        ; 0           ; 0            ; 0       ; 0         ; 0    ; 0            ; |jiaotongdeng|eastwest:inst|daomo60:inst|mo60tongbu:inst|mo10tongbu:inst|7400:inst3                  ; work         ;
;                |74161:inst|    ; 5 (0)             ; 4 (0)        ; 0           ; 0            ; 0       ; 0         ; 0    ; 0            ; |jiaotongdeng|eastwest:inst|daomo60:inst|mo60tongbu:inst|mo10tongbu:inst|74161:inst                  ; work         ;
;                   |f74161:sub| ; 5 (5)             ; 4 (4)        ; 0           ; 0            ; 0       ; 0         ; 0    ; 0            ; |jiaotongdeng|eastwest:inst|daomo60:inst|mo60tongbu:inst|mo10tongbu:inst|74161:inst|f74161:sub       ; work         ;
;             |mo6tongbu:inst14| ; 4 (0)             ; 3 (0)        ; 0           ; 0            ; 0       ; 0         ; 0    ; 0            ; |jiaotongdeng|eastwest:inst|daomo60:inst|mo60tongbu:inst|mo6tongbu:inst14                            ; work         ;
;                |74161:inst|    ; 3 (0)             ; 3 (0)        ; 0           ; 0            ; 0       ; 0         ; 0    ; 0            ; |jiaotongdeng|eastwest:inst|daomo60:inst|mo60tongbu:inst|mo6tongbu:inst14|74161:inst                 ; work         ;
;                   |f74161:sub| ; 3 (3)             ; 3 (3)        ; 0           ; 0            ; 0       ; 0         ; 0    ; 0            ; |jiaotongdeng|eastwest:inst|daomo60:inst|mo60tongbu:inst|mo6tongbu:inst14|74161:inst|f74161:sub      ; work         ;
;                |7420:inst2|    ; 1 (1)             ; 0 (0)        ; 0           ; 0            ; 0       ; 0         ; 0    ; 0            ; |jiaotongdeng|eastwest:inst|daomo60:inst|mo60tongbu:inst|mo6tongbu:inst14|7420:inst2                 ; work         ;
;       |leidao60:inst5|         ; 10 (0)            ; 7 (0)        ; 0           ; 0            ; 0       ; 0         ; 0    ; 0            ; |jiaotongdeng|eastwest:inst|leidao60:inst5                                                           ; work         ;
;          |mo60tongbu:inst|     ; 10 (0)            ; 7 (0)        ; 0           ; 0            ; 0       ; 0         ; 0    ; 0            ; |jiaotongdeng|eastwest:inst|leidao60:inst5|mo60tongbu:inst                                           ; work         ;
;             |mo10tongbu:inst|  ; 7 (0)             ; 4 (0)        ; 0           ; 0            ; 0       ; 0         ; 0    ; 0            ; |jiaotongdeng|eastwest:inst|leidao60:inst5|mo60tongbu:inst|mo10tongbu:inst                           ; work         ;
;                |7400:inst3|    ; 1 (1)             ; 0 (0)        ; 0           ; 0            ; 0       ; 0         ; 0    ; 0            ; |jiaotongdeng|eastwest:inst|leidao60:inst5|mo60tongbu:inst|mo10tongbu:inst|7400:inst3                ; work         ;
;                |74161:inst|    ; 6 (0)             ; 4 (0)        ; 0           ; 0            ; 0       ; 0         ; 0    ; 0            ; |jiaotongdeng|eastwest:inst|leidao60:inst5|mo60tongbu:inst|mo10tongbu:inst|74161:inst                ; work         ;
;                   |f74161:sub| ; 6 (6)             ; 4 (4)        ; 0           ; 0            ; 0       ; 0         ; 0    ; 0            ; |jiaotongdeng|eastwest:inst|leidao60:inst5|mo60tongbu:inst|mo10tongbu:inst|74161:inst|f74161:sub     ; work         ;
;             |mo6tongbu:inst14| ; 3 (0)             ; 3 (0)        ; 0           ; 0            ; 0       ; 0         ; 0    ; 0            ; |jiaotongdeng|eastwest:inst|leidao60:inst5|mo60tongbu:inst|mo6tongbu:inst14                          ; work         ;
;                |74161:inst|    ; 3 (0)             ; 3 (0)        ; 0           ; 0            ; 0       ; 0         ; 0    ; 0            ; |jiaotongdeng|eastwest:inst|leidao60:inst5|mo60tongbu:inst|mo6tongbu:inst14|74161:inst               ; work         ;
;                   |f74161:sub| ; 3 (3)             ; 3 (3)        ; 0           ; 0            ; 0       ; 0         ; 0    ; 0            ; |jiaotongdeng|eastwest:inst|leidao60:inst5|mo60tongbu:inst|mo6tongbu:inst14|74161:inst|f74161:sub    ; work         ;
;       |mo4control:inst4|       ; 2 (0)             ; 2 (0)        ; 0           ; 0            ; 0       ; 0         ; 0    ; 0            ; |jiaotongdeng|eastwest:inst|mo4control:inst4                                                         ; work         ;
;          |74161:inst|          ; 2 (0)             ; 2 (0)        ; 0           ; 0            ; 0       ; 0         ; 0    ; 0            ; |jiaotongdeng|eastwest:inst|mo4control:inst4|74161:inst                                              ; work         ;
;             |f74161:sub|       ; 2 (2)             ; 2 (2)        ; 0           ; 0            ; 0       ; 0         ; 0    ; 0            ; |jiaotongdeng|eastwest:inst|mo4control:inst4|74161:inst|f74161:sub                                   ; work         ;
;    |southnorth:inst1|          ; 58 (0)            ; 24 (0)       ; 0           ; 0            ; 0       ; 0         ; 0    ; 0            ; |jiaotongdeng|southnorth:inst1                                                                       ; work         ;
;       |7408:inst11|            ; 1 (1)             ; 0 (0)        ; 0           ; 0            ; 0       ; 0         ; 0    ; 0            ; |jiaotongdeng|southnorth:inst1|7408:inst11                                                           ; work         ;
;       |74153:inst16|           ; 4 (4)             ; 0 (0)        ; 0           ; 0            ; 0       ; 0         ; 0    ; 0            ; |jiaotongdeng|southnorth:inst1|74153:inst16                                                          ; work         ;
;       |74153:inst18|           ; 10 (10)           ; 0 (0)        ; 0           ; 0            ; 0       ; 0         ; 0    ; 0            ; |jiaotongdeng|southnorth:inst1|74153:inst18                                                          ; work         ;
;       |74153:inst19|           ; 4 (4)             ; 0 (0)        ; 0           ; 0            ; 0       ; 0         ; 0    ; 0            ; |jiaotongdeng|southnorth:inst1|74153:inst19                                                          ; work         ;
;       |74153:inst26|           ; 3 (3)             ; 0 (0)        ; 0           ; 0            ; 0       ; 0         ; 0    ; 0            ; |jiaotongdeng|southnorth:inst1|74153:inst26                                                          ; work         ;
;       |7432:inst9|             ; 2 (2)             ; 0 (0)        ; 0           ; 0            ; 0       ; 0         ; 0    ; 0            ; |jiaotongdeng|southnorth:inst1|7432:inst9                                                            ; work         ;
;       |daomo10:inst2|          ; 5 (0)             ; 4 (0)        ; 0           ; 0            ; 0       ; 0         ; 0    ; 0            ; |jiaotongdeng|southnorth:inst1|daomo10:inst2                                                         ; work         ;
;          |mo10tongbu:inst|     ; 5 (0)             ; 4 (0)        ; 0           ; 0            ; 0       ; 0         ; 0    ; 0            ; |jiaotongdeng|southnorth:inst1|daomo10:inst2|mo10tongbu:inst                                         ; work         ;
;             |74161:inst|       ; 5 (0)             ; 4 (0)        ; 0           ; 0            ; 0       ; 0         ; 0    ; 0            ; |jiaotongdeng|southnorth:inst1|daomo10:inst2|mo10tongbu:inst|74161:inst                              ; work         ;
;                |f74161:sub|    ; 5 (5)             ; 4 (4)        ; 0           ; 0            ; 0       ; 0         ; 0    ; 0            ; |jiaotongdeng|southnorth:inst1|daomo10:inst2|mo10tongbu:inst|74161:inst|f74161:sub                   ; work         ;
;       |daomo10:inst3|          ; 6 (0)             ; 4 (0)        ; 0           ; 0            ; 0       ; 0         ; 0    ; 0            ; |jiaotongdeng|southnorth:inst1|daomo10:inst3                                                         ; work         ;
;          |mo10tongbu:inst|     ; 6 (0)             ; 4 (0)        ; 0           ; 0            ; 0       ; 0         ; 0    ; 0            ; |jiaotongdeng|southnorth:inst1|daomo10:inst3|mo10tongbu:inst                                         ; work         ;
;             |74161:inst|       ; 6 (0)             ; 4 (0)        ; 0           ; 0            ; 0       ; 0         ; 0    ; 0            ; |jiaotongdeng|southnorth:inst1|daomo10:inst3|mo10tongbu:inst|74161:inst                              ; work         ;
;                |f74161:sub|    ; 6 (6)             ; 4 (4)        ; 0           ; 0            ; 0       ; 0         ; 0    ; 0            ; |jiaotongdeng|southnorth:inst1|daomo10:inst3|mo10tongbu:inst|74161:inst|f74161:sub                   ; work         ;
;       |daomo60:inst|           ; 10 (0)            ; 7 (0)        ; 0           ; 0            ; 0       ; 0         ; 0    ; 0            ; |jiaotongdeng|southnorth:inst1|daomo60:inst                                                          ; work         ;
;          |mo60tongbu:inst|     ; 10 (0)            ; 7 (0)        ; 0           ; 0            ; 0       ; 0         ; 0    ; 0            ; |jiaotongdeng|southnorth:inst1|daomo60:inst|mo60tongbu:inst                                          ; work         ;
;             |mo10tongbu:inst|  ; 6 (0)             ; 4 (0)        ; 0           ; 0            ; 0       ; 0         ; 0    ; 0            ; |jiaotongdeng|southnorth:inst1|daomo60:inst|mo60tongbu:inst|mo10tongbu:inst                          ; work         ;
;                |7400:inst3|    ; 1 (1)             ; 0 (0)        ; 0           ; 0            ; 0       ; 0         ; 0    ; 0            ; |jiaotongdeng|southnorth:inst1|daomo60:inst|mo60tongbu:inst|mo10tongbu:inst|7400:inst3               ; work         ;
;                |74161:inst|    ; 5 (0)             ; 4 (0)        ; 0           ; 0            ; 0       ; 0         ; 0    ; 0            ; |jiaotongdeng|southnorth:inst1|daomo60:inst|mo60tongbu:inst|mo10tongbu:inst|74161:inst               ; work         ;
;                   |f74161:sub| ; 5 (5)             ; 4 (4)        ; 0           ; 0            ; 0       ; 0         ; 0    ; 0            ; |jiaotongdeng|southnorth:inst1|daomo60:inst|mo60tongbu:inst|mo10tongbu:inst|74161:inst|f74161:sub    ; work         ;
;             |mo6tongbu:inst14| ; 4 (0)             ; 3 (0)        ; 0           ; 0            ; 0       ; 0         ; 0    ; 0            ; |jiaotongdeng|southnorth:inst1|daomo60:inst|mo60tongbu:inst|mo6tongbu:inst14                         ; work         ;
;                |74161:inst|    ; 3 (0)             ; 3 (0)        ; 0           ; 0            ; 0       ; 0         ; 0    ; 0            ; |jiaotongdeng|southnorth:inst1|daomo60:inst|mo60tongbu:inst|mo6tongbu:inst14|74161:inst              ; work         ;
;                   |f74161:sub| ; 3 (3)             ; 3 (3)        ; 0           ; 0            ; 0       ; 0         ; 0    ; 0            ; |jiaotongdeng|southnorth:inst1|daomo60:inst|mo60tongbu:inst|mo6tongbu:inst14|74161:inst|f74161:sub   ; work         ;
;                |7420:inst2|    ; 1 (1)             ; 0 (0)        ; 0           ; 0            ; 0       ; 0         ; 0    ; 0            ; |jiaotongdeng|southnorth:inst1|daomo60:inst|mo60tongbu:inst|mo6tongbu:inst14|7420:inst2              ; work         ;
;       |leidao60:inst5|         ; 10 (0)            ; 7 (0)        ; 0           ; 0            ; 0       ; 0         ; 0    ; 0            ; |jiaotongdeng|southnorth:inst1|leidao60:inst5                                                        ; work         ;
;          |mo60tongbu:inst|     ; 10 (0)            ; 7 (0)        ; 0           ; 0            ; 0       ; 0         ; 0    ; 0            ; |jiaotongdeng|southnorth:inst1|leidao60:inst5|mo60tongbu:inst                                        ; work         ;
;             |mo10tongbu:inst|  ; 7 (0)             ; 4 (0)        ; 0           ; 0            ; 0       ; 0         ; 0    ; 0            ; |jiaotongdeng|southnorth:inst1|leidao60:inst5|mo60tongbu:inst|mo10tongbu:inst                        ; work         ;
;                |7400:inst3|    ; 1 (1)             ; 0 (0)        ; 0           ; 0            ; 0       ; 0         ; 0    ; 0            ; |jiaotongdeng|southnorth:inst1|leidao60:inst5|mo60tongbu:inst|mo10tongbu:inst|7400:inst3             ; work         ;
;                |74161:inst|    ; 6 (0)             ; 4 (0)        ; 0           ; 0            ; 0       ; 0         ; 0    ; 0            ; |jiaotongdeng|southnorth:inst1|leidao60:inst5|mo60tongbu:inst|mo10tongbu:inst|74161:inst             ; work         ;
;                   |f74161:sub| ; 6 (6)             ; 4 (4)        ; 0           ; 0            ; 0       ; 0         ; 0    ; 0            ; |jiaotongdeng|southnorth:inst1|leidao60:inst5|mo60tongbu:inst|mo10tongbu:inst|74161:inst|f74161:sub  ; work         ;
;             |mo6tongbu:inst14| ; 3 (0)             ; 3 (0)        ; 0           ; 0            ; 0       ; 0         ; 0    ; 0            ; |jiaotongdeng|southnorth:inst1|leidao60:inst5|mo60tongbu:inst|mo6tongbu:inst14                       ; work         ;
;                |74161:inst|    ; 3 (0)             ; 3 (0)        ; 0           ; 0            ; 0       ; 0         ; 0    ; 0            ; |jiaotongdeng|southnorth:inst1|leidao60:inst5|mo60tongbu:inst|mo6tongbu:inst14|74161:inst            ; work         ;
;                   |f74161:sub| ; 3 (3)             ; 3 (3)        ; 0           ; 0            ; 0       ; 0         ; 0    ; 0            ; |jiaotongdeng|southnorth:inst1|leidao60:inst5|mo60tongbu:inst|mo6tongbu:inst14|74161:inst|f74161:sub ; work         ;
;       |mo4control:inst4|       ; 3 (0)             ; 2 (0)        ; 0           ; 0            ; 0       ; 0         ; 0    ; 0            ; |jiaotongdeng|southnorth:inst1|mo4control:inst4                                                      ; work         ;
;          |74161:inst|          ; 3 (0)             ; 2 (0)        ; 0           ; 0            ; 0       ; 0         ; 0    ; 0            ; |jiaotongdeng|southnorth:inst1|mo4control:inst4|74161:inst                                           ; work         ;
;             |f74161:sub|       ; 3 (3)             ; 2 (2)        ; 0           ; 0            ; 0       ; 0         ; 0    ; 0            ; |jiaotongdeng|southnorth:inst1|mo4control:inst4|74161:inst|f74161:sub                                ; work         ;
+--------------------------------+-------------------+--------------+-------------+--------------+---------+-----------+------+--------------+------------------------------------------------------------------------------------------------------+--------------+
Note: For table entries with two numbers listed, the numbers in parentheses indicate the number of resources of the given type used by the specific entity alone. The numbers listed outside of parentheses indicate the total resources of the given type used by the specific entity and all of its sub-entities in the hierarchy.


+------------------------------------------------------+
; General Register Statistics                          ;
+----------------------------------------------+-------+
; Statistic                                    ; Value ;
+----------------------------------------------+-------+
; Total registers                              ; 48    ;
; Number of registers using Synchronous Clear  ; 0     ;
; Number of registers using Synchronous Load   ; 1     ;
; Number of registers using Asynchronous Clear ; 0     ;
; Number of registers using Asynchronous Load  ; 0     ;
; Number of registers using Clock Enable       ; 0     ;
; Number of registers using Preset             ; 0     ;
+----------------------------------------------+-------+


+-----------------------------------------------------------------------------------------------------+
; Parameter Settings for User Entity Instance: eastwest:inst|daomo10:inst2|mo10tongbu:inst|74161:inst ;
+------------------------+-------------+--------------------------------------------------------------+
; Parameter Name         ; Value       ; Type                                                         ;
+------------------------+-------------+--------------------------------------------------------------+
; DEVICE_FAMILY          ; Cyclone III ; Untyped                                                      ;
; AUTO_CARRY_CHAINS      ; ON          ; AUTO_CARRY                                                   ;
; IGNORE_CARRY_BUFFERS   ; OFF         ; IGNORE_CARRY                                                 ;
; AUTO_CASCADE_CHAINS    ; ON          ; AUTO_CASCADE                                                 ;
; IGNORE_CASCADE_BUFFERS ; OFF         ; IGNORE_CASCADE                                               ;
+------------------------+-------------+--------------------------------------------------------------+
Note: In order to hide this table in the UI and the text report file, please set the "Show Parameter Settings Tables in Synthesis Report" option in "Analysis and Synthesis Settings -> More Settings" to "Off".


+----------------------------------------------------------------------------------------+
; Parameter Settings for User Entity Instance: eastwest:inst|mo4control:inst4|74161:inst ;
+------------------------+-------------+-------------------------------------------------+
; Parameter Name         ; Value       ; Type                                            ;
+------------------------+-------------+-------------------------------------------------+
; DEVICE_FAMILY          ; Cyclone III ; Untyped                                         ;
; AUTO_CARRY_CHAINS      ; ON          ; AUTO_CARRY                                      ;
; IGNORE_CARRY_BUFFERS   ; OFF         ; IGNORE_CARRY                                    ;
; AUTO_CASCADE_CHAINS    ; ON          ; AUTO_CASCADE                                    ;
; IGNORE_CASCADE_BUFFERS ; OFF         ; IGNORE_CASCADE                                  ;
+------------------------+-------------+-------------------------------------------------+
Note: In order to hide this table in the UI and the text report file, please set the "Show Parameter Settings Tables in Synthesis Report" option in "Analysis and Synthesis Settings -> More Settings" to "Off".


+--------------------------------------------------------------------------------------------------------------------+
; Parameter Settings for User Entity Instance: eastwest:inst|daomo60:inst|mo60tongbu:inst|mo10tongbu:inst|74161:inst ;
+------------------------+-------------+-----------------------------------------------------------------------------+
; Parameter Name         ; Value       ; Type                                                                        ;
+------------------------+-------------+-----------------------------------------------------------------------------+
; DEVICE_FAMILY          ; Cyclone III ; Untyped                                                                     ;
; AUTO_CARRY_CHAINS      ; ON          ; AUTO_CARRY                                                                  ;
; IGNORE_CARRY_BUFFERS   ; OFF         ; IGNORE_CARRY                                                                ;
; AUTO_CASCADE_CHAINS    ; ON          ; AUTO_CASCADE                                                                ;
; IGNORE_CASCADE_BUFFERS ; OFF         ; IGNORE_CASCADE                                                              ;
+------------------------+-------------+-----------------------------------------------------------------------------+
Note: In order to hide this table in the UI and the text report file, please set the "Show Parameter Settings Tables in Synthesis Report" option in "Analysis and Synthesis Settings -> More Settings" to "Off".


+---------------------------------------------------------------------------------------------------------------------+
; Parameter Settings for User Entity Instance: eastwest:inst|daomo60:inst|mo60tongbu:inst|mo6tongbu:inst14|74161:inst ;
+------------------------+-------------+------------------------------------------------------------------------------+
; Parameter Name         ; Value       ; Type                                                                         ;
+------------------------+-------------+------------------------------------------------------------------------------+
; DEVICE_FAMILY          ; Cyclone III ; Untyped                                                                      ;
; AUTO_CARRY_CHAINS      ; ON          ; AUTO_CARRY                                                                   ;
; IGNORE_CARRY_BUFFERS   ; OFF         ; IGNORE_CARRY                                                                 ;
; AUTO_CASCADE_CHAINS    ; ON          ; AUTO_CASCADE                                                                 ;
; IGNORE_CASCADE_BUFFERS ; OFF         ; IGNORE_CASCADE                                                               ;
+------------------------+-------------+------------------------------------------------------------------------------+
Note: In order to hide this table in the UI and the text report file, please set the "Show Parameter Settings Tables in Synthesis Report" option in "Analysis and Synthesis Settings -> More Settings" to "Off".


+----------------------------------------------------------------------------------------------------------------------+
; Parameter Settings for User Entity Instance: eastwest:inst|leidao60:inst5|mo60tongbu:inst|mo10tongbu:inst|74161:inst ;
+------------------------+-------------+-------------------------------------------------------------------------------+
; Parameter Name         ; Value       ; Type                                                                          ;
+------------------------+-------------+-------------------------------------------------------------------------------+
; DEVICE_FAMILY          ; Cyclone III ; Untyped                                                                       ;
; AUTO_CARRY_CHAINS      ; ON          ; AUTO_CARRY                                                                    ;
; IGNORE_CARRY_BUFFERS   ; OFF         ; IGNORE_CARRY                                                                  ;
; AUTO_CASCADE_CHAINS    ; ON          ; AUTO_CASCADE                                                                  ;
; IGNORE_CASCADE_BUFFERS ; OFF         ; IGNORE_CASCADE                                                                ;
+------------------------+-------------+-------------------------------------------------------------------------------+
Note: In order to hide this table in the UI and the text report file, please set the "Show Parameter Settings Tables in Synthesis Report" option in "Analysis and Synthesis Settings -> More Settings" to "Off".


+-----------------------------------------------------------------------------------------------------------------------+
; Parameter Settings for User Entity Instance: eastwest:inst|leidao60:inst5|mo60tongbu:inst|mo6tongbu:inst14|74161:inst ;
+------------------------+-------------+--------------------------------------------------------------------------------+
; Parameter Name         ; Value       ; Type                                                                           ;
+------------------------+-------------+--------------------------------------------------------------------------------+
; DEVICE_FAMILY          ; Cyclone III ; Untyped                                                                        ;
; AUTO_CARRY_CHAINS      ; ON          ; AUTO_CARRY                                                                     ;
; IGNORE_CARRY_BUFFERS   ; OFF         ; IGNORE_CARRY                                                                   ;
; AUTO_CASCADE_CHAINS    ; ON          ; AUTO_CASCADE                                                                   ;
; IGNORE_CASCADE_BUFFERS ; OFF         ; IGNORE_CASCADE                                                                 ;
+------------------------+-------------+--------------------------------------------------------------------------------+
Note: In order to hide this table in the UI and the text report file, please set the "Show Parameter Settings Tables in Synthesis Report" option in "Analysis and Synthesis Settings -> More Settings" to "Off".


+-----------------------------------------------------------------------------------------------------+
; Parameter Settings for User Entity Instance: eastwest:inst|daomo10:inst3|mo10tongbu:inst|74161:inst ;
+------------------------+-------------+--------------------------------------------------------------+
; Parameter Name         ; Value       ; Type                                                         ;
+------------------------+-------------+--------------------------------------------------------------+
; DEVICE_FAMILY          ; Cyclone III ; Untyped                                                      ;
; AUTO_CARRY_CHAINS      ; ON          ; AUTO_CARRY                                                   ;
; IGNORE_CARRY_BUFFERS   ; OFF         ; IGNORE_CARRY                                                 ;
; AUTO_CASCADE_CHAINS    ; ON          ; AUTO_CASCADE                                                 ;
; IGNORE_CASCADE_BUFFERS ; OFF         ; IGNORE_CASCADE                                               ;
+------------------------+-------------+--------------------------------------------------------------+
Note: In order to hide this table in the UI and the text report file, please set the "Show Parameter Settings Tables in Synthesis Report" option in "Analysis and Synthesis Settings -> More Settings" to "Off".


+--------------------------------------------------------------------------------------------------------+
; Parameter Settings for User Entity Instance: southnorth:inst1|daomo10:inst2|mo10tongbu:inst|74161:inst ;
+------------------------+-------------+-----------------------------------------------------------------+
; Parameter Name         ; Value       ; Type                                                            ;
+------------------------+-------------+-----------------------------------------------------------------+
; DEVICE_FAMILY          ; Cyclone III ; Untyped                                                         ;
; AUTO_CARRY_CHAINS      ; ON          ; AUTO_CARRY                                                      ;
; IGNORE_CARRY_BUFFERS   ; OFF         ; IGNORE_CARRY                                                    ;
; AUTO_CASCADE_CHAINS    ; ON          ; AUTO_CASCADE                                                    ;
; IGNORE_CASCADE_BUFFERS ; OFF         ; IGNORE_CASCADE                                                  ;
+------------------------+-------------+-----------------------------------------------------------------+
Note: In order to hide this table in the UI and the text report file, please set the "Show Parameter Settings Tables in Synthesis Report" option in "Analysis and Synthesis Settings -> More Settings" to "Off".


+-------------------------------------------------------------------------------------------+
; Parameter Settings for User Entity Instance: southnorth:inst1|mo4control:inst4|74161:inst ;
+------------------------+-------------+----------------------------------------------------+
; Parameter Name         ; Value       ; Type                                               ;
+------------------------+-------------+----------------------------------------------------+
; DEVICE_FAMILY          ; Cyclone III ; Untyped                                            ;
; AUTO_CARRY_CHAINS      ; ON          ; AUTO_CARRY                                         ;
; IGNORE_CARRY_BUFFERS   ; OFF         ; IGNORE_CARRY                                       ;
; AUTO_CASCADE_CHAINS    ; ON          ; AUTO_CASCADE                                       ;
; IGNORE_CASCADE_BUFFERS ; OFF         ; IGNORE_CASCADE                                     ;
+------------------------+-------------+----------------------------------------------------+
Note: In order to hide this table in the UI and the text report file, please set the "Show Parameter Settings Tables in Synthesis Report" option in "Analysis and Synthesis Settings -> More Settings" to "Off".


+-----------------------------------------------------------------------------------------------------------------------+
; Parameter Settings for User Entity Instance: southnorth:inst1|daomo60:inst|mo60tongbu:inst|mo10tongbu:inst|74161:inst ;
+------------------------+-------------+--------------------------------------------------------------------------------+
; Parameter Name         ; Value       ; Type                                                                           ;
+------------------------+-------------+--------------------------------------------------------------------------------+
; DEVICE_FAMILY          ; Cyclone III ; Untyped                                                                        ;
; AUTO_CARRY_CHAINS      ; ON          ; AUTO_CARRY                                                                     ;
; IGNORE_CARRY_BUFFERS   ; OFF         ; IGNORE_CARRY                                                                   ;
; AUTO_CASCADE_CHAINS    ; ON          ; AUTO_CASCADE                                                                   ;
; IGNORE_CASCADE_BUFFERS ; OFF         ; IGNORE_CASCADE                                                                 ;
+------------------------+-------------+--------------------------------------------------------------------------------+
Note: In order to hide this table in the UI and the text report file, please set the "Show Parameter Settings Tables in Synthesis Report" option in "Analysis and Synthesis Settings -> More Settings" to "Off".


+------------------------------------------------------------------------------------------------------------------------+
; Parameter Settings for User Entity Instance: southnorth:inst1|daomo60:inst|mo60tongbu:inst|mo6tongbu:inst14|74161:inst ;
+------------------------+-------------+---------------------------------------------------------------------------------+
; Parameter Name         ; Value       ; Type                                                                            ;
+------------------------+-------------+---------------------------------------------------------------------------------+
; DEVICE_FAMILY          ; Cyclone III ; Untyped                                                                         ;
; AUTO_CARRY_CHAINS      ; ON          ; AUTO_CARRY                                                                      ;
; IGNORE_CARRY_BUFFERS   ; OFF         ; IGNORE_CARRY                                                                    ;
; AUTO_CASCADE_CHAINS    ; ON          ; AUTO_CASCADE                                                                    ;
; IGNORE_CASCADE_BUFFERS ; OFF         ; IGNORE_CASCADE                                                                  ;
+------------------------+-------------+---------------------------------------------------------------------------------+
Note: In order to hide this table in the UI and the text report file, please set the "Show Parameter Settings Tables in Synthesis Report" option in "Analysis and Synthesis Settings -> More Settings" to "Off".


+-------------------------------------------------------------------------------------------------------------------------+
; Parameter Settings for User Entity Instance: southnorth:inst1|leidao60:inst5|mo60tongbu:inst|mo10tongbu:inst|74161:inst ;
+------------------------+-------------+----------------------------------------------------------------------------------+
; Parameter Name         ; Value       ; Type                                                                             ;
+------------------------+-------------+----------------------------------------------------------------------------------+
; DEVICE_FAMILY          ; Cyclone III ; Untyped                                                                          ;
; AUTO_CARRY_CHAINS      ; ON          ; AUTO_CARRY                                                                       ;
; IGNORE_CARRY_BUFFERS   ; OFF         ; IGNORE_CARRY                                                                     ;
; AUTO_CASCADE_CHAINS    ; ON          ; AUTO_CASCADE                                                                     ;
; IGNORE_CASCADE_BUFFERS ; OFF         ; IGNORE_CASCADE                                                                   ;
+------------------------+-------------+----------------------------------------------------------------------------------+
Note: In order to hide this table in the UI and the text report file, please set the "Show Parameter Settings Tables in Synthesis Report" option in "Analysis and Synthesis Settings -> More Settings" to "Off".


+--------------------------------------------------------------------------------------------------------------------------+
; Parameter Settings for User Entity Instance: southnorth:inst1|leidao60:inst5|mo60tongbu:inst|mo6tongbu:inst14|74161:inst ;
+------------------------+-------------+-----------------------------------------------------------------------------------+
; Parameter Name         ; Value       ; Type                                                                              ;
+------------------------+-------------+-----------------------------------------------------------------------------------+
; DEVICE_FAMILY          ; Cyclone III ; Untyped                                                                           ;
; AUTO_CARRY_CHAINS      ; ON          ; AUTO_CARRY                                                                        ;
; IGNORE_CARRY_BUFFERS   ; OFF         ; IGNORE_CARRY                                                                      ;
; AUTO_CASCADE_CHAINS    ; ON          ; AUTO_CASCADE                                                                      ;
; IGNORE_CASCADE_BUFFERS ; OFF         ; IGNORE_CASCADE                                                                    ;
+------------------------+-------------+-----------------------------------------------------------------------------------+
Note: In order to hide this table in the UI and the text report file, please set the "Show Parameter Settings Tables in Synthesis Report" option in "Analysis and Synthesis Settings -> More Settings" to "Off".


+--------------------------------------------------------------------------------------------------------+
; Parameter Settings for User Entity Instance: southnorth:inst1|daomo10:inst3|mo10tongbu:inst|74161:inst ;
+------------------------+-------------+-----------------------------------------------------------------+
; Parameter Name         ; Value       ; Type                                                            ;
+------------------------+-------------+-----------------------------------------------------------------+
; DEVICE_FAMILY          ; Cyclone III ; Untyped                                                         ;
; AUTO_CARRY_CHAINS      ; ON          ; AUTO_CARRY                                                      ;
; IGNORE_CARRY_BUFFERS   ; OFF         ; IGNORE_CARRY                                                    ;
; AUTO_CASCADE_CHAINS    ; ON          ; AUTO_CASCADE                                                    ;
; IGNORE_CASCADE_BUFFERS ; OFF         ; IGNORE_CASCADE                                                  ;
+------------------------+-------------+-----------------------------------------------------------------+
Note: In order to hide this table in the UI and the text report file, please set the "Show Parameter Settings Tables in Synthesis Report" option in "Analysis and Synthesis Settings -> More Settings" to "Off".


+-------------------------------+
; Analysis & Synthesis Messages ;
+-------------------------------+
Info: *******************************************************************
Info: Running Quartus II Analysis & Synthesis
    Info: Version 9.1 Build 350 03/24/2010 Service Pack 2 SJ Web Edition
    Info: Processing started: Tue May 28 20:33:55 2024
Info: Command: quartus_map --read_settings_files=on --write_settings_files=off mo60tongbu -c mo60tongbu
Info: Found 1 design units, including 1 entities, in source file mo10tongbu.bdf
    Info: Found entity 1: mo10tongbu
Info: Found 1 design units, including 1 entities, in source file mo6tongbu.bdf
    Info: Found entity 1: mo6tongbu
Info: Found 1 design units, including 1 entities, in source file mo60tongbu.bdf
    Info: Found entity 1: mo60tongbu
Info: Found 1 design units, including 1 entities, in source file mo4control.bdf
    Info: Found entity 1: mo4control
Info: Found 1 design units, including 1 entities, in source file daomo10.bdf
    Info: Found entity 1: daomo10
Info: Found 1 design units, including 1 entities, in source file daomo60.bdf
    Info: Found entity 1: daomo60
Info: Found 1 design units, including 1 entities, in source file leidao60.bdf
    Info: Found entity 1: leidao60
Info: Found 1 design units, including 1 entities, in source file eastwest.bdf
    Info: Found entity 1: eastwest
Info: Found 1 design units, including 1 entities, in source file southnorth.bdf
    Info: Found entity 1: southnorth
Info: Found 1 design units, including 1 entities, in source file jiaotongdeng.bdf
    Info: Found entity 1: jiaotongdeng
Info: Elaborating entity "jiaotongdeng" for the top level hierarchy
Info: Elaborating entity "eastwest" for hierarchy "eastwest:inst"
Info: Elaborating entity "74153" for hierarchy "eastwest:inst|74153:inst16"
Info: Elaborated megafunction instantiation "eastwest:inst|74153:inst16"
Info: Elaborating entity "daomo10" for hierarchy "eastwest:inst|daomo10:inst2"
Info: Elaborating entity "mo10tongbu" for hierarchy "eastwest:inst|daomo10:inst2|mo10tongbu:inst"
Info: Elaborating entity "74161" for hierarchy "eastwest:inst|daomo10:inst2|mo10tongbu:inst|74161:inst"
Info: Elaborated megafunction instantiation "eastwest:inst|daomo10:inst2|mo10tongbu:inst|74161:inst"
Info: Elaborating entity "f74161" for hierarchy "eastwest:inst|daomo10:inst2|mo10tongbu:inst|74161:inst|f74161:sub"
Info: Elaborated megafunction instantiation "eastwest:inst|daomo10:inst2|mo10tongbu:inst|74161:inst|f74161:sub", which is child of megafunction instantiation "eastwest:inst|daomo10:inst2|mo10tongbu:inst|74161:inst"
Info: Elaborating entity "7400" for hierarchy "eastwest:inst|daomo10:inst2|mo10tongbu:inst|7400:inst3"
Info: Elaborated megafunction instantiation "eastwest:inst|daomo10:inst2|mo10tongbu:inst|7400:inst3"
Info: Elaborating entity "7486" for hierarchy "eastwest:inst|daomo10:inst2|7486:inst4"
Info: Elaborated megafunction instantiation "eastwest:inst|daomo10:inst2|7486:inst4"
Info: Elaborating entity "7411" for hierarchy "eastwest:inst|daomo10:inst2|7411:inst8"
Info: Elaborated megafunction instantiation "eastwest:inst|daomo10:inst2|7411:inst8"
Info: Elaborating entity "7408" for hierarchy "eastwest:inst|7408:inst11"
Info: Elaborated megafunction instantiation "eastwest:inst|7408:inst11"
Info: Elaborating entity "mo4control" for hierarchy "eastwest:inst|mo4control:inst4"
Info: Elaborating entity "74161" for hierarchy "eastwest:inst|mo4control:inst4|74161:inst"
Info: Elaborated megafunction instantiation "eastwest:inst|mo4control:inst4|74161:inst"
Info: Elaborating entity "7432" for hierarchy "eastwest:inst|7432:inst9"
Info: Elaborated megafunction instantiation "eastwest:inst|7432:inst9"
Info: Elaborating entity "daomo60" for hierarchy "eastwest:inst|daomo60:inst"
Info: Elaborating entity "mo60tongbu" for hierarchy "eastwest:inst|daomo60:inst|mo60tongbu:inst"
Info: Elaborating entity "mo6tongbu" for hierarchy "eastwest:inst|daomo60:inst|mo60tongbu:inst|mo6tongbu:inst14"
Info: Elaborating entity "7420" for hierarchy "eastwest:inst|daomo60:inst|mo60tongbu:inst|mo6tongbu:inst14|7420:inst2"
Info: Elaborated megafunction instantiation "eastwest:inst|daomo60:inst|mo60tongbu:inst|mo6tongbu:inst14|7420:inst2"
Info: Elaborating entity "74161" for hierarchy "eastwest:inst|daomo60:inst|mo60tongbu:inst|mo6tongbu:inst14|74161:inst"
Info: Elaborated megafunction instantiation "eastwest:inst|daomo60:inst|mo60tongbu:inst|mo6tongbu:inst14|74161:inst"
Info: Elaborating entity "7402" for hierarchy "eastwest:inst|7402:inst17"
Info: Elaborated megafunction instantiation "eastwest:inst|7402:inst17"
Info: Elaborating entity "leidao60" for hierarchy "eastwest:inst|leidao60:inst5"
Info: Elaborating entity "southnorth" for hierarchy "southnorth:inst1"
Info: Ignored 48 buffer(s)
    Info: Ignored 48 CARRY buffer(s)
Info: Timing-Driven Synthesis is running
Info: Implemented 136 device resources after synthesis - the final resource count might be different
    Info: Implemented 1 input pins
    Info: Implemented 20 output pins
    Info: Implemented 115 logic cells
Info: Quartus II Analysis & Synthesis was successful. 0 errors, 0 warnings
    Info: Peak virtual memory: 251 megabytes
    Info: Processing ended: Tue May 28 20:33:58 2024
    Info: Elapsed time: 00:00:03
    Info: Total CPU time (on all processors): 00:00:03


