Flow report for lamp
Tue May 28 12:55:26 2024
Quartus II Version 9.1 Build 350 03/24/2010 Service Pack 2 SJ Web Edition


---------------------
; Table of Contents ;
---------------------
  1. Legal Notice
  2. Flow Summary
  3. Flow Settings
  4. Flow Non-Default Global Settings
  5. Flow Elapsed Time
  6. Flow OS Summary
  7. Flow Log



----------------
; Legal Notice ;
----------------
Copyright (C) 1991-2010 Altera Corporation
Your use of Altera Corporation's design tools, logic functions 
and other software and tools, and its AMPP partner logic 
functions, and any output files from any of the foregoing 
(including device programming or simulation files), and any 
associated documentation or information are expressly subject 
to the terms and conditions of the Altera Program License 
Subscription Agreement, Altera MegaCore Function License 
Agreement, or other applicable license agreement, including, 
without limitation, that your use is for the sole purpose of 
programming logic devices manufactured by Altera and sold by 
Altera or its authorized distributors.  Please refer to the 
applicable agreement for further details.



+-----------------------------------------------------------------------------------+
; Flow Summary                                                                      ;
+------------------------------------+----------------------------------------------+
; Flow Status                        ; Successful - Tue May 28 12:55:25 2024        ;
; Quartus II Version                 ; 9.1 Build 350 03/24/2010 SP 2 SJ Web Edition ;
; Revision Name                      ; lamp                                         ;
; Top-level Entity Name              ; lamp                                         ;
; Family                             ; Cyclone IV E                                 ;
; Device                             ; EP4CE6F17C8                                  ;
; Timing Models                      ; Preliminary                                  ;
; Met timing requirements            ; N/A                                          ;
; Total logic elements               ; 94 / 6,272 ( 1 % )                           ;
;     Total combinational functions  ; 92 / 6,272 ( 1 % )                           ;
;     Dedicated logic registers      ; 38 / 6,272 ( < 1 % )                         ;
; Total registers                    ; 38                                           ;
; Total pins                         ; 15 / 180 ( 8 % )                             ;
; Total virtual pins                 ; 0                                            ;
; Total memory bits                  ; 0 / 276,480 ( 0 % )                          ;
; Embedded Multiplier 9-bit elements ; 0 / 30 ( 0 % )                               ;
; Total PLLs                         ; 0 / 2 ( 0 % )                                ;
+------------------------------------+----------------------------------------------+


+-----------------------------------------+
; Flow Settings                           ;
+-------------------+---------------------+
; Option            ; Setting             ;
+-------------------+---------------------+
; Start date & time ; 05/28/2024 12:55:19 ;
; Main task         ; Compilation         ;
; Revision Name     ; lamp                ;
+-------------------+---------------------+


+---------------------------------------------------------------------------------------------------------------------------+
; Flow Non-Default Global Settings                                                                                          ;
+------------------------------------+---------------------------------------+---------------+-------------+----------------+
; Assignment Name                    ; Value                                 ; Default Value ; Entity Name ; Section Id     ;
+------------------------------------+---------------------------------------+---------------+-------------+----------------+
; COMPILER_SIGNATURE_ID              ; 158527622227313.171687211914376       ; --            ; --          ; --             ;
; MAX_CORE_JUNCTION_TEMP             ; 85                                    ; --            ; --          ; --             ;
; MIN_CORE_JUNCTION_TEMP             ; 0                                     ; --            ; --          ; --             ;
; MISC_FILE                          ; C:/Users/lenovo/Desktop/lamp/lamp.dpf ; --            ; --          ; --             ;
; NOMINAL_CORE_SUPPLY_VOLTAGE        ; 1.2V                                  ; --            ; --          ; --             ;
; PARTITION_COLOR                    ; 16764057                              ; --            ; --          ; Top            ;
; PARTITION_NETLIST_TYPE             ; SOURCE                                ; --            ; --          ; Top            ;
; USE_GENERATED_PHYSICAL_CONSTRAINTS ; Off                                   ; --            ; --          ; eda_blast_fpga ;
+------------------------------------+---------------------------------------+---------------+-------------+----------------+


+-------------------------------------------------------------------------------------------------------------------------------+
; Flow Elapsed Time                                                                                                             ;
+---------------------------+--------------+-------------------------+---------------------+------------------------------------+
; Module Name               ; Elapsed Time ; Average Processors Used ; Peak Virtual Memory ; Total CPU Time (on all processors) ;
+---------------------------+--------------+-------------------------+---------------------+------------------------------------+
; Analysis & Synthesis      ; 00:00:01     ; 1.0                     ; 251 MB              ; 00:00:02                           ;
; Fitter                    ; 00:00:02     ; 1.0                     ; 313 MB              ; 00:00:02                           ;
; TimeQuest Timing Analyzer ; 00:00:02     ; 1.0                     ; 282 MB              ; 00:00:02                           ;
; Assembler                 ; 00:00:01     ; 1.0                     ; 245 MB              ; 00:00:01                           ;
; Total                     ; 00:00:05     ; --                      ; --                  ; 00:00:06                           ;
+---------------------------+--------------+-------------------------+---------------------+------------------------------------+


+--------------------------------------------------------------------------------------------+
; Flow OS Summary                                                                            ;
+---------------------------+------------------+---------------+------------+----------------+
; Module Name               ; Machine Hostname ; OS Name       ; OS Version ; Processor type ;
+---------------------------+------------------+---------------+------------+----------------+
; Analysis & Synthesis      ; LAPTOP-85MKH18U  ; Windows Vista ; 6.2        ; x86_64         ;
; Fitter                    ; LAPTOP-85MKH18U  ; Windows Vista ; 6.2        ; x86_64         ;
; Assembler                 ; LAPTOP-85MKH18U  ; Windows Vista ; 6.2        ; x86_64         ;
; TimeQuest Timing Analyzer ; LAPTOP-85MKH18U  ; Windows Vista ; 6.2        ; x86_64         ;
+---------------------------+------------------+---------------+------------+----------------+


------------
; Flow Log ;
------------
quartus_map --read_settings_files=on --write_settings_files=off lamp -c lamp
quartus_fit --read_settings_files=off --write_settings_files=off lamp -c lamp
quartus_asm --read_settings_files=off --write_settings_files=off lamp -c lamp
quartus_sta lamp -c lamp



