Simulator report for lamp
Tue May 28 03:06:11 2024
Quartus II Version 9.1 Build 350 03/24/2010 Service Pack 2 SJ Web Edition


---------------------
; Table of Contents ;
---------------------
  1. Legal Notice
  2. Simulator Summary
  3. Simulator Settings
  4. Simulation Waveforms
  5. Coverage Summary
  6. Complete 1/0-Value Coverage
  7. Missing 1-Value Coverage
  8. Missing 0-Value Coverage
  9. Simulator INI Usage
 10. Simulator Messages



----------------
; Legal Notice ;
----------------
Copyright (C) 1991-2010 Altera Corporation
Your use of Altera Corporation's design tools, logic functions 
and other software and tools, and its AMPP partner logic 
functions, and any output files from any of the foregoing 
(including device programming or simulation files), and any 
associated documentation or information are expressly subject 
to the terms and conditions of the Altera Program License 
Subscription Agreement, Altera MegaCore Function License 
Agreement, or other applicable license agreement, including, 
without limitation, that your use is for the sole purpose of 
programming logic devices manufactured by Altera and sold by 
Altera or its authorized distributors.  Please refer to the 
applicable agreement for further details.



+--------------------------------------------+
; Simulator Summary                          ;
+-----------------------------+--------------+
; Type                        ; Value        ;
+-----------------------------+--------------+
; Simulation Start Time       ; 0 ps         ;
; Simulation End Time         ; 1.0 us       ;
; Simulation Netlist Size     ; 323 nodes    ;
; Simulation Coverage         ;      62.85 % ;
; Total Number of Transitions ; 7274         ;
; Simulation Breakpoints      ; 0            ;
; Family                      ; Cyclone III  ;
+-----------------------------+--------------+


+-------------------------------------------------------------------------------------------------------------------------+
; Simulator Settings                                                                                                      ;
+--------------------------------------------------------------------------------------------+------------+---------------+
; Option                                                                                     ; Setting    ; Default Value ;
+--------------------------------------------------------------------------------------------+------------+---------------+
; Simulation mode                                                                            ; Functional ; Timing        ;
; Start time                                                                                 ; 0 ns       ; 0 ns          ;
; Simulation results format                                                                  ; CVWF       ;               ;
; Vector input source                                                                        ; lamp.vwf   ;               ;
; Add pins automatically to simulation output waveforms                                      ; On         ; On            ;
; Check outputs                                                                              ; Off        ; Off           ;
; Report simulation coverage                                                                 ; On         ; On            ;
; Display complete 1/0 value coverage report                                                 ; On         ; On            ;
; Display missing 1-value coverage report                                                    ; On         ; On            ;
; Display missing 0-value coverage report                                                    ; On         ; On            ;
; Detect setup and hold time violations                                                      ; Off        ; Off           ;
; Detect glitches                                                                            ; Off        ; Off           ;
; Disable timing delays in Timing Simulation                                                 ; Off        ; Off           ;
; Generate Signal Activity File                                                              ; Off        ; Off           ;
; Generate VCD File for PowerPlay Power Analyzer                                             ; Off        ; Off           ;
; Group bus channels in simulation results                                                   ; Off        ; Off           ;
; Preserve fewer signal transitions to reduce memory requirements                            ; On         ; On            ;
; Trigger vector comparison with the specified mode                                          ; INPUT_EDGE ; INPUT_EDGE    ;
; Disable setup and hold time violations detection in input registers of bi-directional pins ; Off        ; Off           ;
; Overwrite Waveform Inputs With Simulation Outputs                                          ; On         ;               ;
; Perform Glitch Filtering in Timing Simulation                                              ; Auto       ; Auto          ;
; Interconnect Delay Model Type                                                              ; Transport  ; Transport     ;
; Cell Delay Model Type                                                                      ; Transport  ; Transport     ;
+--------------------------------------------------------------------------------------------+------------+---------------+


+----------------------+
; Simulation Waveforms ;
+----------------------+
Waveform report data cannot be output to ASCII.
Please use Quartus II to view the waveform report data.


+--------------------------------------------------------------------+
; Coverage Summary                                                   ;
+-----------------------------------------------------+--------------+
; Type                                                ; Value        ;
+-----------------------------------------------------+--------------+
; Total coverage as a percentage                      ;      62.85 % ;
; Total nodes checked                                 ; 323          ;
; Total output ports checked                          ; 323          ;
; Total output ports with complete 1/0-value coverage ; 203          ;
; Total output ports with no 1/0-value coverage       ; 114          ;
; Total output ports with no 1-value coverage         ; 116          ;
; Total output ports with no 0-value coverage         ; 118          ;
+-----------------------------------------------------+--------------+


The following table displays output ports that toggle between 1 and 0 during simulation.
+----------------------------------------------------------------------------------------------------------------------------------------------+
; Complete 1/0-Value Coverage                                                                                                                  ;
+-------------------------------------------------------------+-------------------------------------------------------------+------------------+
; Node Name                                                   ; Output Port Name                                            ; Output Port Type ;
+-------------------------------------------------------------+-------------------------------------------------------------+------------------+
; |lamp|A1                                                    ; |lamp|A1                                                    ; pin_out          ;
; |lamp|CLK                                                   ; |lamp|CLK                                                   ; out              ;
; |lamp|A2                                                    ; |lamp|A2                                                    ; pin_out          ;
; |lamp|A3                                                    ; |lamp|A3                                                    ; pin_out          ;
; |lamp|A4                                                    ; |lamp|A4                                                    ; pin_out          ;
; |lamp|A5                                                    ; |lamp|A5                                                    ; pin_out          ;
; |lamp|A6                                                    ; |lamp|A6                                                    ; pin_out          ;
; |lamp|A7                                                    ; |lamp|A7                                                    ; pin_out          ;
; |lamp|B1                                                    ; |lamp|B1                                                    ; pin_out          ;
; |lamp|B2                                                    ; |lamp|B2                                                    ; pin_out          ;
; |lamp|B3                                                    ; |lamp|B3                                                    ; pin_out          ;
; |lamp|B4                                                    ; |lamp|B4                                                    ; pin_out          ;
; |lamp|B5                                                    ; |lamp|B5                                                    ; pin_out          ;
; |lamp|B6                                                    ; |lamp|B6                                                    ; pin_out          ;
; |lamp|B7                                                    ; |lamp|B7                                                    ; pin_out          ;
; |lamp|northwest:inst1|74153:inst10|9                        ; |lamp|northwest:inst1|74153:inst10|9                        ; out0             ;
; |lamp|northwest:inst1|74153:inst10|3                        ; |lamp|northwest:inst1|74153:inst10|3                        ; out0             ;
; |lamp|northwest:inst1|74153:inst9|9                         ; |lamp|northwest:inst1|74153:inst9|9                         ; out0             ;
; |lamp|northwest:inst1|74153:inst9|3                         ; |lamp|northwest:inst1|74153:inst9|3                         ; out0             ;
; |lamp|northwest:inst1|74153:inst9|10                        ; |lamp|northwest:inst1|74153:inst9|10                        ; out0             ;
; |lamp|northwest:inst1|74153:inst9|7                         ; |lamp|northwest:inst1|74153:inst9|7                         ; out0             ;
; |lamp|northwest:inst1|74153:inst8|9                         ; |lamp|northwest:inst1|74153:inst8|9                         ; out0             ;
; |lamp|northwest:inst1|74153:inst8|3                         ; |lamp|northwest:inst1|74153:inst8|3                         ; out0             ;
; |lamp|northwest:inst1|74153:inst8|10                        ; |lamp|northwest:inst1|74153:inst8|10                        ; out0             ;
; |lamp|northwest:inst1|74153:inst8|7                         ; |lamp|northwest:inst1|74153:inst8|7                         ; out0             ;
; |lamp|northwest:inst1|red:inst3|inst9                       ; |lamp|northwest:inst1|red:inst3|inst9                       ; out0             ;
; |lamp|northwest:inst1|red:inst3|inst5                       ; |lamp|northwest:inst1|red:inst3|inst5                       ; out0             ;
; |lamp|northwest:inst1|red:inst3|inst6                       ; |lamp|northwest:inst1|red:inst3|inst6                       ; out0             ;
; |lamp|northwest:inst1|red:inst3|inst3                       ; |lamp|northwest:inst1|red:inst3|inst3                       ; out0             ;
; |lamp|northwest:inst1|red:inst3|inst12                      ; |lamp|northwest:inst1|red:inst3|inst12                      ; out0             ;
; |lamp|northwest:inst1|red:inst3|inst13                      ; |lamp|northwest:inst1|red:inst3|inst13                      ; out0             ;
; |lamp|northwest:inst1|red:inst3|inst10                      ; |lamp|northwest:inst1|red:inst3|inst10                      ; out0             ;
; |lamp|northwest:inst1|red:inst3|inst8                       ; |lamp|northwest:inst1|red:inst3|inst8                       ; out0             ;
; |lamp|northwest:inst1|red:inst3|74161:inst1|f74161:sub|98   ; |lamp|northwest:inst1|red:inst3|74161:inst1|f74161:sub|98   ; out0             ;
; |lamp|northwest:inst1|red:inst3|74161:inst1|f74161:sub|97   ; |lamp|northwest:inst1|red:inst3|74161:inst1|f74161:sub|97   ; out0             ;
; |lamp|northwest:inst1|red:inst3|74161:inst1|f74161:sub|96   ; |lamp|northwest:inst1|red:inst3|74161:inst1|f74161:sub|96   ; out0             ;
; |lamp|northwest:inst1|red:inst3|74161:inst1|f74161:sub|84   ; |lamp|northwest:inst1|red:inst3|74161:inst1|f74161:sub|84   ; out0             ;
; |lamp|northwest:inst1|red:inst3|74161:inst1|f74161:sub|87   ; |lamp|northwest:inst1|red:inst3|74161:inst1|f74161:sub|87   ; regout           ;
; |lamp|northwest:inst1|red:inst3|74161:inst1|f74161:sub|86   ; |lamp|northwest:inst1|red:inst3|74161:inst1|f74161:sub|86   ; out0             ;
; |lamp|northwest:inst1|red:inst3|74161:inst1|f74161:sub|90   ; |lamp|northwest:inst1|red:inst3|74161:inst1|f74161:sub|90   ; out0             ;
; |lamp|northwest:inst1|red:inst3|74161:inst1|f74161:sub|89   ; |lamp|northwest:inst1|red:inst3|74161:inst1|f74161:sub|89   ; out0             ;
; |lamp|northwest:inst1|red:inst3|74161:inst1|f74161:sub|80   ; |lamp|northwest:inst1|red:inst3|74161:inst1|f74161:sub|80   ; out0             ;
; |lamp|northwest:inst1|red:inst3|74161:inst1|f74161:sub|9    ; |lamp|northwest:inst1|red:inst3|74161:inst1|f74161:sub|9    ; regout           ;
; |lamp|northwest:inst1|red:inst3|74161:inst1|f74161:sub|77   ; |lamp|northwest:inst1|red:inst3|74161:inst1|f74161:sub|77   ; out0             ;
; |lamp|northwest:inst1|red:inst3|74161:inst1|f74161:sub|78   ; |lamp|northwest:inst1|red:inst3|74161:inst1|f74161:sub|78   ; out0             ;
; |lamp|northwest:inst1|red:inst3|74161:inst1|f74161:sub|79   ; |lamp|northwest:inst1|red:inst3|74161:inst1|f74161:sub|79   ; out0             ;
; |lamp|northwest:inst1|red:inst3|74161:inst|f74161:sub|110   ; |lamp|northwest:inst1|red:inst3|74161:inst|f74161:sub|110   ; regout           ;
; |lamp|northwest:inst1|red:inst3|74161:inst|f74161:sub|108   ; |lamp|northwest:inst1|red:inst3|74161:inst|f74161:sub|108   ; out0             ;
; |lamp|northwest:inst1|red:inst3|74161:inst|f74161:sub|107   ; |lamp|northwest:inst1|red:inst3|74161:inst|f74161:sub|107   ; out0             ;
; |lamp|northwest:inst1|red:inst3|74161:inst|f74161:sub|106   ; |lamp|northwest:inst1|red:inst3|74161:inst|f74161:sub|106   ; out0             ;
; |lamp|northwest:inst1|red:inst3|74161:inst|f74161:sub|94    ; |lamp|northwest:inst1|red:inst3|74161:inst|f74161:sub|94    ; out0             ;
; |lamp|northwest:inst1|red:inst3|74161:inst|f74161:sub|99    ; |lamp|northwest:inst1|red:inst3|74161:inst|f74161:sub|99    ; regout           ;
; |lamp|northwest:inst1|red:inst3|74161:inst|f74161:sub|98    ; |lamp|northwest:inst1|red:inst3|74161:inst|f74161:sub|98    ; out0             ;
; |lamp|northwest:inst1|red:inst3|74161:inst|f74161:sub|97    ; |lamp|northwest:inst1|red:inst3|74161:inst|f74161:sub|97    ; out0             ;
; |lamp|northwest:inst1|red:inst3|74161:inst|f74161:sub|96    ; |lamp|northwest:inst1|red:inst3|74161:inst|f74161:sub|96    ; out0             ;
; |lamp|northwest:inst1|red:inst3|74161:inst|f74161:sub|84    ; |lamp|northwest:inst1|red:inst3|74161:inst|f74161:sub|84    ; out0             ;
; |lamp|northwest:inst1|red:inst3|74161:inst|f74161:sub|87    ; |lamp|northwest:inst1|red:inst3|74161:inst|f74161:sub|87    ; regout           ;
; |lamp|northwest:inst1|red:inst3|74161:inst|f74161:sub|86    ; |lamp|northwest:inst1|red:inst3|74161:inst|f74161:sub|86    ; out0             ;
; |lamp|northwest:inst1|red:inst3|74161:inst|f74161:sub|90    ; |lamp|northwest:inst1|red:inst3|74161:inst|f74161:sub|90    ; out0             ;
; |lamp|northwest:inst1|red:inst3|74161:inst|f74161:sub|89    ; |lamp|northwest:inst1|red:inst3|74161:inst|f74161:sub|89    ; out0             ;
; |lamp|northwest:inst1|red:inst3|74161:inst|f74161:sub|80    ; |lamp|northwest:inst1|red:inst3|74161:inst|f74161:sub|80    ; out0             ;
; |lamp|northwest:inst1|red:inst3|74161:inst|f74161:sub|9     ; |lamp|northwest:inst1|red:inst3|74161:inst|f74161:sub|9     ; regout           ;
; |lamp|northwest:inst1|red:inst3|74161:inst|f74161:sub|77    ; |lamp|northwest:inst1|red:inst3|74161:inst|f74161:sub|77    ; out0             ;
; |lamp|northwest:inst1|red:inst3|74161:inst|f74161:sub|78    ; |lamp|northwest:inst1|red:inst3|74161:inst|f74161:sub|78    ; out0             ;
; |lamp|northwest:inst1|74153:inst7|9                         ; |lamp|northwest:inst1|74153:inst7|9                         ; out0             ;
; |lamp|northwest:inst1|74153:inst7|3                         ; |lamp|northwest:inst1|74153:inst7|3                         ; out0             ;
; |lamp|northwest:inst1|74153:inst7|10                        ; |lamp|northwest:inst1|74153:inst7|10                        ; out0             ;
; |lamp|northwest:inst1|74153:inst7|7                         ; |lamp|northwest:inst1|74153:inst7|7                         ; out0             ;
; |lamp|southeast:inst|inst5                                  ; |lamp|southeast:inst|inst5                                  ; out0             ;
; |lamp|southeast:inst|inst21                                 ; |lamp|southeast:inst|inst21                                 ; out0             ;
; |lamp|southeast:inst|inst20                                 ; |lamp|southeast:inst|inst20                                 ; out0             ;
; |lamp|southeast:inst|inst14                                 ; |lamp|southeast:inst|inst14                                 ; out0             ;
; |lamp|southeast:inst|inst13                                 ; |lamp|southeast:inst|inst13                                 ; out0             ;
; |lamp|southeast:inst|74153:inst10|9                         ; |lamp|southeast:inst|74153:inst10|9                         ; out0             ;
; |lamp|southeast:inst|74153:inst10|3                         ; |lamp|southeast:inst|74153:inst10|3                         ; out0             ;
; |lamp|southeast:inst|74153:inst9|9                          ; |lamp|southeast:inst|74153:inst9|9                          ; out0             ;
; |lamp|southeast:inst|74153:inst9|1                          ; |lamp|southeast:inst|74153:inst9|1                          ; out0             ;
; |lamp|southeast:inst|74153:inst9|3                          ; |lamp|southeast:inst|74153:inst9|3                          ; out0             ;
; |lamp|southeast:inst|74153:inst9|10                         ; |lamp|southeast:inst|74153:inst9|10                         ; out0             ;
; |lamp|southeast:inst|74153:inst9|5                          ; |lamp|southeast:inst|74153:inst9|5                          ; out0             ;
; |lamp|southeast:inst|74153:inst9|7                          ; |lamp|southeast:inst|74153:inst9|7                          ; out0             ;
; |lamp|southeast:inst|74153:inst8|9                          ; |lamp|southeast:inst|74153:inst8|9                          ; out0             ;
; |lamp|southeast:inst|74153:inst8|1                          ; |lamp|southeast:inst|74153:inst8|1                          ; out0             ;
; |lamp|southeast:inst|74153:inst8|2                          ; |lamp|southeast:inst|74153:inst8|2                          ; out0             ;
; |lamp|southeast:inst|74153:inst8|3                          ; |lamp|southeast:inst|74153:inst8|3                          ; out0             ;
; |lamp|southeast:inst|74153:inst8|10                         ; |lamp|southeast:inst|74153:inst8|10                         ; out0             ;
; |lamp|southeast:inst|74153:inst8|5                          ; |lamp|southeast:inst|74153:inst8|5                          ; out0             ;
; |lamp|southeast:inst|74153:inst8|6                          ; |lamp|southeast:inst|74153:inst8|6                          ; out0             ;
; |lamp|southeast:inst|74153:inst8|7                          ; |lamp|southeast:inst|74153:inst8|7                          ; out0             ;
; |lamp|southeast:inst|green:inst1|inst9                      ; |lamp|southeast:inst|green:inst1|inst9                      ; out0             ;
; |lamp|southeast:inst|green:inst1|inst12                     ; |lamp|southeast:inst|green:inst1|inst12                     ; out0             ;
; |lamp|southeast:inst|green:inst1|inst11                     ; |lamp|southeast:inst|green:inst1|inst11                     ; out0             ;
; |lamp|southeast:inst|green:inst1|inst5                      ; |lamp|southeast:inst|green:inst1|inst5                      ; out0             ;
; |lamp|southeast:inst|green:inst1|inst6                      ; |lamp|southeast:inst|green:inst1|inst6                      ; out0             ;
; |lamp|southeast:inst|green:inst1|74161:inst1|f74161:sub|99  ; |lamp|southeast:inst|green:inst1|74161:inst1|f74161:sub|99  ; regout           ;
; |lamp|southeast:inst|green:inst1|74161:inst1|f74161:sub|98  ; |lamp|southeast:inst|green:inst1|74161:inst1|f74161:sub|98  ; out0             ;
; |lamp|southeast:inst|green:inst1|74161:inst1|f74161:sub|97  ; |lamp|southeast:inst|green:inst1|74161:inst1|f74161:sub|97  ; out0             ;
; |lamp|southeast:inst|green:inst1|74161:inst1|f74161:sub|96  ; |lamp|southeast:inst|green:inst1|74161:inst1|f74161:sub|96  ; out0             ;
; |lamp|southeast:inst|green:inst1|74161:inst1|f74161:sub|84  ; |lamp|southeast:inst|green:inst1|74161:inst1|f74161:sub|84  ; out0             ;
; |lamp|southeast:inst|green:inst1|74161:inst1|f74161:sub|87  ; |lamp|southeast:inst|green:inst1|74161:inst1|f74161:sub|87  ; regout           ;
; |lamp|southeast:inst|green:inst1|74161:inst1|f74161:sub|86  ; |lamp|southeast:inst|green:inst1|74161:inst1|f74161:sub|86  ; out0             ;
; |lamp|southeast:inst|green:inst1|74161:inst1|f74161:sub|90  ; |lamp|southeast:inst|green:inst1|74161:inst1|f74161:sub|90  ; out0             ;
; |lamp|southeast:inst|green:inst1|74161:inst1|f74161:sub|89  ; |lamp|southeast:inst|green:inst1|74161:inst1|f74161:sub|89  ; out0             ;
; |lamp|southeast:inst|green:inst1|74161:inst1|f74161:sub|80  ; |lamp|southeast:inst|green:inst1|74161:inst1|f74161:sub|80  ; out0             ;
; |lamp|southeast:inst|green:inst1|74161:inst1|f74161:sub|9   ; |lamp|southeast:inst|green:inst1|74161:inst1|f74161:sub|9   ; regout           ;
; |lamp|southeast:inst|green:inst1|74161:inst1|f74161:sub|77  ; |lamp|southeast:inst|green:inst1|74161:inst1|f74161:sub|77  ; out0             ;
; |lamp|southeast:inst|green:inst1|74161:inst1|f74161:sub|78  ; |lamp|southeast:inst|green:inst1|74161:inst1|f74161:sub|78  ; out0             ;
; |lamp|southeast:inst|green:inst1|74161:inst1|f74161:sub|79  ; |lamp|southeast:inst|green:inst1|74161:inst1|f74161:sub|79  ; out0             ;
; |lamp|southeast:inst|green:inst1|74161:inst|f74161:sub|110  ; |lamp|southeast:inst|green:inst1|74161:inst|f74161:sub|110  ; regout           ;
; |lamp|southeast:inst|green:inst1|74161:inst|f74161:sub|108  ; |lamp|southeast:inst|green:inst1|74161:inst|f74161:sub|108  ; out0             ;
; |lamp|southeast:inst|green:inst1|74161:inst|f74161:sub|107  ; |lamp|southeast:inst|green:inst1|74161:inst|f74161:sub|107  ; out0             ;
; |lamp|southeast:inst|green:inst1|74161:inst|f74161:sub|106  ; |lamp|southeast:inst|green:inst1|74161:inst|f74161:sub|106  ; out0             ;
; |lamp|southeast:inst|green:inst1|74161:inst|f74161:sub|94   ; |lamp|southeast:inst|green:inst1|74161:inst|f74161:sub|94   ; out0             ;
; |lamp|southeast:inst|green:inst1|74161:inst|f74161:sub|99   ; |lamp|southeast:inst|green:inst1|74161:inst|f74161:sub|99   ; regout           ;
; |lamp|southeast:inst|green:inst1|74161:inst|f74161:sub|98   ; |lamp|southeast:inst|green:inst1|74161:inst|f74161:sub|98   ; out0             ;
; |lamp|southeast:inst|green:inst1|74161:inst|f74161:sub|97   ; |lamp|southeast:inst|green:inst1|74161:inst|f74161:sub|97   ; out0             ;
; |lamp|southeast:inst|green:inst1|74161:inst|f74161:sub|96   ; |lamp|southeast:inst|green:inst1|74161:inst|f74161:sub|96   ; out0             ;
; |lamp|southeast:inst|green:inst1|74161:inst|f74161:sub|84   ; |lamp|southeast:inst|green:inst1|74161:inst|f74161:sub|84   ; out0             ;
; |lamp|southeast:inst|green:inst1|74161:inst|f74161:sub|87   ; |lamp|southeast:inst|green:inst1|74161:inst|f74161:sub|87   ; regout           ;
; |lamp|southeast:inst|green:inst1|74161:inst|f74161:sub|86   ; |lamp|southeast:inst|green:inst1|74161:inst|f74161:sub|86   ; out0             ;
; |lamp|southeast:inst|green:inst1|74161:inst|f74161:sub|90   ; |lamp|southeast:inst|green:inst1|74161:inst|f74161:sub|90   ; out0             ;
; |lamp|southeast:inst|green:inst1|74161:inst|f74161:sub|89   ; |lamp|southeast:inst|green:inst1|74161:inst|f74161:sub|89   ; out0             ;
; |lamp|southeast:inst|green:inst1|74161:inst|f74161:sub|80   ; |lamp|southeast:inst|green:inst1|74161:inst|f74161:sub|80   ; out0             ;
; |lamp|southeast:inst|green:inst1|74161:inst|f74161:sub|9    ; |lamp|southeast:inst|green:inst1|74161:inst|f74161:sub|9    ; regout           ;
; |lamp|southeast:inst|green:inst1|74161:inst|f74161:sub|77   ; |lamp|southeast:inst|green:inst1|74161:inst|f74161:sub|77   ; out0             ;
; |lamp|southeast:inst|green:inst1|74161:inst|f74161:sub|78   ; |lamp|southeast:inst|green:inst1|74161:inst|f74161:sub|78   ; out0             ;
; |lamp|southeast:inst|red:inst3|inst9                        ; |lamp|southeast:inst|red:inst3|inst9                        ; out0             ;
; |lamp|southeast:inst|red:inst3|inst5                        ; |lamp|southeast:inst|red:inst3|inst5                        ; out0             ;
; |lamp|southeast:inst|red:inst3|inst6                        ; |lamp|southeast:inst|red:inst3|inst6                        ; out0             ;
; |lamp|southeast:inst|red:inst3|inst3                        ; |lamp|southeast:inst|red:inst3|inst3                        ; out0             ;
; |lamp|southeast:inst|red:inst3|inst12                       ; |lamp|southeast:inst|red:inst3|inst12                       ; out0             ;
; |lamp|southeast:inst|red:inst3|inst13                       ; |lamp|southeast:inst|red:inst3|inst13                       ; out0             ;
; |lamp|southeast:inst|red:inst3|inst10                       ; |lamp|southeast:inst|red:inst3|inst10                       ; out0             ;
; |lamp|southeast:inst|red:inst3|inst8                        ; |lamp|southeast:inst|red:inst3|inst8                        ; out0             ;
; |lamp|southeast:inst|red:inst3|74161:inst1|f74161:sub|98    ; |lamp|southeast:inst|red:inst3|74161:inst1|f74161:sub|98    ; out0             ;
; |lamp|southeast:inst|red:inst3|74161:inst1|f74161:sub|97    ; |lamp|southeast:inst|red:inst3|74161:inst1|f74161:sub|97    ; out0             ;
; |lamp|southeast:inst|red:inst3|74161:inst1|f74161:sub|96    ; |lamp|southeast:inst|red:inst3|74161:inst1|f74161:sub|96    ; out0             ;
; |lamp|southeast:inst|red:inst3|74161:inst1|f74161:sub|84    ; |lamp|southeast:inst|red:inst3|74161:inst1|f74161:sub|84    ; out0             ;
; |lamp|southeast:inst|red:inst3|74161:inst1|f74161:sub|87    ; |lamp|southeast:inst|red:inst3|74161:inst1|f74161:sub|87    ; regout           ;
; |lamp|southeast:inst|red:inst3|74161:inst1|f74161:sub|86    ; |lamp|southeast:inst|red:inst3|74161:inst1|f74161:sub|86    ; out0             ;
; |lamp|southeast:inst|red:inst3|74161:inst1|f74161:sub|90    ; |lamp|southeast:inst|red:inst3|74161:inst1|f74161:sub|90    ; out0             ;
; |lamp|southeast:inst|red:inst3|74161:inst1|f74161:sub|89    ; |lamp|southeast:inst|red:inst3|74161:inst1|f74161:sub|89    ; out0             ;
; |lamp|southeast:inst|red:inst3|74161:inst1|f74161:sub|80    ; |lamp|southeast:inst|red:inst3|74161:inst1|f74161:sub|80    ; out0             ;
; |lamp|southeast:inst|red:inst3|74161:inst1|f74161:sub|9     ; |lamp|southeast:inst|red:inst3|74161:inst1|f74161:sub|9     ; regout           ;
; |lamp|southeast:inst|red:inst3|74161:inst1|f74161:sub|77    ; |lamp|southeast:inst|red:inst3|74161:inst1|f74161:sub|77    ; out0             ;
; |lamp|southeast:inst|red:inst3|74161:inst1|f74161:sub|78    ; |lamp|southeast:inst|red:inst3|74161:inst1|f74161:sub|78    ; out0             ;
; |lamp|southeast:inst|red:inst3|74161:inst1|f74161:sub|79    ; |lamp|southeast:inst|red:inst3|74161:inst1|f74161:sub|79    ; out0             ;
; |lamp|southeast:inst|red:inst3|74161:inst|f74161:sub|110    ; |lamp|southeast:inst|red:inst3|74161:inst|f74161:sub|110    ; regout           ;
; |lamp|southeast:inst|red:inst3|74161:inst|f74161:sub|108    ; |lamp|southeast:inst|red:inst3|74161:inst|f74161:sub|108    ; out0             ;
; |lamp|southeast:inst|red:inst3|74161:inst|f74161:sub|107    ; |lamp|southeast:inst|red:inst3|74161:inst|f74161:sub|107    ; out0             ;
; |lamp|southeast:inst|red:inst3|74161:inst|f74161:sub|106    ; |lamp|southeast:inst|red:inst3|74161:inst|f74161:sub|106    ; out0             ;
; |lamp|southeast:inst|red:inst3|74161:inst|f74161:sub|94     ; |lamp|southeast:inst|red:inst3|74161:inst|f74161:sub|94     ; out0             ;
; |lamp|southeast:inst|red:inst3|74161:inst|f74161:sub|99     ; |lamp|southeast:inst|red:inst3|74161:inst|f74161:sub|99     ; regout           ;
; |lamp|southeast:inst|red:inst3|74161:inst|f74161:sub|98     ; |lamp|southeast:inst|red:inst3|74161:inst|f74161:sub|98     ; out0             ;
; |lamp|southeast:inst|red:inst3|74161:inst|f74161:sub|97     ; |lamp|southeast:inst|red:inst3|74161:inst|f74161:sub|97     ; out0             ;
; |lamp|southeast:inst|red:inst3|74161:inst|f74161:sub|96     ; |lamp|southeast:inst|red:inst3|74161:inst|f74161:sub|96     ; out0             ;
; |lamp|southeast:inst|red:inst3|74161:inst|f74161:sub|84     ; |lamp|southeast:inst|red:inst3|74161:inst|f74161:sub|84     ; out0             ;
; |lamp|southeast:inst|red:inst3|74161:inst|f74161:sub|87     ; |lamp|southeast:inst|red:inst3|74161:inst|f74161:sub|87     ; regout           ;
; |lamp|southeast:inst|red:inst3|74161:inst|f74161:sub|86     ; |lamp|southeast:inst|red:inst3|74161:inst|f74161:sub|86     ; out0             ;
; |lamp|southeast:inst|red:inst3|74161:inst|f74161:sub|90     ; |lamp|southeast:inst|red:inst3|74161:inst|f74161:sub|90     ; out0             ;
; |lamp|southeast:inst|red:inst3|74161:inst|f74161:sub|89     ; |lamp|southeast:inst|red:inst3|74161:inst|f74161:sub|89     ; out0             ;
; |lamp|southeast:inst|red:inst3|74161:inst|f74161:sub|80     ; |lamp|southeast:inst|red:inst3|74161:inst|f74161:sub|80     ; out0             ;
; |lamp|southeast:inst|red:inst3|74161:inst|f74161:sub|9      ; |lamp|southeast:inst|red:inst3|74161:inst|f74161:sub|9      ; regout           ;
; |lamp|southeast:inst|red:inst3|74161:inst|f74161:sub|77     ; |lamp|southeast:inst|red:inst3|74161:inst|f74161:sub|77     ; out0             ;
; |lamp|southeast:inst|red:inst3|74161:inst|f74161:sub|78     ; |lamp|southeast:inst|red:inst3|74161:inst|f74161:sub|78     ; out0             ;
; |lamp|southeast:inst|control:inst|74161:inst|f74161:sub|86  ; |lamp|southeast:inst|control:inst|74161:inst|f74161:sub|86  ; out0             ;
; |lamp|southeast:inst|control:inst|74161:inst|f74161:sub|90  ; |lamp|southeast:inst|control:inst|74161:inst|f74161:sub|90  ; out0             ;
; |lamp|southeast:inst|control:inst|74161:inst|f74161:sub|89  ; |lamp|southeast:inst|control:inst|74161:inst|f74161:sub|89  ; out0             ;
; |lamp|southeast:inst|control:inst|74161:inst|f74161:sub|80  ; |lamp|southeast:inst|control:inst|74161:inst|f74161:sub|80  ; out0             ;
; |lamp|southeast:inst|control:inst|74161:inst|f74161:sub|9   ; |lamp|southeast:inst|control:inst|74161:inst|f74161:sub|9   ; regout           ;
; |lamp|southeast:inst|control:inst|74161:inst|f74161:sub|77  ; |lamp|southeast:inst|control:inst|74161:inst|f74161:sub|77  ; out0             ;
; |lamp|southeast:inst|control:inst|74161:inst|f74161:sub|78  ; |lamp|southeast:inst|control:inst|74161:inst|f74161:sub|78  ; out0             ;
; |lamp|southeast:inst|control:inst|74161:inst|f74161:sub|79  ; |lamp|southeast:inst|control:inst|74161:inst|f74161:sub|79  ; out0             ;
; |lamp|southeast:inst|yellow:inst2|inst9                     ; |lamp|southeast:inst|yellow:inst2|inst9                     ; out0             ;
; |lamp|southeast:inst|yellow:inst2|inst5                     ; |lamp|southeast:inst|yellow:inst2|inst5                     ; out0             ;
; |lamp|southeast:inst|yellow:inst2|inst6                     ; |lamp|southeast:inst|yellow:inst2|inst6                     ; out0             ;
; |lamp|southeast:inst|yellow:inst2|74161:inst|f74161:sub|110 ; |lamp|southeast:inst|yellow:inst2|74161:inst|f74161:sub|110 ; regout           ;
; |lamp|southeast:inst|yellow:inst2|74161:inst|f74161:sub|108 ; |lamp|southeast:inst|yellow:inst2|74161:inst|f74161:sub|108 ; out0             ;
; |lamp|southeast:inst|yellow:inst2|74161:inst|f74161:sub|107 ; |lamp|southeast:inst|yellow:inst2|74161:inst|f74161:sub|107 ; out0             ;
; |lamp|southeast:inst|yellow:inst2|74161:inst|f74161:sub|106 ; |lamp|southeast:inst|yellow:inst2|74161:inst|f74161:sub|106 ; out0             ;
; |lamp|southeast:inst|yellow:inst2|74161:inst|f74161:sub|94  ; |lamp|southeast:inst|yellow:inst2|74161:inst|f74161:sub|94  ; out0             ;
; |lamp|southeast:inst|yellow:inst2|74161:inst|f74161:sub|99  ; |lamp|southeast:inst|yellow:inst2|74161:inst|f74161:sub|99  ; regout           ;
; |lamp|southeast:inst|yellow:inst2|74161:inst|f74161:sub|98  ; |lamp|southeast:inst|yellow:inst2|74161:inst|f74161:sub|98  ; out0             ;
; |lamp|southeast:inst|yellow:inst2|74161:inst|f74161:sub|97  ; |lamp|southeast:inst|yellow:inst2|74161:inst|f74161:sub|97  ; out0             ;
; |lamp|southeast:inst|yellow:inst2|74161:inst|f74161:sub|96  ; |lamp|southeast:inst|yellow:inst2|74161:inst|f74161:sub|96  ; out0             ;
; |lamp|southeast:inst|yellow:inst2|74161:inst|f74161:sub|84  ; |lamp|southeast:inst|yellow:inst2|74161:inst|f74161:sub|84  ; out0             ;
; |lamp|southeast:inst|yellow:inst2|74161:inst|f74161:sub|87  ; |lamp|southeast:inst|yellow:inst2|74161:inst|f74161:sub|87  ; regout           ;
; |lamp|southeast:inst|yellow:inst2|74161:inst|f74161:sub|86  ; |lamp|southeast:inst|yellow:inst2|74161:inst|f74161:sub|86  ; out0             ;
; |lamp|southeast:inst|yellow:inst2|74161:inst|f74161:sub|90  ; |lamp|southeast:inst|yellow:inst2|74161:inst|f74161:sub|90  ; out0             ;
; |lamp|southeast:inst|yellow:inst2|74161:inst|f74161:sub|89  ; |lamp|southeast:inst|yellow:inst2|74161:inst|f74161:sub|89  ; out0             ;
; |lamp|southeast:inst|yellow:inst2|74161:inst|f74161:sub|80  ; |lamp|southeast:inst|yellow:inst2|74161:inst|f74161:sub|80  ; out0             ;
; |lamp|southeast:inst|yellow:inst2|74161:inst|f74161:sub|9   ; |lamp|southeast:inst|yellow:inst2|74161:inst|f74161:sub|9   ; regout           ;
; |lamp|southeast:inst|yellow:inst2|74161:inst|f74161:sub|77  ; |lamp|southeast:inst|yellow:inst2|74161:inst|f74161:sub|77  ; out0             ;
; |lamp|southeast:inst|yellow:inst2|74161:inst|f74161:sub|78  ; |lamp|southeast:inst|yellow:inst2|74161:inst|f74161:sub|78  ; out0             ;
; |lamp|southeast:inst|yellow:inst2|74161:inst|f74161:sub|79  ; |lamp|southeast:inst|yellow:inst2|74161:inst|f74161:sub|79  ; out0             ;
; |lamp|southeast:inst|74153:inst7|9                          ; |lamp|southeast:inst|74153:inst7|9                          ; out0             ;
; |lamp|southeast:inst|74153:inst7|1                          ; |lamp|southeast:inst|74153:inst7|1                          ; out0             ;
; |lamp|southeast:inst|74153:inst7|2                          ; |lamp|southeast:inst|74153:inst7|2                          ; out0             ;
; |lamp|southeast:inst|74153:inst7|3                          ; |lamp|southeast:inst|74153:inst7|3                          ; out0             ;
; |lamp|southeast:inst|74153:inst7|10                         ; |lamp|southeast:inst|74153:inst7|10                         ; out0             ;
; |lamp|southeast:inst|74153:inst7|5                          ; |lamp|southeast:inst|74153:inst7|5                          ; out0             ;
; |lamp|southeast:inst|74153:inst7|6                          ; |lamp|southeast:inst|74153:inst7|6                          ; out0             ;
; |lamp|southeast:inst|74153:inst7|7                          ; |lamp|southeast:inst|74153:inst7|7                          ; out0             ;
+-------------------------------------------------------------+-------------------------------------------------------------+------------------+


The following table displays output ports that do not toggle to 1 during simulation.
+------------------------------------------------------------------------------------------------------------------------------------------------+
; Missing 1-Value Coverage                                                                                                                       ;
+--------------------------------------------------------------+--------------------------------------------------------------+------------------+
; Node Name                                                    ; Output Port Name                                             ; Output Port Type ;
+--------------------------------------------------------------+--------------------------------------------------------------+------------------+
; |lamp|A8                                                     ; |lamp|A8                                                     ; pin_out          ;
; |lamp|B8                                                     ; |lamp|B8                                                     ; pin_out          ;
; |lamp|northwest:inst1|inst5                                  ; |lamp|northwest:inst1|inst5                                  ; out0             ;
; |lamp|northwest:inst1|inst21                                 ; |lamp|northwest:inst1|inst21                                 ; out0             ;
; |lamp|northwest:inst1|inst19                                 ; |lamp|northwest:inst1|inst19                                 ; out0             ;
; |lamp|northwest:inst1|inst16                                 ; |lamp|northwest:inst1|inst16                                 ; out0             ;
; |lamp|northwest:inst1|inst15                                 ; |lamp|northwest:inst1|inst15                                 ; out0             ;
; |lamp|northwest:inst1|inst20                                 ; |lamp|northwest:inst1|inst20                                 ; out0             ;
; |lamp|northwest:inst1|inst14                                 ; |lamp|northwest:inst1|inst14                                 ; out0             ;
; |lamp|northwest:inst1|inst13                                 ; |lamp|northwest:inst1|inst13                                 ; out0             ;
; |lamp|northwest:inst1|inst22                                 ; |lamp|northwest:inst1|inst22                                 ; out0             ;
; |lamp|northwest:inst1|74153:inst10|1                         ; |lamp|northwest:inst1|74153:inst10|1                         ; out0             ;
; |lamp|northwest:inst1|74153:inst10|4                         ; |lamp|northwest:inst1|74153:inst10|4                         ; out0             ;
; |lamp|northwest:inst1|74153:inst9|1                          ; |lamp|northwest:inst1|74153:inst9|1                          ; out0             ;
; |lamp|northwest:inst1|74153:inst9|4                          ; |lamp|northwest:inst1|74153:inst9|4                          ; out0             ;
; |lamp|northwest:inst1|74153:inst9|5                          ; |lamp|northwest:inst1|74153:inst9|5                          ; out0             ;
; |lamp|northwest:inst1|74153:inst9|8                          ; |lamp|northwest:inst1|74153:inst9|8                          ; out0             ;
; |lamp|northwest:inst1|74153:inst8|1                          ; |lamp|northwest:inst1|74153:inst8|1                          ; out0             ;
; |lamp|northwest:inst1|74153:inst8|2                          ; |lamp|northwest:inst1|74153:inst8|2                          ; out0             ;
; |lamp|northwest:inst1|74153:inst8|4                          ; |lamp|northwest:inst1|74153:inst8|4                          ; out0             ;
; |lamp|northwest:inst1|74153:inst8|5                          ; |lamp|northwest:inst1|74153:inst8|5                          ; out0             ;
; |lamp|northwest:inst1|74153:inst8|6                          ; |lamp|northwest:inst1|74153:inst8|6                          ; out0             ;
; |lamp|northwest:inst1|74153:inst8|8                          ; |lamp|northwest:inst1|74153:inst8|8                          ; out0             ;
; |lamp|northwest:inst1|green:inst1|inst9                      ; |lamp|northwest:inst1|green:inst1|inst9                      ; out0             ;
; |lamp|northwest:inst1|green:inst1|inst12                     ; |lamp|northwest:inst1|green:inst1|inst12                     ; out0             ;
; |lamp|northwest:inst1|green:inst1|inst11                     ; |lamp|northwest:inst1|green:inst1|inst11                     ; out0             ;
; |lamp|northwest:inst1|green:inst1|inst5                      ; |lamp|northwest:inst1|green:inst1|inst5                      ; out0             ;
; |lamp|northwest:inst1|green:inst1|inst6                      ; |lamp|northwest:inst1|green:inst1|inst6                      ; out0             ;
; |lamp|northwest:inst1|green:inst1|74161:inst1|f74161:sub|99  ; |lamp|northwest:inst1|green:inst1|74161:inst1|f74161:sub|99  ; regout           ;
; |lamp|northwest:inst1|green:inst1|74161:inst1|f74161:sub|98  ; |lamp|northwest:inst1|green:inst1|74161:inst1|f74161:sub|98  ; out0             ;
; |lamp|northwest:inst1|green:inst1|74161:inst1|f74161:sub|97  ; |lamp|northwest:inst1|green:inst1|74161:inst1|f74161:sub|97  ; out0             ;
; |lamp|northwest:inst1|green:inst1|74161:inst1|f74161:sub|96  ; |lamp|northwest:inst1|green:inst1|74161:inst1|f74161:sub|96  ; out0             ;
; |lamp|northwest:inst1|green:inst1|74161:inst1|f74161:sub|84  ; |lamp|northwest:inst1|green:inst1|74161:inst1|f74161:sub|84  ; out0             ;
; |lamp|northwest:inst1|green:inst1|74161:inst1|f74161:sub|87  ; |lamp|northwest:inst1|green:inst1|74161:inst1|f74161:sub|87  ; regout           ;
; |lamp|northwest:inst1|green:inst1|74161:inst1|f74161:sub|86  ; |lamp|northwest:inst1|green:inst1|74161:inst1|f74161:sub|86  ; out0             ;
; |lamp|northwest:inst1|green:inst1|74161:inst1|f74161:sub|90  ; |lamp|northwest:inst1|green:inst1|74161:inst1|f74161:sub|90  ; out0             ;
; |lamp|northwest:inst1|green:inst1|74161:inst1|f74161:sub|89  ; |lamp|northwest:inst1|green:inst1|74161:inst1|f74161:sub|89  ; out0             ;
; |lamp|northwest:inst1|green:inst1|74161:inst1|f74161:sub|80  ; |lamp|northwest:inst1|green:inst1|74161:inst1|f74161:sub|80  ; out0             ;
; |lamp|northwest:inst1|green:inst1|74161:inst1|f74161:sub|9   ; |lamp|northwest:inst1|green:inst1|74161:inst1|f74161:sub|9   ; regout           ;
; |lamp|northwest:inst1|green:inst1|74161:inst1|f74161:sub|77  ; |lamp|northwest:inst1|green:inst1|74161:inst1|f74161:sub|77  ; out0             ;
; |lamp|northwest:inst1|green:inst1|74161:inst1|f74161:sub|78  ; |lamp|northwest:inst1|green:inst1|74161:inst1|f74161:sub|78  ; out0             ;
; |lamp|northwest:inst1|green:inst1|74161:inst1|f74161:sub|79  ; |lamp|northwest:inst1|green:inst1|74161:inst1|f74161:sub|79  ; out0             ;
; |lamp|northwest:inst1|green:inst1|74161:inst|f74161:sub|110  ; |lamp|northwest:inst1|green:inst1|74161:inst|f74161:sub|110  ; regout           ;
; |lamp|northwest:inst1|green:inst1|74161:inst|f74161:sub|108  ; |lamp|northwest:inst1|green:inst1|74161:inst|f74161:sub|108  ; out0             ;
; |lamp|northwest:inst1|green:inst1|74161:inst|f74161:sub|107  ; |lamp|northwest:inst1|green:inst1|74161:inst|f74161:sub|107  ; out0             ;
; |lamp|northwest:inst1|green:inst1|74161:inst|f74161:sub|106  ; |lamp|northwest:inst1|green:inst1|74161:inst|f74161:sub|106  ; out0             ;
; |lamp|northwest:inst1|green:inst1|74161:inst|f74161:sub|94   ; |lamp|northwest:inst1|green:inst1|74161:inst|f74161:sub|94   ; out0             ;
; |lamp|northwest:inst1|green:inst1|74161:inst|f74161:sub|99   ; |lamp|northwest:inst1|green:inst1|74161:inst|f74161:sub|99   ; regout           ;
; |lamp|northwest:inst1|green:inst1|74161:inst|f74161:sub|98   ; |lamp|northwest:inst1|green:inst1|74161:inst|f74161:sub|98   ; out0             ;
; |lamp|northwest:inst1|green:inst1|74161:inst|f74161:sub|97   ; |lamp|northwest:inst1|green:inst1|74161:inst|f74161:sub|97   ; out0             ;
; |lamp|northwest:inst1|green:inst1|74161:inst|f74161:sub|96   ; |lamp|northwest:inst1|green:inst1|74161:inst|f74161:sub|96   ; out0             ;
; |lamp|northwest:inst1|green:inst1|74161:inst|f74161:sub|84   ; |lamp|northwest:inst1|green:inst1|74161:inst|f74161:sub|84   ; out0             ;
; |lamp|northwest:inst1|green:inst1|74161:inst|f74161:sub|87   ; |lamp|northwest:inst1|green:inst1|74161:inst|f74161:sub|87   ; regout           ;
; |lamp|northwest:inst1|green:inst1|74161:inst|f74161:sub|86   ; |lamp|northwest:inst1|green:inst1|74161:inst|f74161:sub|86   ; out0             ;
; |lamp|northwest:inst1|green:inst1|74161:inst|f74161:sub|90   ; |lamp|northwest:inst1|green:inst1|74161:inst|f74161:sub|90   ; out0             ;
; |lamp|northwest:inst1|green:inst1|74161:inst|f74161:sub|89   ; |lamp|northwest:inst1|green:inst1|74161:inst|f74161:sub|89   ; out0             ;
; |lamp|northwest:inst1|green:inst1|74161:inst|f74161:sub|80   ; |lamp|northwest:inst1|green:inst1|74161:inst|f74161:sub|80   ; out0             ;
; |lamp|northwest:inst1|green:inst1|74161:inst|f74161:sub|9    ; |lamp|northwest:inst1|green:inst1|74161:inst|f74161:sub|9    ; regout           ;
; |lamp|northwest:inst1|green:inst1|74161:inst|f74161:sub|77   ; |lamp|northwest:inst1|green:inst1|74161:inst|f74161:sub|77   ; out0             ;
; |lamp|northwest:inst1|green:inst1|74161:inst|f74161:sub|78   ; |lamp|northwest:inst1|green:inst1|74161:inst|f74161:sub|78   ; out0             ;
; |lamp|northwest:inst1|green:inst1|74161:inst|f74161:sub|79   ; |lamp|northwest:inst1|green:inst1|74161:inst|f74161:sub|79   ; out0             ;
; |lamp|northwest:inst1|red:inst3|74161:inst1|f74161:sub|99    ; |lamp|northwest:inst1|red:inst3|74161:inst1|f74161:sub|99    ; regout           ;
; |lamp|northwest:inst1|red:inst3|74161:inst|f74161:sub|79     ; |lamp|northwest:inst1|red:inst3|74161:inst|f74161:sub|79     ; out0             ;
; |lamp|northwest:inst1|red:inst3|74161:inst|f74161:sub|82     ; |lamp|northwest:inst1|red:inst3|74161:inst|f74161:sub|82     ; out0             ;
; |lamp|northwest:inst1|control:inst|inst3                     ; |lamp|northwest:inst1|control:inst|inst3                     ; out0             ;
; |lamp|northwest:inst1|control:inst|74161:inst|f74161:sub|87  ; |lamp|northwest:inst1|control:inst|74161:inst|f74161:sub|87  ; regout           ;
; |lamp|northwest:inst1|control:inst|74161:inst|f74161:sub|86  ; |lamp|northwest:inst1|control:inst|74161:inst|f74161:sub|86  ; out0             ;
; |lamp|northwest:inst1|control:inst|74161:inst|f74161:sub|90  ; |lamp|northwest:inst1|control:inst|74161:inst|f74161:sub|90  ; out0             ;
; |lamp|northwest:inst1|control:inst|74161:inst|f74161:sub|89  ; |lamp|northwest:inst1|control:inst|74161:inst|f74161:sub|89  ; out0             ;
; |lamp|northwest:inst1|control:inst|74161:inst|f74161:sub|80  ; |lamp|northwest:inst1|control:inst|74161:inst|f74161:sub|80  ; out0             ;
; |lamp|northwest:inst1|control:inst|74161:inst|f74161:sub|9   ; |lamp|northwest:inst1|control:inst|74161:inst|f74161:sub|9   ; regout           ;
; |lamp|northwest:inst1|control:inst|74161:inst|f74161:sub|77  ; |lamp|northwest:inst1|control:inst|74161:inst|f74161:sub|77  ; out0             ;
; |lamp|northwest:inst1|control:inst|74161:inst|f74161:sub|78  ; |lamp|northwest:inst1|control:inst|74161:inst|f74161:sub|78  ; out0             ;
; |lamp|northwest:inst1|control:inst|74161:inst|f74161:sub|79  ; |lamp|northwest:inst1|control:inst|74161:inst|f74161:sub|79  ; out0             ;
; |lamp|northwest:inst1|yellow:inst2|inst9                     ; |lamp|northwest:inst1|yellow:inst2|inst9                     ; out0             ;
; |lamp|northwest:inst1|yellow:inst2|inst5                     ; |lamp|northwest:inst1|yellow:inst2|inst5                     ; out0             ;
; |lamp|northwest:inst1|yellow:inst2|inst6                     ; |lamp|northwest:inst1|yellow:inst2|inst6                     ; out0             ;
; |lamp|northwest:inst1|yellow:inst2|74161:inst|f74161:sub|110 ; |lamp|northwest:inst1|yellow:inst2|74161:inst|f74161:sub|110 ; regout           ;
; |lamp|northwest:inst1|yellow:inst2|74161:inst|f74161:sub|108 ; |lamp|northwest:inst1|yellow:inst2|74161:inst|f74161:sub|108 ; out0             ;
; |lamp|northwest:inst1|yellow:inst2|74161:inst|f74161:sub|107 ; |lamp|northwest:inst1|yellow:inst2|74161:inst|f74161:sub|107 ; out0             ;
; |lamp|northwest:inst1|yellow:inst2|74161:inst|f74161:sub|106 ; |lamp|northwest:inst1|yellow:inst2|74161:inst|f74161:sub|106 ; out0             ;
; |lamp|northwest:inst1|yellow:inst2|74161:inst|f74161:sub|94  ; |lamp|northwest:inst1|yellow:inst2|74161:inst|f74161:sub|94  ; out0             ;
; |lamp|northwest:inst1|yellow:inst2|74161:inst|f74161:sub|99  ; |lamp|northwest:inst1|yellow:inst2|74161:inst|f74161:sub|99  ; regout           ;
; |lamp|northwest:inst1|yellow:inst2|74161:inst|f74161:sub|98  ; |lamp|northwest:inst1|yellow:inst2|74161:inst|f74161:sub|98  ; out0             ;
; |lamp|northwest:inst1|yellow:inst2|74161:inst|f74161:sub|97  ; |lamp|northwest:inst1|yellow:inst2|74161:inst|f74161:sub|97  ; out0             ;
; |lamp|northwest:inst1|yellow:inst2|74161:inst|f74161:sub|96  ; |lamp|northwest:inst1|yellow:inst2|74161:inst|f74161:sub|96  ; out0             ;
; |lamp|northwest:inst1|yellow:inst2|74161:inst|f74161:sub|84  ; |lamp|northwest:inst1|yellow:inst2|74161:inst|f74161:sub|84  ; out0             ;
; |lamp|northwest:inst1|yellow:inst2|74161:inst|f74161:sub|87  ; |lamp|northwest:inst1|yellow:inst2|74161:inst|f74161:sub|87  ; regout           ;
; |lamp|northwest:inst1|yellow:inst2|74161:inst|f74161:sub|86  ; |lamp|northwest:inst1|yellow:inst2|74161:inst|f74161:sub|86  ; out0             ;
; |lamp|northwest:inst1|yellow:inst2|74161:inst|f74161:sub|90  ; |lamp|northwest:inst1|yellow:inst2|74161:inst|f74161:sub|90  ; out0             ;
; |lamp|northwest:inst1|yellow:inst2|74161:inst|f74161:sub|89  ; |lamp|northwest:inst1|yellow:inst2|74161:inst|f74161:sub|89  ; out0             ;
; |lamp|northwest:inst1|yellow:inst2|74161:inst|f74161:sub|80  ; |lamp|northwest:inst1|yellow:inst2|74161:inst|f74161:sub|80  ; out0             ;
; |lamp|northwest:inst1|yellow:inst2|74161:inst|f74161:sub|9   ; |lamp|northwest:inst1|yellow:inst2|74161:inst|f74161:sub|9   ; regout           ;
; |lamp|northwest:inst1|yellow:inst2|74161:inst|f74161:sub|77  ; |lamp|northwest:inst1|yellow:inst2|74161:inst|f74161:sub|77  ; out0             ;
; |lamp|northwest:inst1|yellow:inst2|74161:inst|f74161:sub|78  ; |lamp|northwest:inst1|yellow:inst2|74161:inst|f74161:sub|78  ; out0             ;
; |lamp|northwest:inst1|yellow:inst2|74161:inst|f74161:sub|79  ; |lamp|northwest:inst1|yellow:inst2|74161:inst|f74161:sub|79  ; out0             ;
; |lamp|northwest:inst1|74153:inst7|1                          ; |lamp|northwest:inst1|74153:inst7|1                          ; out0             ;
; |lamp|northwest:inst1|74153:inst7|2                          ; |lamp|northwest:inst1|74153:inst7|2                          ; out0             ;
; |lamp|northwest:inst1|74153:inst7|4                          ; |lamp|northwest:inst1|74153:inst7|4                          ; out0             ;
; |lamp|northwest:inst1|74153:inst7|5                          ; |lamp|northwest:inst1|74153:inst7|5                          ; out0             ;
; |lamp|northwest:inst1|74153:inst7|6                          ; |lamp|northwest:inst1|74153:inst7|6                          ; out0             ;
; |lamp|northwest:inst1|74153:inst7|8                          ; |lamp|northwest:inst1|74153:inst7|8                          ; out0             ;
; |lamp|southeast:inst|inst19                                  ; |lamp|southeast:inst|inst19                                  ; out0             ;
; |lamp|southeast:inst|inst16                                  ; |lamp|southeast:inst|inst16                                  ; out0             ;
; |lamp|southeast:inst|inst15                                  ; |lamp|southeast:inst|inst15                                  ; out0             ;
; |lamp|southeast:inst|74153:inst10|1                          ; |lamp|southeast:inst|74153:inst10|1                          ; out0             ;
; |lamp|southeast:inst|74153:inst10|4                          ; |lamp|southeast:inst|74153:inst10|4                          ; out0             ;
; |lamp|southeast:inst|74153:inst9|4                           ; |lamp|southeast:inst|74153:inst9|4                           ; out0             ;
; |lamp|southeast:inst|74153:inst9|8                           ; |lamp|southeast:inst|74153:inst9|8                           ; out0             ;
; |lamp|southeast:inst|74153:inst8|4                           ; |lamp|southeast:inst|74153:inst8|4                           ; out0             ;
; |lamp|southeast:inst|74153:inst8|8                           ; |lamp|southeast:inst|74153:inst8|8                           ; out0             ;
; |lamp|southeast:inst|green:inst1|74161:inst|f74161:sub|79    ; |lamp|southeast:inst|green:inst1|74161:inst|f74161:sub|79    ; out0             ;
; |lamp|southeast:inst|red:inst3|74161:inst1|f74161:sub|99     ; |lamp|southeast:inst|red:inst3|74161:inst1|f74161:sub|99     ; regout           ;
; |lamp|southeast:inst|control:inst|inst3                      ; |lamp|southeast:inst|control:inst|inst3                      ; out0             ;
; |lamp|southeast:inst|74153:inst7|4                           ; |lamp|southeast:inst|74153:inst7|4                           ; out0             ;
; |lamp|southeast:inst|74153:inst7|8                           ; |lamp|southeast:inst|74153:inst7|8                           ; out0             ;
+--------------------------------------------------------------+--------------------------------------------------------------+------------------+


The following table displays output ports that do not toggle to 0 during simulation.
+------------------------------------------------------------------------------------------------------------------------------------------------+
; Missing 0-Value Coverage                                                                                                                       ;
+--------------------------------------------------------------+--------------------------------------------------------------+------------------+
; Node Name                                                    ; Output Port Name                                             ; Output Port Type ;
+--------------------------------------------------------------+--------------------------------------------------------------+------------------+
; |lamp|A8                                                     ; |lamp|A8                                                     ; pin_out          ;
; |lamp|B8                                                     ; |lamp|B8                                                     ; pin_out          ;
; |lamp|northwest:inst1|inst5                                  ; |lamp|northwest:inst1|inst5                                  ; out0             ;
; |lamp|northwest:inst1|inst21                                 ; |lamp|northwest:inst1|inst21                                 ; out0             ;
; |lamp|northwest:inst1|inst19                                 ; |lamp|northwest:inst1|inst19                                 ; out0             ;
; |lamp|northwest:inst1|inst16                                 ; |lamp|northwest:inst1|inst16                                 ; out0             ;
; |lamp|northwest:inst1|inst15                                 ; |lamp|northwest:inst1|inst15                                 ; out0             ;
; |lamp|northwest:inst1|inst20                                 ; |lamp|northwest:inst1|inst20                                 ; out0             ;
; |lamp|northwest:inst1|inst14                                 ; |lamp|northwest:inst1|inst14                                 ; out0             ;
; |lamp|northwest:inst1|inst13                                 ; |lamp|northwest:inst1|inst13                                 ; out0             ;
; |lamp|northwest:inst1|inst22                                 ; |lamp|northwest:inst1|inst22                                 ; out0             ;
; |lamp|northwest:inst1|74153:inst10|1                         ; |lamp|northwest:inst1|74153:inst10|1                         ; out0             ;
; |lamp|northwest:inst1|74153:inst10|4                         ; |lamp|northwest:inst1|74153:inst10|4                         ; out0             ;
; |lamp|northwest:inst1|74153:inst9|1                          ; |lamp|northwest:inst1|74153:inst9|1                          ; out0             ;
; |lamp|northwest:inst1|74153:inst9|4                          ; |lamp|northwest:inst1|74153:inst9|4                          ; out0             ;
; |lamp|northwest:inst1|74153:inst9|5                          ; |lamp|northwest:inst1|74153:inst9|5                          ; out0             ;
; |lamp|northwest:inst1|74153:inst9|8                          ; |lamp|northwest:inst1|74153:inst9|8                          ; out0             ;
; |lamp|northwest:inst1|74153:inst8|1                          ; |lamp|northwest:inst1|74153:inst8|1                          ; out0             ;
; |lamp|northwest:inst1|74153:inst8|2                          ; |lamp|northwest:inst1|74153:inst8|2                          ; out0             ;
; |lamp|northwest:inst1|74153:inst8|4                          ; |lamp|northwest:inst1|74153:inst8|4                          ; out0             ;
; |lamp|northwest:inst1|74153:inst8|5                          ; |lamp|northwest:inst1|74153:inst8|5                          ; out0             ;
; |lamp|northwest:inst1|74153:inst8|6                          ; |lamp|northwest:inst1|74153:inst8|6                          ; out0             ;
; |lamp|northwest:inst1|74153:inst8|8                          ; |lamp|northwest:inst1|74153:inst8|8                          ; out0             ;
; |lamp|northwest:inst1|green:inst1|inst9                      ; |lamp|northwest:inst1|green:inst1|inst9                      ; out0             ;
; |lamp|northwest:inst1|green:inst1|inst12                     ; |lamp|northwest:inst1|green:inst1|inst12                     ; out0             ;
; |lamp|northwest:inst1|green:inst1|inst11                     ; |lamp|northwest:inst1|green:inst1|inst11                     ; out0             ;
; |lamp|northwest:inst1|green:inst1|inst5                      ; |lamp|northwest:inst1|green:inst1|inst5                      ; out0             ;
; |lamp|northwest:inst1|green:inst1|inst6                      ; |lamp|northwest:inst1|green:inst1|inst6                      ; out0             ;
; |lamp|northwest:inst1|green:inst1|74161:inst1|f74161:sub|99  ; |lamp|northwest:inst1|green:inst1|74161:inst1|f74161:sub|99  ; regout           ;
; |lamp|northwest:inst1|green:inst1|74161:inst1|f74161:sub|98  ; |lamp|northwest:inst1|green:inst1|74161:inst1|f74161:sub|98  ; out0             ;
; |lamp|northwest:inst1|green:inst1|74161:inst1|f74161:sub|97  ; |lamp|northwest:inst1|green:inst1|74161:inst1|f74161:sub|97  ; out0             ;
; |lamp|northwest:inst1|green:inst1|74161:inst1|f74161:sub|96  ; |lamp|northwest:inst1|green:inst1|74161:inst1|f74161:sub|96  ; out0             ;
; |lamp|northwest:inst1|green:inst1|74161:inst1|f74161:sub|84  ; |lamp|northwest:inst1|green:inst1|74161:inst1|f74161:sub|84  ; out0             ;
; |lamp|northwest:inst1|green:inst1|74161:inst1|f74161:sub|87  ; |lamp|northwest:inst1|green:inst1|74161:inst1|f74161:sub|87  ; regout           ;
; |lamp|northwest:inst1|green:inst1|74161:inst1|f74161:sub|86  ; |lamp|northwest:inst1|green:inst1|74161:inst1|f74161:sub|86  ; out0             ;
; |lamp|northwest:inst1|green:inst1|74161:inst1|f74161:sub|90  ; |lamp|northwest:inst1|green:inst1|74161:inst1|f74161:sub|90  ; out0             ;
; |lamp|northwest:inst1|green:inst1|74161:inst1|f74161:sub|89  ; |lamp|northwest:inst1|green:inst1|74161:inst1|f74161:sub|89  ; out0             ;
; |lamp|northwest:inst1|green:inst1|74161:inst1|f74161:sub|80  ; |lamp|northwest:inst1|green:inst1|74161:inst1|f74161:sub|80  ; out0             ;
; |lamp|northwest:inst1|green:inst1|74161:inst1|f74161:sub|9   ; |lamp|northwest:inst1|green:inst1|74161:inst1|f74161:sub|9   ; regout           ;
; |lamp|northwest:inst1|green:inst1|74161:inst1|f74161:sub|77  ; |lamp|northwest:inst1|green:inst1|74161:inst1|f74161:sub|77  ; out0             ;
; |lamp|northwest:inst1|green:inst1|74161:inst1|f74161:sub|78  ; |lamp|northwest:inst1|green:inst1|74161:inst1|f74161:sub|78  ; out0             ;
; |lamp|northwest:inst1|green:inst1|74161:inst1|f74161:sub|79  ; |lamp|northwest:inst1|green:inst1|74161:inst1|f74161:sub|79  ; out0             ;
; |lamp|northwest:inst1|green:inst1|74161:inst|f74161:sub|110  ; |lamp|northwest:inst1|green:inst1|74161:inst|f74161:sub|110  ; regout           ;
; |lamp|northwest:inst1|green:inst1|74161:inst|f74161:sub|108  ; |lamp|northwest:inst1|green:inst1|74161:inst|f74161:sub|108  ; out0             ;
; |lamp|northwest:inst1|green:inst1|74161:inst|f74161:sub|107  ; |lamp|northwest:inst1|green:inst1|74161:inst|f74161:sub|107  ; out0             ;
; |lamp|northwest:inst1|green:inst1|74161:inst|f74161:sub|106  ; |lamp|northwest:inst1|green:inst1|74161:inst|f74161:sub|106  ; out0             ;
; |lamp|northwest:inst1|green:inst1|74161:inst|f74161:sub|94   ; |lamp|northwest:inst1|green:inst1|74161:inst|f74161:sub|94   ; out0             ;
; |lamp|northwest:inst1|green:inst1|74161:inst|f74161:sub|99   ; |lamp|northwest:inst1|green:inst1|74161:inst|f74161:sub|99   ; regout           ;
; |lamp|northwest:inst1|green:inst1|74161:inst|f74161:sub|98   ; |lamp|northwest:inst1|green:inst1|74161:inst|f74161:sub|98   ; out0             ;
; |lamp|northwest:inst1|green:inst1|74161:inst|f74161:sub|97   ; |lamp|northwest:inst1|green:inst1|74161:inst|f74161:sub|97   ; out0             ;
; |lamp|northwest:inst1|green:inst1|74161:inst|f74161:sub|96   ; |lamp|northwest:inst1|green:inst1|74161:inst|f74161:sub|96   ; out0             ;
; |lamp|northwest:inst1|green:inst1|74161:inst|f74161:sub|84   ; |lamp|northwest:inst1|green:inst1|74161:inst|f74161:sub|84   ; out0             ;
; |lamp|northwest:inst1|green:inst1|74161:inst|f74161:sub|87   ; |lamp|northwest:inst1|green:inst1|74161:inst|f74161:sub|87   ; regout           ;
; |lamp|northwest:inst1|green:inst1|74161:inst|f74161:sub|86   ; |lamp|northwest:inst1|green:inst1|74161:inst|f74161:sub|86   ; out0             ;
; |lamp|northwest:inst1|green:inst1|74161:inst|f74161:sub|90   ; |lamp|northwest:inst1|green:inst1|74161:inst|f74161:sub|90   ; out0             ;
; |lamp|northwest:inst1|green:inst1|74161:inst|f74161:sub|89   ; |lamp|northwest:inst1|green:inst1|74161:inst|f74161:sub|89   ; out0             ;
; |lamp|northwest:inst1|green:inst1|74161:inst|f74161:sub|80   ; |lamp|northwest:inst1|green:inst1|74161:inst|f74161:sub|80   ; out0             ;
; |lamp|northwest:inst1|green:inst1|74161:inst|f74161:sub|9    ; |lamp|northwest:inst1|green:inst1|74161:inst|f74161:sub|9    ; regout           ;
; |lamp|northwest:inst1|green:inst1|74161:inst|f74161:sub|77   ; |lamp|northwest:inst1|green:inst1|74161:inst|f74161:sub|77   ; out0             ;
; |lamp|northwest:inst1|green:inst1|74161:inst|f74161:sub|78   ; |lamp|northwest:inst1|green:inst1|74161:inst|f74161:sub|78   ; out0             ;
; |lamp|northwest:inst1|green:inst1|74161:inst|f74161:sub|79   ; |lamp|northwest:inst1|green:inst1|74161:inst|f74161:sub|79   ; out0             ;
; |lamp|northwest:inst1|red:inst3|74161:inst1|f74161:sub|99    ; |lamp|northwest:inst1|red:inst3|74161:inst1|f74161:sub|99    ; regout           ;
; |lamp|northwest:inst1|red:inst3|74161:inst|f74161:sub|79     ; |lamp|northwest:inst1|red:inst3|74161:inst|f74161:sub|79     ; out0             ;
; |lamp|northwest:inst1|red:inst3|74161:inst|f74161:sub|82     ; |lamp|northwest:inst1|red:inst3|74161:inst|f74161:sub|82     ; out0             ;
; |lamp|northwest:inst1|control:inst|inst3                     ; |lamp|northwest:inst1|control:inst|inst3                     ; out0             ;
; |lamp|northwest:inst1|control:inst|74161:inst|f74161:sub|87  ; |lamp|northwest:inst1|control:inst|74161:inst|f74161:sub|87  ; regout           ;
; |lamp|northwest:inst1|control:inst|74161:inst|f74161:sub|86  ; |lamp|northwest:inst1|control:inst|74161:inst|f74161:sub|86  ; out0             ;
; |lamp|northwest:inst1|control:inst|74161:inst|f74161:sub|90  ; |lamp|northwest:inst1|control:inst|74161:inst|f74161:sub|90  ; out0             ;
; |lamp|northwest:inst1|control:inst|74161:inst|f74161:sub|89  ; |lamp|northwest:inst1|control:inst|74161:inst|f74161:sub|89  ; out0             ;
; |lamp|northwest:inst1|control:inst|74161:inst|f74161:sub|80  ; |lamp|northwest:inst1|control:inst|74161:inst|f74161:sub|80  ; out0             ;
; |lamp|northwest:inst1|control:inst|74161:inst|f74161:sub|9   ; |lamp|northwest:inst1|control:inst|74161:inst|f74161:sub|9   ; regout           ;
; |lamp|northwest:inst1|control:inst|74161:inst|f74161:sub|77  ; |lamp|northwest:inst1|control:inst|74161:inst|f74161:sub|77  ; out0             ;
; |lamp|northwest:inst1|control:inst|74161:inst|f74161:sub|78  ; |lamp|northwest:inst1|control:inst|74161:inst|f74161:sub|78  ; out0             ;
; |lamp|northwest:inst1|control:inst|74161:inst|f74161:sub|79  ; |lamp|northwest:inst1|control:inst|74161:inst|f74161:sub|79  ; out0             ;
; |lamp|northwest:inst1|yellow:inst2|inst9                     ; |lamp|northwest:inst1|yellow:inst2|inst9                     ; out0             ;
; |lamp|northwest:inst1|yellow:inst2|inst5                     ; |lamp|northwest:inst1|yellow:inst2|inst5                     ; out0             ;
; |lamp|northwest:inst1|yellow:inst2|inst6                     ; |lamp|northwest:inst1|yellow:inst2|inst6                     ; out0             ;
; |lamp|northwest:inst1|yellow:inst2|74161:inst|f74161:sub|110 ; |lamp|northwest:inst1|yellow:inst2|74161:inst|f74161:sub|110 ; regout           ;
; |lamp|northwest:inst1|yellow:inst2|74161:inst|f74161:sub|108 ; |lamp|northwest:inst1|yellow:inst2|74161:inst|f74161:sub|108 ; out0             ;
; |lamp|northwest:inst1|yellow:inst2|74161:inst|f74161:sub|107 ; |lamp|northwest:inst1|yellow:inst2|74161:inst|f74161:sub|107 ; out0             ;
; |lamp|northwest:inst1|yellow:inst2|74161:inst|f74161:sub|106 ; |lamp|northwest:inst1|yellow:inst2|74161:inst|f74161:sub|106 ; out0             ;
; |lamp|northwest:inst1|yellow:inst2|74161:inst|f74161:sub|94  ; |lamp|northwest:inst1|yellow:inst2|74161:inst|f74161:sub|94  ; out0             ;
; |lamp|northwest:inst1|yellow:inst2|74161:inst|f74161:sub|99  ; |lamp|northwest:inst1|yellow:inst2|74161:inst|f74161:sub|99  ; regout           ;
; |lamp|northwest:inst1|yellow:inst2|74161:inst|f74161:sub|98  ; |lamp|northwest:inst1|yellow:inst2|74161:inst|f74161:sub|98  ; out0             ;
; |lamp|northwest:inst1|yellow:inst2|74161:inst|f74161:sub|97  ; |lamp|northwest:inst1|yellow:inst2|74161:inst|f74161:sub|97  ; out0             ;
; |lamp|northwest:inst1|yellow:inst2|74161:inst|f74161:sub|96  ; |lamp|northwest:inst1|yellow:inst2|74161:inst|f74161:sub|96  ; out0             ;
; |lamp|northwest:inst1|yellow:inst2|74161:inst|f74161:sub|84  ; |lamp|northwest:inst1|yellow:inst2|74161:inst|f74161:sub|84  ; out0             ;
; |lamp|northwest:inst1|yellow:inst2|74161:inst|f74161:sub|87  ; |lamp|northwest:inst1|yellow:inst2|74161:inst|f74161:sub|87  ; regout           ;
; |lamp|northwest:inst1|yellow:inst2|74161:inst|f74161:sub|86  ; |lamp|northwest:inst1|yellow:inst2|74161:inst|f74161:sub|86  ; out0             ;
; |lamp|northwest:inst1|yellow:inst2|74161:inst|f74161:sub|90  ; |lamp|northwest:inst1|yellow:inst2|74161:inst|f74161:sub|90  ; out0             ;
; |lamp|northwest:inst1|yellow:inst2|74161:inst|f74161:sub|89  ; |lamp|northwest:inst1|yellow:inst2|74161:inst|f74161:sub|89  ; out0             ;
; |lamp|northwest:inst1|yellow:inst2|74161:inst|f74161:sub|80  ; |lamp|northwest:inst1|yellow:inst2|74161:inst|f74161:sub|80  ; out0             ;
; |lamp|northwest:inst1|yellow:inst2|74161:inst|f74161:sub|9   ; |lamp|northwest:inst1|yellow:inst2|74161:inst|f74161:sub|9   ; regout           ;
; |lamp|northwest:inst1|yellow:inst2|74161:inst|f74161:sub|77  ; |lamp|northwest:inst1|yellow:inst2|74161:inst|f74161:sub|77  ; out0             ;
; |lamp|northwest:inst1|yellow:inst2|74161:inst|f74161:sub|78  ; |lamp|northwest:inst1|yellow:inst2|74161:inst|f74161:sub|78  ; out0             ;
; |lamp|northwest:inst1|yellow:inst2|74161:inst|f74161:sub|79  ; |lamp|northwest:inst1|yellow:inst2|74161:inst|f74161:sub|79  ; out0             ;
; |lamp|northwest:inst1|74153:inst7|1                          ; |lamp|northwest:inst1|74153:inst7|1                          ; out0             ;
; |lamp|northwest:inst1|74153:inst7|2                          ; |lamp|northwest:inst1|74153:inst7|2                          ; out0             ;
; |lamp|northwest:inst1|74153:inst7|4                          ; |lamp|northwest:inst1|74153:inst7|4                          ; out0             ;
; |lamp|northwest:inst1|74153:inst7|5                          ; |lamp|northwest:inst1|74153:inst7|5                          ; out0             ;
; |lamp|northwest:inst1|74153:inst7|6                          ; |lamp|northwest:inst1|74153:inst7|6                          ; out0             ;
; |lamp|northwest:inst1|74153:inst7|8                          ; |lamp|northwest:inst1|74153:inst7|8                          ; out0             ;
; |lamp|southeast:inst|inst19                                  ; |lamp|southeast:inst|inst19                                  ; out0             ;
; |lamp|southeast:inst|inst16                                  ; |lamp|southeast:inst|inst16                                  ; out0             ;
; |lamp|southeast:inst|inst15                                  ; |lamp|southeast:inst|inst15                                  ; out0             ;
; |lamp|southeast:inst|inst4                                   ; |lamp|southeast:inst|inst4                                   ; out0             ;
; |lamp|southeast:inst|74153:inst10|4                          ; |lamp|southeast:inst|74153:inst10|4                          ; out0             ;
; |lamp|southeast:inst|74153:inst9|4                           ; |lamp|southeast:inst|74153:inst9|4                           ; out0             ;
; |lamp|southeast:inst|74153:inst9|8                           ; |lamp|southeast:inst|74153:inst9|8                           ; out0             ;
; |lamp|southeast:inst|74153:inst8|4                           ; |lamp|southeast:inst|74153:inst8|4                           ; out0             ;
; |lamp|southeast:inst|74153:inst8|8                           ; |lamp|southeast:inst|74153:inst8|8                           ; out0             ;
; |lamp|southeast:inst|red:inst3|74161:inst1|f74161:sub|99     ; |lamp|southeast:inst|red:inst3|74161:inst1|f74161:sub|99     ; regout           ;
; |lamp|southeast:inst|red:inst3|74161:inst|f74161:sub|79      ; |lamp|southeast:inst|red:inst3|74161:inst|f74161:sub|79      ; out0             ;
; |lamp|southeast:inst|red:inst3|74161:inst|f74161:sub|82      ; |lamp|southeast:inst|red:inst3|74161:inst|f74161:sub|82      ; out0             ;
; |lamp|southeast:inst|control:inst|inst3                      ; |lamp|southeast:inst|control:inst|inst3                      ; out0             ;
; |lamp|southeast:inst|control:inst|74161:inst|f74161:sub|87   ; |lamp|southeast:inst|control:inst|74161:inst|f74161:sub|87   ; regout           ;
; |lamp|southeast:inst|74153:inst7|4                           ; |lamp|southeast:inst|74153:inst7|4                           ; out0             ;
; |lamp|southeast:inst|74153:inst7|8                           ; |lamp|southeast:inst|74153:inst7|8                           ; out0             ;
+--------------------------------------------------------------+--------------------------------------------------------------+------------------+


+---------------------+
; Simulator INI Usage ;
+--------+------------+
; Option ; Usage      ;
+--------+------------+


+--------------------+
; Simulator Messages ;
+--------------------+
Info: *******************************************************************
Info: Running Quartus II Simulator
    Info: Version 9.1 Build 350 03/24/2010 Service Pack 2 SJ Web Edition
    Info: Processing started: Tue May 28 03:06:11 2024
Info: Command: quartus_sim --read_settings_files=on --write_settings_files=off lamp -c lamp
Info: Using vector source file "C:/Users/lenovo/Desktop/lamp/lamp.vwf"
Info: Overwriting simulation input file with simulation results
    Info: A backup of lamp.vwf called lamp.sim_ori.vwf has been created in the db folder
Info: Option to preserve fewer signal transitions to reduce memory requirements is enabled
    Info: Simulation has been partitioned into sub-simulations according to the maximum transition count determined by the engine. Transitions from memory will be flushed out to disk at the end of each sub-simulation to reduce memory requirements.
Info: Simulation partitioned into 1 sub-simulations
Info: Simulation coverage is      62.85 %
Info: Number of transitions in simulation is 7274
Info: Vector file lamp.vwf is saved in VWF text format. You can compress it into CVWF format in order to reduce file size. For more details please refer to the Quartus II Help.
Info: Quartus II Simulator was successful. 0 errors, 0 warnings
    Info: Peak virtual memory: 173 megabytes
    Info: Processing ended: Tue May 28 03:06:11 2024
    Info: Elapsed time: 00:00:00
    Info: Total CPU time (on all processors): 00:00:00


